Archive member included to satisfy reference by file (symbol)

C:/ST/STM32CubeIDE_1.14.1/STM32CubeIDE/plugins/com.st.stm32cube.ide.mcu.externaltools.gnu-tools-for-stm32.11.3.rel1.win32_1.1.100.202309141235/tools/bin/../lib/gcc/arm-none-eabi/11.3.1/../../../../arm-none-eabi/lib/thumb/v7e-m+fp/hard\libc_nano.a(libc_a-atof.o)
                              ./Drivers/WIFI/Wifi.o (atof)
C:/ST/STM32CubeIDE_1.14.1/STM32CubeIDE/plugins/com.st.stm32cube.ide.mcu.externaltools.gnu-tools-for-stm32.11.3.rel1.win32_1.1.100.202309141235/tools/bin/../lib/gcc/arm-none-eabi/11.3.1/../../../../arm-none-eabi/lib/thumb/v7e-m+fp/hard\libc_nano.a(libc_a-atoi.o)
                              ./Drivers/Communication/communication.o (atoi)
C:/ST/STM32CubeIDE_1.14.1/STM32CubeIDE/plugins/com.st.stm32cube.ide.mcu.externaltools.gnu-tools-for-stm32.11.3.rel1.win32_1.1.100.202309141235/tools/bin/../lib/gcc/arm-none-eabi/11.3.1/../../../../arm-none-eabi/lib/thumb/v7e-m+fp/hard\libc_nano.a(libc_a-exit.o)
                              C:/ST/STM32CubeIDE_1.14.1/STM32CubeIDE/plugins/com.st.stm32cube.ide.mcu.externaltools.gnu-tools-for-stm32.11.3.rel1.win32_1.1.100.202309141235/tools/bin/../lib/gcc/arm-none-eabi/11.3.1/../../../../arm-none-eabi/lib/thumb/v7e-m+fp/hard/crt0.o (exit)
C:/ST/STM32CubeIDE_1.14.1/STM32CubeIDE/plugins/com.st.stm32cube.ide.mcu.externaltools.gnu-tools-for-stm32.11.3.rel1.win32_1.1.100.202309141235/tools/bin/../lib/gcc/arm-none-eabi/11.3.1/../../../../arm-none-eabi/lib/thumb/v7e-m+fp/hard\libc_nano.a(libc_a-malloc.o)
                              ./Drivers/Communication/communication.o (malloc)
C:/ST/STM32CubeIDE_1.14.1/STM32CubeIDE/plugins/com.st.stm32cube.ide.mcu.externaltools.gnu-tools-for-stm32.11.3.rel1.win32_1.1.100.202309141235/tools/bin/../lib/gcc/arm-none-eabi/11.3.1/../../../../arm-none-eabi/lib/thumb/v7e-m+fp/hard\libc_nano.a(libc_a-mallocr.o)
                              C:/ST/STM32CubeIDE_1.14.1/STM32CubeIDE/plugins/com.st.stm32cube.ide.mcu.externaltools.gnu-tools-for-stm32.11.3.rel1.win32_1.1.100.202309141235/tools/bin/../lib/gcc/arm-none-eabi/11.3.1/../../../../arm-none-eabi/lib/thumb/v7e-m+fp/hard\libc_nano.a(libc_a-malloc.o) (_malloc_r)
C:/ST/STM32CubeIDE_1.14.1/STM32CubeIDE/plugins/com.st.stm32cube.ide.mcu.externaltools.gnu-tools-for-stm32.11.3.rel1.win32_1.1.100.202309141235/tools/bin/../lib/gcc/arm-none-eabi/11.3.1/../../../../arm-none-eabi/lib/thumb/v7e-m+fp/hard\libc_nano.a(libc_a-mlock.o)
                              C:/ST/STM32CubeIDE_1.14.1/STM32CubeIDE/plugins/com.st.stm32cube.ide.mcu.externaltools.gnu-tools-for-stm32.11.3.rel1.win32_1.1.100.202309141235/tools/bin/../lib/gcc/arm-none-eabi/11.3.1/../../../../arm-none-eabi/lib/thumb/v7e-m+fp/hard\libc_nano.a(libc_a-mallocr.o) (__malloc_lock)
C:/ST/STM32CubeIDE_1.14.1/STM32CubeIDE/plugins/com.st.stm32cube.ide.mcu.externaltools.gnu-tools-for-stm32.11.3.rel1.win32_1.1.100.202309141235/tools/bin/../lib/gcc/arm-none-eabi/11.3.1/../../../../arm-none-eabi/lib/thumb/v7e-m+fp/hard\libc_nano.a(libc_a-strtod.o)
                              C:/ST/STM32CubeIDE_1.14.1/STM32CubeIDE/plugins/com.st.stm32cube.ide.mcu.externaltools.gnu-tools-for-stm32.11.3.rel1.win32_1.1.100.202309141235/tools/bin/../lib/gcc/arm-none-eabi/11.3.1/../../../../arm-none-eabi/lib/thumb/v7e-m+fp/hard\libc_nano.a(libc_a-atof.o) (strtod)
C:/ST/STM32CubeIDE_1.14.1/STM32CubeIDE/plugins/com.st.stm32cube.ide.mcu.externaltools.gnu-tools-for-stm32.11.3.rel1.win32_1.1.100.202309141235/tools/bin/../lib/gcc/arm-none-eabi/11.3.1/../../../../arm-none-eabi/lib/thumb/v7e-m+fp/hard\libc_nano.a(libc_a-strtol.o)
                              C:/ST/STM32CubeIDE_1.14.1/STM32CubeIDE/plugins/com.st.stm32cube.ide.mcu.externaltools.gnu-tools-for-stm32.11.3.rel1.win32_1.1.100.202309141235/tools/bin/../lib/gcc/arm-none-eabi/11.3.1/../../../../arm-none-eabi/lib/thumb/v7e-m+fp/hard\libc_nano.a(libc_a-atoi.o) (_strtol_r)
C:/ST/STM32CubeIDE_1.14.1/STM32CubeIDE/plugins/com.st.stm32cube.ide.mcu.externaltools.gnu-tools-for-stm32.11.3.rel1.win32_1.1.100.202309141235/tools/bin/../lib/gcc/arm-none-eabi/11.3.1/../../../../arm-none-eabi/lib/thumb/v7e-m+fp/hard\libc_nano.a(libc_a-ctype_.o)
                              C:/ST/STM32CubeIDE_1.14.1/STM32CubeIDE/plugins/com.st.stm32cube.ide.mcu.externaltools.gnu-tools-for-stm32.11.3.rel1.win32_1.1.100.202309141235/tools/bin/../lib/gcc/arm-none-eabi/11.3.1/../../../../arm-none-eabi/lib/thumb/v7e-m+fp/hard\libc_nano.a(libc_a-strtol.o) (_ctype_)
C:/ST/STM32CubeIDE_1.14.1/STM32CubeIDE/plugins/com.st.stm32cube.ide.mcu.externaltools.gnu-tools-for-stm32.11.3.rel1.win32_1.1.100.202309141235/tools/bin/../lib/gcc/arm-none-eabi/11.3.1/../../../../arm-none-eabi/lib/thumb/v7e-m+fp/hard\libc_nano.a(libc_a-nano-vfprintf_float.o)
                              (_printf_float)
[...]
Memory Configuration

Name             Origin             Length             Attributes
RAM              0x0000000020000000 0x0000000000018000 xrw
RAM2             0x0000000010000000 0x0000000000008000 xrw
FLASH            0x0000000008000000 0x0000000000100000 xr
*default*        0x0000000000000000 0xffffffffffffffff

Linker script and memory map

LOAD C:/ST/STM32CubeIDE_1.14.1/STM32CubeIDE/plugins/com.st.stm32cube.ide.mcu.externaltools.gnu-tools-for-stm32.11.3.rel1.win32_1.1.100.202309141235/tools/bin/../lib/gcc/arm-none-eabi/11.3.1/thumb/v7e-m+fp/hard/crti.o
LOAD C:/ST/STM32CubeIDE_1.14.1/STM32CubeIDE/plugins/com.st.stm32cube.ide.mcu.externaltools.gnu-tools-for-stm32.11.3.rel1.win32_1.1.100.202309141235/tools/bin/../lib/gcc/arm-none-eabi/11.3.1/thumb/v7e-m+fp/hard/crtbegin.o
LOAD C:/ST/STM32CubeIDE_1.14.1/STM32CubeIDE/plugins/com.st.stm32cube.ide.mcu.externaltools.gnu-tools-for-stm32.11.3.rel1.win32_1.1.100.202309141235/tools/bin/../lib/gcc/arm-none-eabi/11.3.1/../../../../arm-none-eabi/lib/thumb/v7e-m+fp/hard/crt0.o
LOAD ./Core/Src/freertos.o
LOAD ./Core/Src/main.o
LOAD ./Core/Src/stm32l4xx_hal_msp.o
LOAD ./Core/Src/stm32l4xx_it.o
LOAD ./Core/Src/syscalls.o
LOAD ./Core/Src/sysmem.o
LOAD ./Core/Src/system_stm32l4xx.o
LOAD ./Core/Startup/startup_stm32l476rgtx.o
LOAD ./Drivers/Communication/communication.o
LOAD ./Drivers/Device/device.o
LOAD ./Drivers/Display/DEV_Config.o
LOAD ./Drivers/Display/EPD_7in5_V2.o
LOAD ./Drivers/Display/GUI_Paint.o
LOAD ./Drivers/Display/skins.o
LOAD ./Drivers/EEPROM/ee.o
LOAD ./Drivers/STM32L4xx_HAL_Driver/Src/stm32l4xx_hal.o
LOAD ./Drivers/STM32L4xx_HAL_Driver/Src/stm32l4xx_hal_adc.o
LOAD ./Drivers/STM32L4xx_HAL_Driver/Src/stm32l4xx_hal_adc_ex.o
LOAD ./Drivers/STM32L4xx_HAL_Driver/Src/stm32l4xx_hal_cortex.o
LOAD ./Drivers/STM32L4xx_HAL_Driver/Src/stm32l4xx_hal_dma.o
LOAD ./Drivers/STM32L4xx_HAL_Driver/Src/stm32l4xx_hal_dma_ex.o
LOAD ./Drivers/STM32L4xx_HAL_Driver/Src/stm32l4xx_hal_exti.o
LOAD ./Drivers/STM32L4xx_HAL_Driver/Src/stm32l4xx_hal_flash.o
LOAD ./Drivers/STM32L4xx_HAL_Driver/Src/stm32l4xx_hal_flash_ex.o
LOAD ./Drivers/STM32L4xx_HAL_Driver/Src/stm32l4xx_hal_flash_ramfunc.o
LOAD ./Drivers/STM32L4xx_HAL_Driver/Src/stm32l4xx_hal_gpio.o
LOAD ./Drivers/STM32L4xx_HAL_Driver/Src/stm32l4xx_hal_i2c.o
LOAD ./Drivers/STM32L4xx_HAL_Driver/Src/stm32l4xx_hal_i2c_ex.o
LOAD ./Drivers/STM32L4xx_HAL_Driver/Src/stm32l4xx_hal_pwr.o
LOAD ./Drivers/STM32L4xx_HAL_Driver/Src/stm32l4xx_hal_pwr_ex.o
LOAD ./Drivers/STM32L4xx_HAL_Driver/Src/stm32l4xx_hal_rcc.o
LOAD ./Drivers/STM32L4xx_HAL_Driver/Src/stm32l4xx_hal_rcc_ex.o
LOAD ./Drivers/STM32L4xx_HAL_Driver/Src/stm32l4xx_hal_rtc.o
LOAD ./Drivers/STM32L4xx_HAL_Driver/Src/stm32l4xx_hal_rtc_ex.o
LOAD ./Drivers/STM32L4xx_HAL_Driver/Src/stm32l4xx_hal_spi.o
LOAD ./Drivers/STM32L4xx_HAL_Driver/Src/stm32l4xx_hal_spi_ex.o
LOAD ./Drivers/STM32L4xx_HAL_Driver/Src/stm32l4xx_hal_tim.o
LOAD ./Drivers/STM32L4xx_HAL_Driver/Src/stm32l4xx_hal_tim_ex.o
LOAD ./Drivers/STM32L4xx_HAL_Driver/Src/stm32l4xx_hal_uart.o
LOAD ./Drivers/STM32L4xx_HAL_Driver/Src/stm32l4xx_hal_uart_ex.o
LOAD ./Drivers/WIFI/Wifi.o
LOAD ./Drivers/WLAN_Web/WLAN_Web.o
LOAD ./Fonts/font12.o
LOAD ./Fonts/font12CN.o
LOAD ./Fonts/font16.o
LOAD ./Fonts/font20.o
LOAD ./Fonts/font24.o
LOAD ./Fonts/font24CN.o
LOAD ./Fonts/font8.o
LOAD ./Fonts/font_lucida_12.o
LOAD ./Fonts/font_lucida_18.o
LOAD ./Fonts/font_lucida_18b.o
LOAD ./Fonts/font_lucida_24b.o
LOAD ./Fonts/font_lucida_30b.o
LOAD ./Fonts/font_lucida_80b.o
LOAD ./Middlewares/Third_Party/FreeRTOS/Source/CMSIS_RTOS/cmsis_os.o
LOAD ./Middlewares/Third_Party/FreeRTOS/Source/croutine.o
LOAD ./Middlewares/Third_Party/FreeRTOS/Source/event_groups.o
LOAD ./Middlewares/Third_Party/FreeRTOS/Source/list.o
LOAD ./Middlewares/Third_Party/FreeRTOS/Source/queue.o
LOAD ./Middlewares/Third_Party/FreeRTOS/Source/stream_buffer.o
LOAD ./Middlewares/Third_Party/FreeRTOS/Source/tasks.o
LOAD ./Middlewares/Third_Party/FreeRTOS/Source/timers.o
LOAD ./Middlewares/Third_Party/FreeRTOS/Source/portable/GCC/ARM_CM4F/port.o
LOAD ./Middlewares/Third_Party/FreeRTOS/Source/portable/MemMang/heap_4.o
START GROUP
LOAD C:/ST/STM32CubeIDE_1.14.1/STM32CubeIDE/plugins/com.st.stm32cube.ide.mcu.externaltools.gnu-tools-for-stm32.11.3.rel1.win32_1.1.100.202309141235/tools/bin/../lib/gcc/arm-none-eabi/11.3.1/../../../../arm-none-eabi/lib/thumb/v7e-m+fp/hard\libc_nano.a
LOAD C:/ST/STM32CubeIDE_1.14.1/STM32CubeIDE/plugins/com.st.stm32cube.ide.mcu.externaltools.gnu-tools-for-stm32.11.3.rel1.win32_1.1.100.202309141235/tools/bin/../lib/gcc/arm-none-eabi/11.3.1/../../../../arm-none-eabi/lib/thumb/v7e-m+fp/hard\libm.a
END GROUP
START GROUP
LOAD C:/ST/STM32CubeIDE_1.14.1/STM32CubeIDE/plugins/com.st.stm32cube.ide.mcu.externaltools.gnu-tools-for-stm32.11.3.rel1.win32_1.1.100.202309141235/tools/bin/../lib/gcc/arm-none-eabi/11.3.1/thumb/v7e-m+fp/hard\libgcc.a
LOAD C:/ST/STM32CubeIDE_1.14.1/STM32CubeIDE/plugins/com.st.stm32cube.ide.mcu.externaltools.gnu-tools-for-stm32.11.3.rel1.win32_1.1.100.202309141235/tools/bin/../lib/gcc/arm-none-eabi/11.3.1/../../../../arm-none-eabi/lib/thumb/v7e-m+fp/hard\libc_nano.a
END GROUP
START GROUP
LOAD C:/ST/STM32CubeIDE_1.14.1/STM32CubeIDE/plugins/com.st.stm32cube.ide.mcu.externaltools.gnu-tools-for-stm32.11.3.rel1.win32_1.1.100.202309141235/tools/bin/../lib/gcc/arm-none-eabi/11.3.1/thumb/v7e-m+fp/hard\libgcc.a
LOAD C:/ST/STM32CubeIDE_1.14.1/STM32CubeIDE/plugins/com.st.stm32cube.ide.mcu.externaltools.gnu-tools-for-stm32.11.3.rel1.win32_1.1.100.202309141235/tools/bin/../lib/gcc/arm-none-eabi/11.3.1/../../../../arm-none-eabi/lib/thumb/v7e-m+fp/hard\libc_nano.a
LOAD C:/ST/STM32CubeIDE_1.14.1/STM32CubeIDE/plugins/com.st.stm32cube.ide.mcu.externaltools.gnu-tools-for-stm32.11.3.rel1.win32_1.1.100.202309141235/tools/bin/../lib/gcc/arm-none-eabi/11.3.1/../../../../arm-none-eabi/lib/thumb/v7e-m+fp/hard\libnosys.a
END GROUP
START GROUP
LOAD C:/ST/STM32CubeIDE_1.14.1/STM32CubeIDE/plugins/com.st.stm32cube.ide.mcu.externaltools.gnu-tools-for-stm32.11.3.rel1.win32_1.1.100.202309141235/tools/bin/../lib/gcc/arm-none-eabi/11.3.1/thumb/v7e-m+fp/hard\libgcc.a
LOAD C:/ST/STM32CubeIDE_1.14.1/STM32CubeIDE/plugins/com.st.stm32cube.ide.mcu.externaltools.gnu-tools-for-stm32.11.3.rel1.win32_1.1.100.202309141235/tools/bin/../lib/gcc/arm-none-eabi/11.3.1/../../../../arm-none-eabi/lib/thumb/v7e-m+fp/hard\libc_nano.a
LOAD C:/ST/STM32CubeIDE_1.14.1/STM32CubeIDE/plugins/com.st.stm32cube.ide.mcu.externaltools.gnu-tools-for-stm32.11.3.rel1.win32_1.1.100.202309141235/tools/bin/../lib/gcc/arm-none-eabi/11.3.1/../../../../arm-none-eabi/lib/thumb/v7e-m+fp/hard\libnosys.a
END GROUP
LOAD C:/ST/STM32CubeIDE_1.14.1/STM32CubeIDE/plugins/com.st.stm32cube.ide.mcu.externaltools.gnu-tools-for-stm32.11.3.rel1.win32_1.1.100.202309141235/tools/bin/../lib/gcc/arm-none-eabi/11.3.1/thumb/v7e-m+fp/hard/crtend.o
LOAD C:/ST/STM32CubeIDE_1.14.1/STM32CubeIDE/plugins/com.st.stm32cube.ide.mcu.externaltools.gnu-tools-for-stm32.11.3.rel1.win32_1.1.100.202309141235/tools/bin/../lib/gcc/arm-none-eabi/11.3.1/thumb/v7e-m+fp/hard/crtn.o
                0x0000000020018000                _estack = (ORIGIN (RAM) + LENGTH (RAM))
                0x0000000000000200                _Min_Heap_Size = 0x200
                0x0000000000000400                _Min_Stack_Size = 0x400

.isr_vector     0x0000000008000000      0x188
                0x0000000008000000                . = ALIGN (0x4)
 *(.isr_vector)
 .isr_vector    0x0000000008000000      0x188 ./Core/Startup/startup_stm32l476rgtx.o
                0x0000000008000000                g_pfnVectors
                0x0000000008000188                . = ALIGN (0x4)

.text           0x0000000008000190    0x14040
                0x0000000008000190                . = ALIGN (0x4)
 *(.text)
 .text          0x0000000008000190       0x40 C:/ST/STM32CubeIDE_1.14.1/STM32CubeIDE/plugins/com.st.stm32cube.ide.mcu.externaltools.gnu-tools-for-stm32.11.3.rel1.win32_1.1.100.202309141235/tools/bin/../lib/gcc/arm-none-eabi/11.3.1/thumb/v7e-m+fp/hard/crtbegin.o
 .text          0x00000000080001d0       0xa0 C:/ST/STM32CubeIDE_1.14.1/STM32CubeIDE/plugins/com.st.stm32cube.ide.mcu.externaltools.gnu-tools-for-stm32.11.3.rel1.win32_1.1.100.202309141235/tools/bin/../lib/gcc/arm-none-eabi/11.3.1/../../../../arm-none-eabi/lib/thumb/v7e-m+fp/hard\libc_nano.a(libc_a-memchr.o)
                0x00000000080001d0                memchr
 .text          0x0000000008000270       0x10 C:/ST/STM32CubeIDE_1.14.1/STM32CubeIDE/plugins/com.st.stm32cube.ide.mcu.externaltools.gnu-tools-for-stm32.11.3.rel1.win32_1.1.100.202309141235/tools/bin/../lib/gcc/arm-none-eabi/11.3.1/../../../../arm-none-eabi/lib/thumb/v7e-m+fp/hard\libc_nano.a(libc_a-strlen.o)
                0x0000000008000270                strlen
 .text          0x0000000008000280      0x378 C:/ST/STM32CubeIDE_1.14.1/STM32CubeIDE/plugins/com.st.stm32cube.ide.mcu.externaltools.gnu-tools-for-stm32.11.3.rel1.win32_1.1.100.202309141235/tools/bin/../lib/gcc/arm-none-eabi/11.3.1/thumb/v7e-m+fp/hard\libgcc.a(_arm_addsubdf3.o)
                0x0000000008000280                __aeabi_drsub
                0x0000000008000288                __aeabi_dsub
                0x0000000008000288                __subdf3
                0x000000000800028c                __aeabi_dadd
                0x000000000800028c                __adddf3
                0x0000000008000504                __floatunsidf
                0x0000000008000504                __aeabi_ui2d
                0x0000000008000524                __floatsidf
                0x0000000008000524                __aeabi_i2d
                0x0000000008000548                __aeabi_f2d
                0x0000000008000548                __extendsfdf2
                0x000000000800058c                __floatundidf
                0x000000000800058c                __aeabi_ul2d
                0x000000000800059c                __floatdidf
                0x000000000800059c                __aeabi_l2d
 .text          0x00000000080005f8      0x424 C:/ST/STM32CubeIDE_1.14.1/STM32CubeIDE/plugins/com.st.stm32cube.ide.mcu.externaltools.gnu-tools-for-stm32.11.3.rel1.win32_1.1.100.202309141235/tools/bin/../lib/gcc/arm-none-eabi/11.3.1/thumb/v7e-m+fp/hard\libgcc.a(_arm_muldivdf3.o)
                0x00000000080005f8                __aeabi_dmul
                0x00000000080005f8                __muldf3
                0x000000000800084c                __divdf3
                0x000000000800084c                __aeabi_ddiv
 .text          0x0000000008000a1c      0x110 C:/ST/STM32CubeIDE_1.14.1/STM32CubeIDE/plugins/com.st.stm32cube.ide.mcu.externaltools.gnu-tools-for-stm32.11.3.rel1.win32_1.1.100.202309141235/tools/bin/../lib/gcc/arm-none-eabi/11.3.1/thumb/v7e-m+fp/hard\libgcc.a(_arm_cmpdf2.o)
                0x0000000008000a1c                __gtdf2
                0x0000000008000a1c                __gedf2
                0x0000000008000a24                __ltdf2
                0x0000000008000a24                __ledf2
                0x0000000008000a2c                __nedf2
                0x0000000008000a2c                __eqdf2
                0x0000000008000a2c                __cmpdf2
                0x0000000008000aa8                __aeabi_cdrcmple
                0x0000000008000ab8                __aeabi_cdcmpeq
                0x0000000008000ab8                __aeabi_cdcmple
                0x0000000008000ac8                __aeabi_dcmpeq
                0x0000000008000adc                __aeabi_dcmplt
                0x0000000008000af0                __aeabi_dcmple
                0x0000000008000b04                __aeabi_dcmpge
                0x0000000008000b18                __aeabi_dcmpgt
 .text          0x0000000008000b2c       0x2c C:/ST/STM32CubeIDE_1.14.1/STM32CubeIDE/plugins/com.st.stm32cube.ide.mcu.externaltools.gnu-tools-for-stm32.11.3.rel1.win32_1.1.100.202309141235/tools/bin/../lib/gcc/arm-none-eabi/11.3.1/thumb/v7e-m+fp/hard\libgcc.a(_arm_unorddf2.o)
                0x0000000008000b2c                __unorddf2
                0x0000000008000b2c                __aeabi_dcmpun
 .text          0x0000000008000b58       0x50 C:/ST/STM32CubeIDE_1.14.1/STM32CubeIDE/plugins/com.st.stm32cube.ide.mcu.externaltools.gnu-tools-for-stm32.11.3.rel1.win32_1.1.100.202309141235/tools/bin/../lib/gcc/arm-none-eabi/11.3.1/thumb/v7e-m+fp/hard\libgcc.a(_arm_fixdfsi.o)
                0x0000000008000b58                __aeabi_d2iz
                0x0000000008000b58                __fixdfsi
 .text          0x0000000008000ba8       0x40 C:/ST/STM32CubeIDE_1.14.1/STM32CubeIDE/plugins/com.st.stm32cube.ide.mcu.externaltools.gnu-tools-for-stm32.11.3.rel1.win32_1.1.100.202309141235/tools/bin/../lib/gcc/arm-none-eabi/11.3.1/thumb/v7e-m+fp/hard\libgcc.a(_arm_fixunsdfsi.o)
                0x0000000008000ba8                __aeabi_d2uiz
                0x0000000008000ba8                __fixunsdfsi
 .text          0x0000000008000be8       0x30 C:/ST/STM32CubeIDE_1.14.1/STM32CubeIDE/plugins/com.st.stm32cube.ide.mcu.externaltools.gnu-tools-for-stm32.11.3.rel1.win32_1.1.100.202309141235/tools/bin/../lib/gcc/arm-none-eabi/11.3.1/thumb/v7e-m+fp/hard\libgcc.a(_aeabi_uldivmod.o)
                0x0000000008000be8                __aeabi_uldivmod
 .text          0x0000000008000c18      0x2c8 C:/ST/STM32CubeIDE_1.14.1/STM32CubeIDE/plugins/com.st.stm32cube.ide.mcu.externaltools.gnu-tools-for-stm32.11.3.rel1.win32_1.1.100.202309141235/tools/bin/../lib/gcc/arm-none-eabi/11.3.1/thumb/v7e-m+fp/hard\libgcc.a(_udivmoddi4.o)
                0x0000000008000c18                __udivmoddi4
 .text          0x0000000008000ee0        0x4 C:/ST/STM32CubeIDE_1.14.1/STM32CubeIDE/plugins/com.st.stm32cube.ide.mcu.externaltools.gnu-tools-for-stm32.11.3.rel1.win32_1.1.100.202309141235/tools/bin/../lib/gcc/arm-none-eabi/11.3.1/thumb/v7e-m+fp/hard\libgcc.a(_dvmd_tls.o)
                0x0000000008000ee0                __aeabi_idiv0
                0x0000000008000ee0                __aeabi_ldiv0
 *(.text*)
 .text.vApplicationGetIdleTaskMemory
                0x0000000008000ee4       0x34 ./Core/Src/freertos.o
                0x0000000008000ee4                vApplicationGetIdleTaskMemory
 .text.main     0x0000000008000f18       0x54 ./Core/Src/main.o
                0x0000000008000f18                main
 .text.SystemClock_Config
                0x0000000008000f6c       0xa6 ./Core/Src/main.o
                0x0000000008000f6c                SystemClock_Config
 *fill*         0x0000000008001012        0x2 
 .text.MX_ADC3_Init
                0x0000000008001014       0xc8 ./Core/Src/main.o
 .text.MX_RTC_Init
                0x00000000080010dc       0x50 ./Core/Src/main.o
 .text.MX_SPI2_Init
                0x000000000800112c       0x7c ./Core/Src/main.o
 .text.MX_TIM2_Init
                0x00000000080011a8       0x9c ./Core/Src/main.o
 .text.MX_TIM5_Init
                0x0000000008001244       0xb8 ./Core/Src/main.o
 .text.MX_USART3_UART_Init
                0x00000000080012fc       0x60 ./Core/Src/main.o
 .text.MX_GPIO_Init
                0x000000000800135c      0x188 ./Core/Src/main.o
 .text.HAL_GPIO_EXTI_Callback
                0x00000000080014e4       0x16 ./Core/Src/main.o
                0x00000000080014e4                HAL_GPIO_EXTI_Callback
 .text.HAL_RTCEx_WakeUpTimerEventCallback
                0x00000000080014fa       0x24 ./Core/Src/main.o
                0x00000000080014fa                HAL_RTCEx_WakeUpTimerEventCallback
 *fill*         0x000000000800151e        0x2 
 .text.u16BatteryVoltage
                0x0000000008001520       0xe8 ./Core/Src/main.o
                0x0000000008001520                u16BatteryVoltage
 .text.Error_Handler
                0x0000000008001608        0xa ./Core/Src/main.o
                0x0000000008001608                Error_Handler
 *fill*         0x0000000008001612        0x2 
 .text.HAL_MspInit
                0x0000000008001614       0x50 ./Core/Src/stm32l4xx_hal_msp.o
                0x0000000008001614                HAL_MspInit
 .text.HAL_ADC_MspInit
                0x0000000008001664       0xd4 ./Core/Src/stm32l4xx_hal_msp.o
                0x0000000008001664                HAL_ADC_MspInit
 .text.HAL_RTC_MspInit
                0x0000000008001738       0x74 ./Core/Src/stm32l4xx_hal_msp.o
                0x0000000008001738                HAL_RTC_MspInit
 .text.HAL_SPI_MspInit
                0x00000000080017ac       0xc4 ./Core/Src/stm32l4xx_hal_msp.o
                0x00000000080017ac                HAL_SPI_MspInit
 .text.HAL_TIM_Base_MspInit
                0x0000000008001870       0x48 ./Core/Src/stm32l4xx_hal_msp.o
                0x0000000008001870                HAL_TIM_Base_MspInit
 .text.HAL_TIM_PWM_MspInit
                0x00000000080018b8       0x40 ./Core/Src/stm32l4xx_hal_msp.o
                0x00000000080018b8                HAL_TIM_PWM_MspInit
 .text.HAL_TIM_MspPostInit
                0x00000000080018f8       0x6c ./Core/Src/stm32l4xx_hal_msp.o
                0x00000000080018f8                HAL_TIM_MspPostInit
 .text.HAL_UART_MspInit
                0x0000000008001964       0xcc ./Core/Src/stm32l4xx_hal_msp.o
                0x0000000008001964                HAL_UART_MspInit
 .text.NMI_Handler
                0x0000000008001a30        0x6 ./Core/Src/stm32l4xx_it.o
                0x0000000008001a30                NMI_Handler
 .text.HardFault_Handler
                0x0000000008001a36        0x6 ./Core/Src/stm32l4xx_it.o
                0x0000000008001a36                HardFault_Handler
 .text.MemManage_Handler
                0x0000000008001a3c        0x6 ./Core/Src/stm32l4xx_it.o
                0x0000000008001a3c                MemManage_Handler
 .text.BusFault_Handler
                0x0000000008001a42        0x6 ./Core/Src/stm32l4xx_it.o
                0x0000000008001a42                BusFault_Handler
 .text.UsageFault_Handler
                0x0000000008001a48        0x6 ./Core/Src/stm32l4xx_it.o
                0x0000000008001a48                UsageFault_Handler
 .text.DebugMon_Handler
                0x0000000008001a4e        0xe ./Core/Src/stm32l4xx_it.o
                0x0000000008001a4e                DebugMon_Handler
 .text.SysTick_Handler
                0x0000000008001a5c       0x1a ./Core/Src/stm32l4xx_it.o
                0x0000000008001a5c                SysTick_Handler
 *fill*         0x0000000008001a76        0x2 
 .text.RTC_WKUP_IRQHandler
                0x0000000008001a78       0x14 ./Core/Src/stm32l4xx_it.o
                0x0000000008001a78                RTC_WKUP_IRQHandler
 .text.TIM2_IRQHandler
                0x0000000008001a8c       0x1c ./Core/Src/stm32l4xx_it.o
                0x0000000008001a8c                TIM2_IRQHandler
 .text.USART3_IRQHandler
                0x0000000008001aa8       0x14 ./Core/Src/stm32l4xx_it.o
                0x0000000008001aa8                USART3_IRQHandler
 .text.EXTI15_10_IRQHandler
                0x0000000008001abc       0x10 ./Core/Src/stm32l4xx_it.o
                0x0000000008001abc                EXTI15_10_IRQHandler
 .text._getpid  0x0000000008001acc       0x10 ./Core/Src/syscalls.o
                0x0000000008001acc                _getpid
 .text._kill    0x0000000008001adc       0x20 ./Core/Src/syscalls.o
                0x0000000008001adc                _kill
 .text._exit    0x0000000008001afc       0x14 ./Core/Src/syscalls.o
                0x0000000008001afc                _exit
 .text._read    0x0000000008001b10       0x3a ./Core/Src/syscalls.o
                0x0000000008001b10                _read
 .text._write   0x0000000008001b4a       0x38 ./Core/Src/syscalls.o
                0x0000000008001b4a                _write
 .text._close   0x0000000008001b82       0x18 ./Core/Src/syscalls.o
                0x0000000008001b82                _close
 .text._fstat   0x0000000008001b9a       0x20 ./Core/Src/syscalls.o
                0x0000000008001b9a                _fstat
 .text._isatty  0x0000000008001bba       0x16 ./Core/Src/syscalls.o
                0x0000000008001bba                _isatty
 .text._lseek   0x0000000008001bd0       0x1a ./Core/Src/syscalls.o
                0x0000000008001bd0                _lseek
 *fill*         0x0000000008001bea        0x2 
 .text._sbrk    0x0000000008001bec       0x6c ./Core/Src/sysmem.o
                0x0000000008001bec                _sbrk
 .text.SystemInit
                0x0000000008001c58       0x24 ./Core/Src/system_stm32l4xx.o
                0x0000000008001c58                SystemInit
 .text.Reset_Handler
                0x0000000008001c7c       0x50 ./Core/Startup/startup_stm32l476rgtx.o
                0x0000000008001c7c                Reset_Handler
 .text.Default_Handler
                0x0000000008001ccc        0x2 ./Core/Startup/startup_stm32l476rgtx.o
                0x0000000008001ccc                RTC_Alarm_IRQHandler
                0x0000000008001ccc                EXTI2_IRQHandler
                0x0000000008001ccc                TIM8_TRG_COM_IRQHandler
                0x0000000008001ccc                TIM8_CC_IRQHandler
                0x0000000008001ccc                TIM1_CC_IRQHandler
                0x0000000008001ccc                TSC_IRQHandler
                0x0000000008001ccc                TAMP_STAMP_IRQHandler
                0x0000000008001ccc                EXTI3_IRQHandler
                0x0000000008001ccc                LPTIM2_IRQHandler
                0x0000000008001ccc                DFSDM1_FLT1_IRQHandler
                0x0000000008001ccc                I2C3_ER_IRQHandler
                0x0000000008001ccc                DFSDM1_FLT2_IRQHandler
                0x0000000008001ccc                EXTI0_IRQHandler
                0x0000000008001ccc                I2C2_EV_IRQHandler
                0x0000000008001ccc                CAN1_RX0_IRQHandler
                0x0000000008001ccc                FPU_IRQHandler
                0x0000000008001ccc                TIM1_UP_TIM16_IRQHandler
                0x0000000008001ccc                ADC1_2_IRQHandler
                0x0000000008001ccc                SPI1_IRQHandler
                0x0000000008001ccc                TIM6_DAC_IRQHandler
                0x0000000008001ccc                TIM8_UP_IRQHandler
                0x0000000008001ccc                DMA2_Channel2_IRQHandler
                0x0000000008001ccc                DMA1_Channel4_IRQHandler
                0x0000000008001ccc                SAI2_IRQHandler
                0x0000000008001ccc                DFSDM1_FLT3_IRQHandler
                0x0000000008001ccc                DMA1_Channel7_IRQHandler
                0x0000000008001ccc                CAN1_RX1_IRQHandler
                0x0000000008001ccc                LCD_IRQHandler
                0x0000000008001ccc                UART5_IRQHandler
                0x0000000008001ccc                ADC3_IRQHandler
                0x0000000008001ccc                TIM4_IRQHandler
                0x0000000008001ccc                DMA2_Channel1_IRQHandler
                0x0000000008001ccc                QUADSPI_IRQHandler
                0x0000000008001ccc                I2C1_EV_IRQHandler
                0x0000000008001ccc                DMA1_Channel6_IRQHandler
                0x0000000008001ccc                UART4_IRQHandler
                0x0000000008001ccc                DMA2_Channel4_IRQHandler
                0x0000000008001ccc                TIM3_IRQHandler
                0x0000000008001ccc                RCC_IRQHandler
                0x0000000008001ccc                DMA1_Channel1_IRQHandler
                0x0000000008001ccc                Default_Handler
                0x0000000008001ccc                DMA2_Channel7_IRQHandler
                0x0000000008001ccc                TIM7_IRQHandler
                0x0000000008001ccc                SDMMC1_IRQHandler
                0x0000000008001ccc                TIM5_IRQHandler
                0x0000000008001ccc                I2C3_EV_IRQHandler
                0x0000000008001ccc                EXTI9_5_IRQHandler
                0x0000000008001ccc                PVD_PVM_IRQHandler
                0x0000000008001ccc                SPI2_IRQHandler
                0x0000000008001ccc                CAN1_TX_IRQHandler
                0x0000000008001ccc                DMA2_Channel5_IRQHandler
                0x0000000008001ccc                DMA1_Channel5_IRQHandler
                0x0000000008001ccc                EXTI4_IRQHandler
                0x0000000008001ccc                RNG_IRQHandler
                0x0000000008001ccc                TIM1_TRG_COM_TIM17_IRQHandler
                0x0000000008001ccc                DMA1_Channel3_IRQHandler
                0x0000000008001ccc                COMP_IRQHandler
                0x0000000008001ccc                WWDG_IRQHandler
                0x0000000008001ccc                LPUART1_IRQHandler
                0x0000000008001ccc                DMA2_Channel6_IRQHandler
                0x0000000008001ccc                EXTI1_IRQHandler
                0x0000000008001ccc                USART2_IRQHandler
                0x0000000008001ccc                DFSDM1_FLT0_IRQHandler
                0x0000000008001ccc                I2C2_ER_IRQHandler
                0x0000000008001ccc                DMA1_Channel2_IRQHandler
                0x0000000008001ccc                TIM8_BRK_IRQHandler
                0x0000000008001ccc                CAN1_SCE_IRQHandler
                0x0000000008001ccc                FLASH_IRQHandler
                0x0000000008001ccc                USART1_IRQHandler
                0x0000000008001ccc                OTG_FS_IRQHandler
                0x0000000008001ccc                SPI3_IRQHandler
                0x0000000008001ccc                I2C1_ER_IRQHandler
                0x0000000008001ccc                FMC_IRQHandler
                0x0000000008001ccc                SWPMI1_IRQHandler
                0x0000000008001ccc                LPTIM1_IRQHandler
                0x0000000008001ccc                SAI1_IRQHandler
                0x0000000008001ccc                DMA2_Channel3_IRQHandler
                0x0000000008001ccc                TIM1_BRK_TIM15_IRQHandler
 .text.jsmn_alloc_token
                0x0000000008001cce       0x50 ./Drivers/Communication/communication.o
 .text.jsmn_fill_token
                0x0000000008001d1e       0x34 ./Drivers/Communication/communication.o
 *fill*         0x0000000008001d52        0x2 
 .text.jsmn_parse_primitive
                0x0000000008001d54      0x110 ./Drivers/Communication/communication.o
 .text.jsmn_parse_string
                0x0000000008001e64      0x1c8 ./Drivers/Communication/communication.o
 .text.jsmn_parse
                0x000000000800202c      0x36c ./Drivers/Communication/communication.o
                0x000000000800202c                jsmn_parse
 .text.jsmn_init
                0x0000000008002398       0x28 ./Drivers/Communication/communication.o
                0x0000000008002398                jsmn_init
 .text.Wifi_UserProcess
                0x00000000080023c0       0xf8 ./Drivers/Communication/communication.o
                0x00000000080023c0                Wifi_UserProcess
 .text.Wifi_UserInit
                0x00000000080024b8       0xe0 ./Drivers/Communication/communication.o
                0x00000000080024b8                Wifi_UserInit
 .text.jsoneq   0x0000000008002598       0x5e ./Drivers/Communication/communication.o
 *fill*         0x00000000080025f6        0x2 
 .text.u8Pull_Request
                0x00000000080025f8       0x78 ./Drivers/Communication/communication.o
                0x00000000080025f8                u8Pull_Request
 .text.u8Use_Data
                0x0000000008002670      0xca0 ./Drivers/Communication/communication.o
                0x0000000008002670                u8Use_Data
 .text.vConfig_Screen
                0x0000000008003310       0x3c ./Drivers/Communication/communication.o
                0x0000000008003310                vConfig_Screen
 .text.vConfig_Done_Screen
                0x000000000800334c       0x4c ./Drivers/Communication/communication.o
                0x000000000800334c                vConfig_Done_Screen
 .text._Standby
                0x0000000008003398       0x4c ./Drivers/Device/device.o
 .text.StandbyStart
                0x00000000080033e4       0xb4 ./Drivers/Device/device.o
                0x00000000080033e4                StandbyStart
 .text.HardwareResetCheck
                0x0000000008003498       0x54 ./Drivers/Device/device.o
                0x0000000008003498                HardwareResetCheck
 .text.StartWlanModule
                0x00000000080034ec       0x84 ./Drivers/Device/device.o
                0x00000000080034ec                StartWlanModule
 .text.Buzzer   0x0000000008003570       0x2c ./Drivers/Device/device.o
                0x0000000008003570                Buzzer
 .text.VirtualEepromInitStatic
                0x000000000800359c      0x128 ./Drivers/Device/device.o
                0x000000000800359c                VirtualEepromInitStatic
 .text.DisplayOutput
                0x00000000080036c4       0x74 ./Drivers/Device/device.o
                0x00000000080036c4                DisplayOutput
 .text.DEV_SPI_WriteByte
                0x0000000008003738       0x24 ./Drivers/Display/DEV_Config.o
                0x0000000008003738                DEV_SPI_WriteByte
 .text.DEV_Module_Init
                0x000000000800375c       0x2c ./Drivers/Display/DEV_Config.o
                0x000000000800375c                DEV_Module_Init
 .text.DEV_Module_Exit
                0x0000000008003788       0x2c ./Drivers/Display/DEV_Config.o
                0x0000000008003788                DEV_Module_Exit
 .text.EPD_Reset
                0x00000000080037b4       0x3c ./Drivers/Display/EPD_7in5_V2.o
 .text.EPD_SendCommand
                0x00000000080037f0       0x3c ./Drivers/Display/EPD_7in5_V2.o
 .text.EPD_SendData
                0x000000000800382c       0x3c ./Drivers/Display/EPD_7in5_V2.o
 .text.EPD_WaitUntilIdle
                0x0000000008003868       0x44 ./Drivers/Display/EPD_7in5_V2.o
 .text.EPD_7IN5_V2_LUT
                0x00000000080038ac       0xd6 ./Drivers/Display/EPD_7in5_V2.o
 .text.EPD_7IN5_V2_TurnOnDisplay
                0x0000000008003982       0x18 ./Drivers/Display/EPD_7in5_V2.o
 *fill*         0x000000000800399a        0x2 
 .text.EPD_7IN5_V2_Init
                0x000000000800399c      0x130 ./Drivers/Display/EPD_7in5_V2.o
                0x000000000800399c                EPD_7IN5_V2_Init
 .text.EPD_7IN5_V2_Display
                0x0000000008003acc       0x68 ./Drivers/Display/EPD_7in5_V2.o
                0x0000000008003acc                EPD_7IN5_V2_Display
 .text.Paint_NewImage
                0x0000000008003b34       0xac ./Drivers/Display/GUI_Paint.o
                0x0000000008003b34                Paint_NewImage
 .text.Paint_SelectImage
                0x0000000008003be0       0x20 ./Drivers/Display/GUI_Paint.o
                0x0000000008003be0                Paint_SelectImage
 .text.Paint_SetPixel
                0x0000000008003c00      0x298 ./Drivers/Display/GUI_Paint.o
                0x0000000008003c00                Paint_SetPixel
 .text.Paint_Clear
                0x0000000008003e98      0x140 ./Drivers/Display/GUI_Paint.o
                0x0000000008003e98                Paint_Clear
 .text.Paint_DrawPoint
                0x0000000008003fd8      0x14c ./Drivers/Display/GUI_Paint.o
                0x0000000008003fd8                Paint_DrawPoint
 .text.Paint_DrawLine
                0x0000000008004124      0x154 ./Drivers/Display/GUI_Paint.o
                0x0000000008004124                Paint_DrawLine
 .text.Paint_DrawRectangle
                0x0000000008004278      0x100 ./Drivers/Display/GUI_Paint.o
                0x0000000008004278                Paint_DrawRectangle
 .text.Paint_DrawChar
                0x0000000008004378      0x14c ./Drivers/Display/GUI_Paint.o
                0x0000000008004378                Paint_DrawChar
 .text.Paint_DrawString_EN
                0x00000000080044c4       0xa4 ./Drivers/Display/GUI_Paint.o
                0x00000000080044c4                Paint_DrawString_EN
 .text.Paint_DrawBitMap_Paste
                0x0000000008004568       0xe2 ./Drivers/Display/GUI_Paint.o
                0x0000000008004568                Paint_DrawBitMap_Paste
 *fill*         0x000000000800464a        0x2 
 .text.UmlautCheck
                0x000000000800464c      0x228 ./Drivers/Display/skins.o
                0x000000000800464c                UmlautCheck
 .text.vPrint_Config_Screen
                0x0000000008004874      0x148 ./Drivers/Display/skins.o
                0x0000000008004874                vPrint_Config_Screen
 .text.vPrint_Config_Done_Screen
                0x00000000080049bc      0x180 ./Drivers/Display/skins.o
                0x00000000080049bc                vPrint_Config_Done_Screen
 .text.vPrint_Skin_Office
                0x0000000008004b3c      0x2e4 ./Drivers/Display/skins.o
                0x0000000008004b3c                vPrint_Skin_Office
 .text.vPrint_Pixmap
                0x0000000008004e20       0x60 ./Drivers/Display/skins.o
                0x0000000008004e20                vPrint_Pixmap
 .text.vPrint_Skin_Lecture_Room
                0x0000000008004e80      0x214 ./Drivers/Display/skins.o
                0x0000000008004e80                vPrint_Skin_Lecture_Room
 .text.ee_format
                0x0000000008005094       0x58 ./Drivers/EEPROM/ee.o
                0x0000000008005094                ee_format
 .text.ee_write
                0x00000000080050ec      0x1e0 ./Drivers/EEPROM/ee.o
                0x00000000080050ec                ee_write
 .text.ee_commit
                0x00000000080052cc       0x10 ./Drivers/EEPROM/ee.o
                0x00000000080052cc                ee_commit
 .text.HAL_Init
                0x00000000080052dc       0x40 ./Drivers/STM32L4xx_HAL_Driver/Src/stm32l4xx_hal.o
                0x00000000080052dc                HAL_Init
 .text.HAL_InitTick
                0x000000000800531c       0x78 ./Drivers/STM32L4xx_HAL_Driver/Src/stm32l4xx_hal.o
                0x000000000800531c                HAL_InitTick
 .text.HAL_IncTick
                0x0000000008005394       0x28 ./Drivers/STM32L4xx_HAL_Driver/Src/stm32l4xx_hal.o
                0x0000000008005394                HAL_IncTick
 .text.HAL_GetTick
                0x00000000080053bc       0x18 ./Drivers/STM32L4xx_HAL_Driver/Src/stm32l4xx_hal.o
                0x00000000080053bc                HAL_GetTick
 .text.HAL_Delay
                0x00000000080053d4       0x48 ./Drivers/STM32L4xx_HAL_Driver/Src/stm32l4xx_hal.o
                0x00000000080053d4                HAL_Delay
 .text.HAL_SuspendTick
                0x000000000800541c       0x20 ./Drivers/STM32L4xx_HAL_Driver/Src/stm32l4xx_hal.o
                0x000000000800541c                HAL_SuspendTick
 .text.HAL_ResumeTick
                0x000000000800543c       0x20 ./Drivers/STM32L4xx_HAL_Driver/Src/stm32l4xx_hal.o
                0x000000000800543c                HAL_ResumeTick
 .text.HAL_GetUIDw0
                0x000000000800545c       0x18 ./Drivers/STM32L4xx_HAL_Driver/Src/stm32l4xx_hal.o
                0x000000000800545c                HAL_GetUIDw0
 .text.LL_ADC_SetCommonClock
                0x0000000008005474       0x26 ./Drivers/STM32L4xx_HAL_Driver/Src/stm32l4xx_hal_adc.o
 .text.LL_ADC_SetCommonPathInternalCh
                0x000000000800549a       0x26 ./Drivers/STM32L4xx_HAL_Driver/Src/stm32l4xx_hal_adc.o
 .text.LL_ADC_GetCommonPathInternalCh
                0x00000000080054c0       0x1c ./Drivers/STM32L4xx_HAL_Driver/Src/stm32l4xx_hal_adc.o
 .text.LL_ADC_SetOffset
                0x00000000080054dc       0x48 ./Drivers/STM32L4xx_HAL_Driver/Src/stm32l4xx_hal_adc.o
 .text.LL_ADC_GetOffsetChannel
                0x0000000008005524       0x2c ./Drivers/STM32L4xx_HAL_Driver/Src/stm32l4xx_hal_adc.o
 .text.LL_ADC_SetOffsetState
                0x0000000008005550       0x36 ./Drivers/STM32L4xx_HAL_Driver/Src/stm32l4xx_hal_adc.o
 .text.LL_ADC_REG_IsTriggerSourceSWStart
                0x0000000008005586       0x26 ./Drivers/STM32L4xx_HAL_Driver/Src/stm32l4xx_hal_adc.o
 .text.LL_ADC_REG_SetSequencerRanks
                0x00000000080055ac       0x58 ./Drivers/STM32L4xx_HAL_Driver/Src/stm32l4xx_hal_adc.o
 .text.LL_ADC_SetChannelSamplingTime
                0x0000000008005604       0x56 ./Drivers/STM32L4xx_HAL_Driver/Src/stm32l4xx_hal_adc.o
 *fill*         0x000000000800565a        0x2 
 .text.LL_ADC_SetChannelSingleDiff
                0x000000000800565c       0x48 ./Drivers/STM32L4xx_HAL_Driver/Src/stm32l4xx_hal_adc.o
 .text.LL_ADC_GetMultimode
                0x00000000080056a4       0x1c ./Drivers/STM32L4xx_HAL_Driver/Src/stm32l4xx_hal_adc.o
 .text.LL_ADC_GetMultiDMATransfer
                0x00000000080056c0       0x1c ./Drivers/STM32L4xx_HAL_Driver/Src/stm32l4xx_hal_adc.o
 .text.LL_ADC_DisableDeepPowerDown
                0x00000000080056dc       0x24 ./Drivers/STM32L4xx_HAL_Driver/Src/stm32l4xx_hal_adc.o
 .text.LL_ADC_IsDeepPowerDownEnabled
                0x0000000008005700       0x28 ./Drivers/STM32L4xx_HAL_Driver/Src/stm32l4xx_hal_adc.o
 .text.LL_ADC_EnableInternalRegulator
                0x0000000008005728       0x28 ./Drivers/STM32L4xx_HAL_Driver/Src/stm32l4xx_hal_adc.o
 .text.LL_ADC_IsInternalRegulatorEnabled
                0x0000000008005750       0x28 ./Drivers/STM32L4xx_HAL_Driver/Src/stm32l4xx_hal_adc.o
 .text.LL_ADC_Enable
                0x0000000008005778       0x28 ./Drivers/STM32L4xx_HAL_Driver/Src/stm32l4xx_hal_adc.o
 .text.LL_ADC_IsEnabled
                0x00000000080057a0       0x26 ./Drivers/STM32L4xx_HAL_Driver/Src/stm32l4xx_hal_adc.o
 .text.LL_ADC_REG_StartConversion
                0x00000000080057c6       0x28 ./Drivers/STM32L4xx_HAL_Driver/Src/stm32l4xx_hal_adc.o
 .text.LL_ADC_REG_IsConversionOngoing
                0x00000000080057ee       0x26 ./Drivers/STM32L4xx_HAL_Driver/Src/stm32l4xx_hal_adc.o
 .text.LL_ADC_INJ_IsConversionOngoing
                0x0000000008005814       0x26 ./Drivers/STM32L4xx_HAL_Driver/Src/stm32l4xx_hal_adc.o
 *fill*         0x000000000800583a        0x2 
 .text.HAL_ADC_Init
                0x000000000800583c      0x2a0 ./Drivers/STM32L4xx_HAL_Driver/Src/stm32l4xx_hal_adc.o
                0x000000000800583c                HAL_ADC_Init
 .text.HAL_ADC_Start
                0x0000000008005adc      0x174 ./Drivers/STM32L4xx_HAL_Driver/Src/stm32l4xx_hal_adc.o
                0x0000000008005adc                HAL_ADC_Start
 .text.HAL_ADC_PollForConversion
                0x0000000008005c50      0x1b0 ./Drivers/STM32L4xx_HAL_Driver/Src/stm32l4xx_hal_adc.o
                0x0000000008005c50                HAL_ADC_PollForConversion
 .text.HAL_ADC_GetValue
                0x0000000008005e00       0x1a ./Drivers/STM32L4xx_HAL_Driver/Src/stm32l4xx_hal_adc.o
                0x0000000008005e00                HAL_ADC_GetValue
 *fill*         0x0000000008005e1a        0x2 
 .text.HAL_ADC_ConfigChannel
                0x0000000008005e1c      0x7e4 ./Drivers/STM32L4xx_HAL_Driver/Src/stm32l4xx_hal_adc.o
                0x0000000008005e1c                HAL_ADC_ConfigChannel
 .text.ADC_Enable
                0x0000000008006600      0x10c ./Drivers/STM32L4xx_HAL_Driver/Src/stm32l4xx_hal_adc.o
                0x0000000008006600                ADC_Enable
 .text.__NVIC_SetPriorityGrouping
                0x000000000800670c       0x48 ./Drivers/STM32L4xx_HAL_Driver/Src/stm32l4xx_hal_cortex.o
 .text.__NVIC_GetPriorityGrouping
                0x0000000008006754       0x1c ./Drivers/STM32L4xx_HAL_Driver/Src/stm32l4xx_hal_cortex.o
 .text.__NVIC_EnableIRQ
                0x0000000008006770       0x3c ./Drivers/STM32L4xx_HAL_Driver/Src/stm32l4xx_hal_cortex.o
 .text.__NVIC_SetPriority
                0x00000000080067ac       0x54 ./Drivers/STM32L4xx_HAL_Driver/Src/stm32l4xx_hal_cortex.o
 .text.NVIC_EncodePriority
                0x0000000008006800       0x66 ./Drivers/STM32L4xx_HAL_Driver/Src/stm32l4xx_hal_cortex.o
 *fill*         0x0000000008006866        0x2 
 .text.SysTick_Config
                0x0000000008006868       0x44 ./Drivers/STM32L4xx_HAL_Driver/Src/stm32l4xx_hal_cortex.o
 .text.HAL_NVIC_SetPriorityGrouping
                0x00000000080068ac       0x16 ./Drivers/STM32L4xx_HAL_Driver/Src/stm32l4xx_hal_cortex.o
                0x00000000080068ac                HAL_NVIC_SetPriorityGrouping
 .text.HAL_NVIC_SetPriority
                0x00000000080068c2       0x38 ./Drivers/STM32L4xx_HAL_Driver/Src/stm32l4xx_hal_cortex.o
                0x00000000080068c2                HAL_NVIC_SetPriority
 .text.HAL_NVIC_EnableIRQ
                0x00000000080068fa       0x1c ./Drivers/STM32L4xx_HAL_Driver/Src/stm32l4xx_hal_cortex.o
                0x00000000080068fa                HAL_NVIC_EnableIRQ
 .text.HAL_SYSTICK_Config
                0x0000000008006916       0x18 ./Drivers/STM32L4xx_HAL_Driver/Src/stm32l4xx_hal_cortex.o
                0x0000000008006916                HAL_SYSTICK_Config
 .text.HAL_DMA_Abort
                0x000000000800692e       0x7c ./Drivers/STM32L4xx_HAL_Driver/Src/stm32l4xx_hal_dma.o
                0x000000000800692e                HAL_DMA_Abort
 .text.HAL_DMA_Abort_IT
                0x00000000080069aa       0x82 ./Drivers/STM32L4xx_HAL_Driver/Src/stm32l4xx_hal_dma.o
                0x00000000080069aa                HAL_DMA_Abort_IT
 .text.HAL_FLASH_Program
                0x0000000008006a2c       0xd8 ./Drivers/STM32L4xx_HAL_Driver/Src/stm32l4xx_hal_flash.o
                0x0000000008006a2c                HAL_FLASH_Program
 .text.HAL_FLASH_Unlock
                0x0000000008006b04       0x44 ./Drivers/STM32L4xx_HAL_Driver/Src/stm32l4xx_hal_flash.o
                0x0000000008006b04                HAL_FLASH_Unlock
 .text.HAL_FLASH_Lock
                0x0000000008006b48       0x20 ./Drivers/STM32L4xx_HAL_Driver/Src/stm32l4xx_hal_flash.o
                0x0000000008006b48                HAL_FLASH_Lock
 .text.FLASH_WaitForLastOperation
                0x0000000008006b68       0xac ./Drivers/STM32L4xx_HAL_Driver/Src/stm32l4xx_hal_flash.o
                0x0000000008006b68                FLASH_WaitForLastOperation
 .text.FLASH_Program_DoubleWord
                0x0000000008006c14       0x4c ./Drivers/STM32L4xx_HAL_Driver/Src/stm32l4xx_hal_flash.o
 .text.FLASH_Program_Fast
                0x0000000008006c60       0x6c ./Drivers/STM32L4xx_HAL_Driver/Src/stm32l4xx_hal_flash.o
 .text.HAL_FLASHEx_Erase
                0x0000000008006ccc      0x138 ./Drivers/STM32L4xx_HAL_Driver/Src/stm32l4xx_hal_flash_ex.o
                0x0000000008006ccc                HAL_FLASHEx_Erase
 .text.FLASH_MassErase
                0x0000000008006e04       0x50 ./Drivers/STM32L4xx_HAL_Driver/Src/stm32l4xx_hal_flash_ex.o
 .text.FLASH_PageErase
                0x0000000008006e54       0x6c ./Drivers/STM32L4xx_HAL_Driver/Src/stm32l4xx_hal_flash_ex.o
                0x0000000008006e54                FLASH_PageErase
 .text.FLASH_FlushCaches
                0x0000000008006ec0       0x94 ./Drivers/STM32L4xx_HAL_Driver/Src/stm32l4xx_hal_flash_ex.o
                0x0000000008006ec0                FLASH_FlushCaches
 .text.HAL_GPIO_Init
                0x0000000008006f54      0x354 ./Drivers/STM32L4xx_HAL_Driver/Src/stm32l4xx_hal_gpio.o
                0x0000000008006f54                HAL_GPIO_Init
 .text.HAL_GPIO_ReadPin
                0x00000000080072a8       0x30 ./Drivers/STM32L4xx_HAL_Driver/Src/stm32l4xx_hal_gpio.o
                0x00000000080072a8                HAL_GPIO_ReadPin
 .text.HAL_GPIO_WritePin
                0x00000000080072d8       0x30 ./Drivers/STM32L4xx_HAL_Driver/Src/stm32l4xx_hal_gpio.o
                0x00000000080072d8                HAL_GPIO_WritePin
 .text.HAL_GPIO_EXTI_IRQHandler
                0x0000000008007308       0x30 ./Drivers/STM32L4xx_HAL_Driver/Src/stm32l4xx_hal_gpio.o
                0x0000000008007308                HAL_GPIO_EXTI_IRQHandler
 .text.HAL_PWR_EnableBkUpAccess
                0x0000000008007338       0x20 ./Drivers/STM32L4xx_HAL_Driver/Src/stm32l4xx_hal_pwr.o
                0x0000000008007338                HAL_PWR_EnableBkUpAccess
 .text.HAL_PWR_EnterSTANDBYMode
                0x0000000008007358       0x34 ./Drivers/STM32L4xx_HAL_Driver/Src/stm32l4xx_hal_pwr.o
                0x0000000008007358                HAL_PWR_EnterSTANDBYMode
 .text.HAL_PWREx_GetVoltageRange
                0x000000000800738c       0x1c ./Drivers/STM32L4xx_HAL_Driver/Src/stm32l4xx_hal_pwr_ex.o
                0x000000000800738c                HAL_PWREx_GetVoltageRange
 .text.HAL_PWREx_ControlVoltageScaling
                0x00000000080073a8       0xac ./Drivers/STM32L4xx_HAL_Driver/Src/stm32l4xx_hal_pwr_ex.o
                0x00000000080073a8                HAL_PWREx_ControlVoltageScaling
 .text.HAL_RCC_OscConfig
                0x0000000008007454      0x7b8 ./Drivers/STM32L4xx_HAL_Driver/Src/stm32l4xx_hal_rcc.o
                0x0000000008007454                HAL_RCC_OscConfig
 .text.HAL_RCC_ClockConfig
                0x0000000008007c0c      0x200 ./Drivers/STM32L4xx_HAL_Driver/Src/stm32l4xx_hal_rcc.o
                0x0000000008007c0c                HAL_RCC_ClockConfig
 .text.HAL_RCC_GetSysClockFreq
                0x0000000008007e0c      0x118 ./Drivers/STM32L4xx_HAL_Driver/Src/stm32l4xx_hal_rcc.o
                0x0000000008007e0c                HAL_RCC_GetSysClockFreq
 .text.HAL_RCC_GetHCLKFreq
                0x0000000008007f24       0x18 ./Drivers/STM32L4xx_HAL_Driver/Src/stm32l4xx_hal_rcc.o
                0x0000000008007f24                HAL_RCC_GetHCLKFreq
 .text.HAL_RCC_GetPCLK1Freq
                0x0000000008007f3c       0x2c ./Drivers/STM32L4xx_HAL_Driver/Src/stm32l4xx_hal_rcc.o
                0x0000000008007f3c                HAL_RCC_GetPCLK1Freq
 .text.HAL_RCC_GetPCLK2Freq
                0x0000000008007f68       0x2c ./Drivers/STM32L4xx_HAL_Driver/Src/stm32l4xx_hal_rcc.o
                0x0000000008007f68                HAL_RCC_GetPCLK2Freq
 .text.RCC_SetFlashLatencyFromMSIRange
                0x0000000008007f94       0xc0 ./Drivers/STM32L4xx_HAL_Driver/Src/stm32l4xx_hal_rcc.o
 .text.HAL_RCCEx_PeriphCLKConfig
                0x0000000008008054      0x5d4 ./Drivers/STM32L4xx_HAL_Driver/Src/stm32l4xx_hal_rcc_ex.o
                0x0000000008008054                HAL_RCCEx_PeriphCLKConfig
 .text.RCCEx_PLLSAI1_Config
                0x0000000008008628      0x1e8 ./Drivers/STM32L4xx_HAL_Driver/Src/stm32l4xx_hal_rcc_ex.o
 .text.RCCEx_PLLSAI2_Config
                0x0000000008008810      0x1bc ./Drivers/STM32L4xx_HAL_Driver/Src/stm32l4xx_hal_rcc_ex.o
 .text.HAL_RTC_Init
                0x00000000080089cc      0x110 ./Drivers/STM32L4xx_HAL_Driver/Src/stm32l4xx_hal_rtc.o
                0x00000000080089cc                HAL_RTC_Init
 .text.HAL_RTC_WaitForSynchro
                0x0000000008008adc       0x48 ./Drivers/STM32L4xx_HAL_Driver/Src/stm32l4xx_hal_rtc.o
                0x0000000008008adc                HAL_RTC_WaitForSynchro
 .text.RTC_EnterInitMode
                0x0000000008008b24       0x66 ./Drivers/STM32L4xx_HAL_Driver/Src/stm32l4xx_hal_rtc.o
                0x0000000008008b24                RTC_EnterInitMode
 *fill*         0x0000000008008b8a        0x2 
 .text.RTC_ExitInitMode
                0x0000000008008b8c       0x7c ./Drivers/STM32L4xx_HAL_Driver/Src/stm32l4xx_hal_rtc.o
                0x0000000008008b8c                RTC_ExitInitMode
 .text.HAL_RTCEx_SetWakeUpTimer_IT
                0x0000000008008c08      0x128 ./Drivers/STM32L4xx_HAL_Driver/Src/stm32l4xx_hal_rtc_ex.o
                0x0000000008008c08                HAL_RTCEx_SetWakeUpTimer_IT
 .text.HAL_RTCEx_WakeUpTimerIRQHandler
                0x0000000008008d30       0x4c ./Drivers/STM32L4xx_HAL_Driver/Src/stm32l4xx_hal_rtc_ex.o
                0x0000000008008d30                HAL_RTCEx_WakeUpTimerIRQHandler
 .text.HAL_RTCEx_BKUPWrite
                0x0000000008008d7c       0x32 ./Drivers/STM32L4xx_HAL_Driver/Src/stm32l4xx_hal_rtc_ex.o
                0x0000000008008d7c                HAL_RTCEx_BKUPWrite
 .text.HAL_RTCEx_BKUPRead
                0x0000000008008dae       0x2c ./Drivers/STM32L4xx_HAL_Driver/Src/stm32l4xx_hal_rtc_ex.o
                0x0000000008008dae                HAL_RTCEx_BKUPRead
 .text.HAL_SPI_Init
                0x0000000008008dda      0x146 ./Drivers/STM32L4xx_HAL_Driver/Src/stm32l4xx_hal_spi.o
                0x0000000008008dda                HAL_SPI_Init
 .text.HAL_SPI_Transmit
                0x0000000008008f20      0x2ec ./Drivers/STM32L4xx_HAL_Driver/Src/stm32l4xx_hal_spi.o
                0x0000000008008f20                HAL_SPI_Transmit
 .text.SPI_WaitFlagStateUntilTimeout
                0x000000000800920c      0x110 ./Drivers/STM32L4xx_HAL_Driver/Src/stm32l4xx_hal_spi.o
 .text.SPI_WaitFifoStateUntilTimeout
                0x000000000800931c      0x12c ./Drivers/STM32L4xx_HAL_Driver/Src/stm32l4xx_hal_spi.o
 .text.SPI_EndRxTxTransaction
                0x0000000008009448       0x8c ./Drivers/STM32L4xx_HAL_Driver/Src/stm32l4xx_hal_spi.o
 .text.HAL_TIM_Base_Init
                0x00000000080094d4       0xae ./Drivers/STM32L4xx_HAL_Driver/Src/stm32l4xx_hal_tim.o
                0x00000000080094d4                HAL_TIM_Base_Init
 *fill*         0x0000000008009582        0x2 
 .text.HAL_TIM_Base_Start_IT
                0x0000000008009584       0xe0 ./Drivers/STM32L4xx_HAL_Driver/Src/stm32l4xx_hal_tim.o
                0x0000000008009584                HAL_TIM_Base_Start_IT
 .text.HAL_TIM_PWM_Init
                0x0000000008009664       0xae ./Drivers/STM32L4xx_HAL_Driver/Src/stm32l4xx_hal_tim.o
                0x0000000008009664                HAL_TIM_PWM_Init
 *fill*         0x0000000008009712        0x2 
 .text.HAL_TIM_PWM_Start_IT
                0x0000000008009714      0x2a8 ./Drivers/STM32L4xx_HAL_Driver/Src/stm32l4xx_hal_tim.o
                0x0000000008009714                HAL_TIM_PWM_Start_IT
 .text.HAL_TIM_PWM_Stop_IT
                0x00000000080099bc      0x1c8 ./Drivers/STM32L4xx_HAL_Driver/Src/stm32l4xx_hal_tim.o
                0x00000000080099bc                HAL_TIM_PWM_Stop_IT
 .text.HAL_TIM_IRQHandler
                0x0000000008009b84      0x20e ./Drivers/STM32L4xx_HAL_Driver/Src/stm32l4xx_hal_tim.o
                0x0000000008009b84                HAL_TIM_IRQHandler
 *fill*         0x0000000008009d92        0x2 
 .text.HAL_TIM_PWM_ConfigChannel
                0x0000000008009d94      0x228 ./Drivers/STM32L4xx_HAL_Driver/Src/stm32l4xx_hal_tim.o
                0x0000000008009d94                HAL_TIM_PWM_ConfigChannel
 .text.HAL_TIM_ConfigClockSource
                0x0000000008009fbc      0x192 ./Drivers/STM32L4xx_HAL_Driver/Src/stm32l4xx_hal_tim.o
                0x0000000008009fbc                HAL_TIM_ConfigClockSource
 .text.HAL_TIM_PeriodElapsedCallback
                0x000000000800a14e       0x14 ./Drivers/STM32L4xx_HAL_Driver/Src/stm32l4xx_hal_tim.o
                0x000000000800a14e                HAL_TIM_PeriodElapsedCallback
 .text.HAL_TIM_OC_DelayElapsedCallback
                0x000000000800a162       0x14 ./Drivers/STM32L4xx_HAL_Driver/Src/stm32l4xx_hal_tim.o
                0x000000000800a162                HAL_TIM_OC_DelayElapsedCallback
 .text.HAL_TIM_IC_CaptureCallback
                0x000000000800a176       0x14 ./Drivers/STM32L4xx_HAL_Driver/Src/stm32l4xx_hal_tim.o
                0x000000000800a176                HAL_TIM_IC_CaptureCallback
 .text.HAL_TIM_PWM_PulseFinishedCallback
                0x000000000800a18a       0x14 ./Drivers/STM32L4xx_HAL_Driver/Src/stm32l4xx_hal_tim.o
                0x000000000800a18a                HAL_TIM_PWM_PulseFinishedCallback
 .text.HAL_TIM_TriggerCallback
                0x000000000800a19e       0x14 ./Drivers/STM32L4xx_HAL_Driver/Src/stm32l4xx_hal_tim.o
                0x000000000800a19e                HAL_TIM_TriggerCallback
 *fill*         0x000000000800a1b2        0x2 
 .text.TIM_Base_SetConfig
                0x000000000800a1b4      0x14c ./Drivers/STM32L4xx_HAL_Driver/Src/stm32l4xx_hal_tim.o
                0x000000000800a1b4                TIM_Base_SetConfig
 .text.TIM_OC1_SetConfig
                0x000000000800a300      0x120 ./Drivers/STM32L4xx_HAL_Driver/Src/stm32l4xx_hal_tim.o
 .text.TIM_OC2_SetConfig
                0x000000000800a420      0x114 ./Drivers/STM32L4xx_HAL_Driver/Src/stm32l4xx_hal_tim.o
                0x000000000800a420                TIM_OC2_SetConfig
 .text.TIM_OC3_SetConfig
                0x000000000800a534      0x110 ./Drivers/STM32L4xx_HAL_Driver/Src/stm32l4xx_hal_tim.o
 .text.TIM_OC4_SetConfig
                0x000000000800a644       0xd4 ./Drivers/STM32L4xx_HAL_Driver/Src/stm32l4xx_hal_tim.o
 .text.TIM_OC5_SetConfig
                0x000000000800a718       0xc8 ./Drivers/STM32L4xx_HAL_Driver/Src/stm32l4xx_hal_tim.o
 .text.TIM_OC6_SetConfig
                0x000000000800a7e0       0xcc ./Drivers/STM32L4xx_HAL_Driver/Src/stm32l4xx_hal_tim.o
 .text.TIM_TI1_ConfigInputStage
                0x000000000800a8ac       0x5e ./Drivers/STM32L4xx_HAL_Driver/Src/stm32l4xx_hal_tim.o
 .text.TIM_TI2_ConfigInputStage
                0x000000000800a90a       0x60 ./Drivers/STM32L4xx_HAL_Driver/Src/stm32l4xx_hal_tim.o
 .text.TIM_ITRx_SetConfig
                0x000000000800a96a       0x36 ./Drivers/STM32L4xx_HAL_Driver/Src/stm32l4xx_hal_tim.o
 .text.TIM_ETR_SetConfig
                0x000000000800a9a0       0x40 ./Drivers/STM32L4xx_HAL_Driver/Src/stm32l4xx_hal_tim.o
                0x000000000800a9a0                TIM_ETR_SetConfig
 .text.TIM_CCxChannelCmd
                0x000000000800a9e0       0x4a ./Drivers/STM32L4xx_HAL_Driver/Src/stm32l4xx_hal_tim.o
                0x000000000800a9e0                TIM_CCxChannelCmd
 *fill*         0x000000000800aa2a        0x2 
 .text.HAL_TIMEx_MasterConfigSynchronization
                0x000000000800aa2c      0x110 ./Drivers/STM32L4xx_HAL_Driver/Src/stm32l4xx_hal_tim_ex.o
                0x000000000800aa2c                HAL_TIMEx_MasterConfigSynchronization
 .text.HAL_TIMEx_CommutCallback
                0x000000000800ab3c       0x14 ./Drivers/STM32L4xx_HAL_Driver/Src/stm32l4xx_hal_tim_ex.o
                0x000000000800ab3c                HAL_TIMEx_CommutCallback
 .text.HAL_TIMEx_BreakCallback
                0x000000000800ab50       0x14 ./Drivers/STM32L4xx_HAL_Driver/Src/stm32l4xx_hal_tim_ex.o
                0x000000000800ab50                HAL_TIMEx_BreakCallback
 .text.HAL_TIMEx_Break2Callback
                0x000000000800ab64       0x14 ./Drivers/STM32L4xx_HAL_Driver/Src/stm32l4xx_hal_tim_ex.o
                0x000000000800ab64                HAL_TIMEx_Break2Callback
 .text.HAL_UART_Init
                0x000000000800ab78       0x9c ./Drivers/STM32L4xx_HAL_Driver/Src/stm32l4xx_hal_uart.o
                0x000000000800ab78                HAL_UART_Init
 .text.HAL_UART_Transmit
                0x000000000800ac14      0x114 ./Drivers/STM32L4xx_HAL_Driver/Src/stm32l4xx_hal_uart.o
                0x000000000800ac14                HAL_UART_Transmit
 .text.HAL_UART_Receive_IT
                0x000000000800ad28       0x98 ./Drivers/STM32L4xx_HAL_Driver/Src/stm32l4xx_hal_uart.o
                0x000000000800ad28                HAL_UART_Receive_IT
 .text.HAL_UART_IRQHandler
                0x000000000800adc0      0x60c ./Drivers/STM32L4xx_HAL_Driver/Src/stm32l4xx_hal_uart.o
                0x000000000800adc0                HAL_UART_IRQHandler
 .text.HAL_UART_TxCpltCallback
                0x000000000800b3cc       0x14 ./Drivers/STM32L4xx_HAL_Driver/Src/stm32l4xx_hal_uart.o
                0x000000000800b3cc                HAL_UART_TxCpltCallback
 .text.HAL_UART_ErrorCallback
                0x000000000800b3e0       0x14 ./Drivers/STM32L4xx_HAL_Driver/Src/stm32l4xx_hal_uart.o
                0x000000000800b3e0                HAL_UART_ErrorCallback
 .text.HAL_UARTEx_RxEventCallback
                0x000000000800b3f4       0x18 ./Drivers/STM32L4xx_HAL_Driver/Src/stm32l4xx_hal_uart.o
                0x000000000800b3f4                HAL_UARTEx_RxEventCallback
 .text.UART_SetConfig
                0x000000000800b40c      0x570 ./Drivers/STM32L4xx_HAL_Driver/Src/stm32l4xx_hal_uart.o
                0x000000000800b40c                UART_SetConfig
 .text.UART_AdvFeatureConfig
                0x000000000800b97c      0x144 ./Drivers/STM32L4xx_HAL_Driver/Src/stm32l4xx_hal_uart.o
                0x000000000800b97c                UART_AdvFeatureConfig
 .text.UART_CheckIdleState
                0x000000000800bac0      0x150 ./Drivers/STM32L4xx_HAL_Driver/Src/stm32l4xx_hal_uart.o
                0x000000000800bac0                UART_CheckIdleState
 .text.UART_WaitOnFlagUntilTimeout
                0x000000000800bc10       0xda ./Drivers/STM32L4xx_HAL_Driver/Src/stm32l4xx_hal_uart.o
                0x000000000800bc10                UART_WaitOnFlagUntilTimeout
 *fill*         0x000000000800bcea        0x2 
 .text.UART_Start_Receive_IT
                0x000000000800bcec      0x18c ./Drivers/STM32L4xx_HAL_Driver/Src/stm32l4xx_hal_uart.o
                0x000000000800bcec                UART_Start_Receive_IT
 .text.UART_EndRxTransfer
                0x000000000800be78       0xc8 ./Drivers/STM32L4xx_HAL_Driver/Src/stm32l4xx_hal_uart.o
 .text.UART_DMAAbortOnError
                0x000000000800bf40       0x2c ./Drivers/STM32L4xx_HAL_Driver/Src/stm32l4xx_hal_uart.o
 .text.UART_EndTransmit_IT
                0x000000000800bf6c       0x54 ./Drivers/STM32L4xx_HAL_Driver/Src/stm32l4xx_hal_uart.o
 .text.UART_RxISR_8BIT
                0x000000000800bfc0      0x1bc ./Drivers/STM32L4xx_HAL_Driver/Src/stm32l4xx_hal_uart.o
 .text.UART_RxISR_16BIT
                0x000000000800c17c      0x1bc ./Drivers/STM32L4xx_HAL_Driver/Src/stm32l4xx_hal_uart.o
 .text.HAL_UARTEx_WakeupCallback
                0x000000000800c338       0x14 ./Drivers/STM32L4xx_HAL_Driver/Src/stm32l4xx_hal_uart_ex.o
                0x000000000800c338                HAL_UARTEx_WakeupCallback
 .text.Wifi_SendRaw
                0x000000000800c34c       0x4c ./Drivers/WIFI/Wifi.o
                0x000000000800c34c                Wifi_SendRaw
 .text.Wifi_SendString
                0x000000000800c398       0x24 ./Drivers/WIFI/Wifi.o
                0x000000000800c398                Wifi_SendString
 .text.Wifi_SendStringAndWait
                0x000000000800c3bc       0x40 ./Drivers/WIFI/Wifi.o
                0x000000000800c3bc                Wifi_SendStringAndWait
 .text.Wifi_WaitForString
                0x000000000800c3fc      0x11c ./Drivers/WIFI/Wifi.o
                0x000000000800c3fc                Wifi_WaitForString
 .text.Wifi_ReturnString
                0x000000000800c518       0x84 ./Drivers/WIFI/Wifi.o
                0x000000000800c518                Wifi_ReturnString
 .text.Wifi_ReturnStrings
                0x000000000800c59c      0x10e ./Drivers/WIFI/Wifi.o
                0x000000000800c59c                Wifi_ReturnStrings
 *fill*         0x000000000800c6aa        0x2 
 .text.Wifi_ReturnInteger
                0x000000000800c6ac       0x44 ./Drivers/WIFI/Wifi.o
                0x000000000800c6ac                Wifi_ReturnInteger
 .text.Wifi_RemoveChar
                0x000000000800c6f0       0x4e ./Drivers/WIFI/Wifi.o
                0x000000000800c6f0                Wifi_RemoveChar
 *fill*         0x000000000800c73e        0x2 
 .text.Wifi_RxClear
                0x000000000800c740       0x38 ./Drivers/WIFI/Wifi.o
                0x000000000800c740                Wifi_RxClear
 .text.Wifi_TxClear
                0x000000000800c778       0x18 ./Drivers/WIFI/Wifi.o
                0x000000000800c778                Wifi_TxClear
 .text.Wifi_RxCallBack
                0x000000000800c790      0x374 ./Drivers/WIFI/Wifi.o
                0x000000000800c790                Wifi_RxCallBack
 .text.WifiTask
                0x000000000800cb04       0x84 ./Drivers/WIFI/Wifi.o
                0x000000000800cb04                WifiTask
 .text.HAL_UART_RxCpltCallback
                0x000000000800cb88       0x30 ./Drivers/WIFI/Wifi.o
                0x000000000800cb88                HAL_UART_RxCpltCallback
 .text.Wifi_Init
                0x000000000800cbb8       0x88 ./Drivers/WIFI/Wifi.o
                0x000000000800cbb8                Wifi_Init
 .text.Wifi_SetRfPower
                0x000000000800cc40       0x9c ./Drivers/WIFI/Wifi.o
                0x000000000800cc40                Wifi_SetRfPower
 .text.Wifi_SetMode
                0x000000000800ccdc       0xb0 ./Drivers/WIFI/Wifi.o
                0x000000000800ccdc                Wifi_SetMode
 .text.Wifi_GetMode
                0x000000000800cd8c       0xc8 ./Drivers/WIFI/Wifi.o
                0x000000000800cd8c                Wifi_GetMode
 .text.Wifi_GetMyIp
                0x000000000800ce54      0x144 ./Drivers/WIFI/Wifi.o
                0x000000000800ce54                Wifi_GetMyIp
 .text.Wifi_Station_ConnectToAp
                0x000000000800cf98       0xc4 ./Drivers/WIFI/Wifi.o
                0x000000000800cf98                Wifi_Station_ConnectToAp
 .text.Wifi_Station_DhcpIsEnable
                0x000000000800d05c      0x13c ./Drivers/WIFI/Wifi.o
                0x000000000800d05c                Wifi_Station_DhcpIsEnable
 .text.Wifi_SoftAp_GetConnectedDevices
                0x000000000800d198      0x198 ./Drivers/WIFI/Wifi.o
                0x000000000800d198                Wifi_SoftAp_GetConnectedDevices
 .text.Wifi_SoftAp_Create
                0x000000000800d330       0xbc ./Drivers/WIFI/Wifi.o
                0x000000000800d330                Wifi_SoftAp_Create
 .text.Wifi_TcpIp_GetConnectionStatus
                0x000000000800d3ec      0x1e4 ./Drivers/WIFI/Wifi.o
                0x000000000800d3ec                Wifi_TcpIp_GetConnectionStatus
 .text.Wifi_TcpIp_SetMultiConnection
                0x000000000800d5d0       0xb0 ./Drivers/WIFI/Wifi.o
                0x000000000800d5d0                Wifi_TcpIp_SetMultiConnection
 .text.Wifi_TcpIp_GetMultiConnection
                0x000000000800d680       0xcc ./Drivers/WIFI/Wifi.o
                0x000000000800d680                Wifi_TcpIp_GetMultiConnection
 .text.Wifi_TcpIp_StartTcpConnection
                0x000000000800d74c      0x150 ./Drivers/WIFI/Wifi.o
                0x000000000800d74c                Wifi_TcpIp_StartTcpConnection
 .text.Wifi_TcpIp_Close
                0x000000000800d89c       0xc4 ./Drivers/WIFI/Wifi.o
                0x000000000800d89c                Wifi_TcpIp_Close
 .text.Wifi_TcpIp_SendDataTcp
                0x000000000800d960      0x140 ./Drivers/WIFI/Wifi.o
                0x000000000800d960                Wifi_TcpIp_SendDataTcp
 .text.vReplaceMacAddress
                0x000000000800daa0       0x50 ./Drivers/WLAN_Web/WLAN_Web.o
                0x000000000800daa0                vReplaceMacAddress
 .text.u8ParseMacAddress
                0x000000000800daf0       0xa4 ./Drivers/WLAN_Web/WLAN_Web.o
                0x000000000800daf0                u8ParseMacAddress
 .text.u8WifiMAC
                0x000000000800db94       0x3c ./Drivers/WLAN_Web/WLAN_Web.o
                0x000000000800db94                u8WifiMAC
 .text.puParseStringToStruct
                0x000000000800dbd0      0x348 ./Drivers/WLAN_Web/WLAN_Web.o
                0x000000000800dbd0                puParseStringToStruct
 .text.u8Send_HTML
                0x000000000800df18       0xf0 ./Drivers/WLAN_Web/WLAN_Web.o
                0x000000000800df18                u8Send_HTML
 .text.WLAN_Web_Start
                0x000000000800e008      0x118 ./Drivers/WLAN_Web/WLAN_Web.o
                0x000000000800e008                WLAN_Web_Start
 .text.u8SendReport
                0x000000000800e120      0x16c ./Drivers/WLAN_Web/WLAN_Web.o
                0x000000000800e120                u8SendReport
 .text.makeFreeRtosPriority
                0x000000000800e28c       0x30 ./Middlewares/Third_Party/FreeRTOS/Source/CMSIS_RTOS/cmsis_os.o
 .text.inHandlerMode
                0x000000000800e2bc       0x24 ./Middlewares/Third_Party/FreeRTOS/Source/CMSIS_RTOS/cmsis_os.o
 .text.osKernelStart
                0x000000000800e2e0        0xe ./Middlewares/Third_Party/FreeRTOS/Source/CMSIS_RTOS/cmsis_os.o
                0x000000000800e2e0                osKernelStart
 .text.osThreadCreate
                0x000000000800e2ee       0x98 ./Middlewares/Third_Party/FreeRTOS/Source/CMSIS_RTOS/cmsis_os.o
                0x000000000800e2ee                osThreadCreate
 .text.osDelay  0x000000000800e386       0x28 ./Middlewares/Third_Party/FreeRTOS/Source/CMSIS_RTOS/cmsis_os.o
                0x000000000800e386                osDelay
 .text.osSemaphoreCreate
                0x000000000800e3ae       0x64 ./Middlewares/Third_Party/FreeRTOS/Source/CMSIS_RTOS/cmsis_os.o
                0x000000000800e3ae                osSemaphoreCreate
 *fill*         0x000000000800e412        0x2 
 .text.osSemaphoreWait
                0x000000000800e414       0x9c ./Middlewares/Third_Party/FreeRTOS/Source/CMSIS_RTOS/cmsis_os.o
                0x000000000800e414                osSemaphoreWait
 .text.osSemaphoreRelease
                0x000000000800e4b0       0x6c ./Middlewares/Third_Party/FreeRTOS/Source/CMSIS_RTOS/cmsis_os.o
                0x000000000800e4b0                osSemaphoreRelease
 .text.vListInitialise
                0x000000000800e51c       0x40 ./Middlewares/Third_Party/FreeRTOS/Source/list.o
                0x000000000800e51c                vListInitialise
 .text.vListInitialiseItem
                0x000000000800e55c       0x1a ./Middlewares/Third_Party/FreeRTOS/Source/list.o
                0x000000000800e55c                vListInitialiseItem
 .text.vListInsertEnd
                0x000000000800e576       0x48 ./Middlewares/Third_Party/FreeRTOS/Source/list.o
                0x000000000800e576                vListInsertEnd
 .text.vListInsert
                0x000000000800e5be       0x72 ./Middlewares/Third_Party/FreeRTOS/Source/list.o
                0x000000000800e5be                vListInsert
 .text.uxListRemove
                0x000000000800e630       0x54 ./Middlewares/Third_Party/FreeRTOS/Source/list.o
                0x000000000800e630                uxListRemove
 .text.xQueueGenericReset
                0x000000000800e684       0xd0 ./Middlewares/Third_Party/FreeRTOS/Source/queue.o
                0x000000000800e684                xQueueGenericReset
 .text.xQueueGenericCreateStatic
                0x000000000800e754       0xf0 ./Middlewares/Third_Party/FreeRTOS/Source/queue.o
                0x000000000800e754                xQueueGenericCreateStatic
 .text.xQueueGenericCreate
                0x000000000800e844       0x74 ./Middlewares/Third_Party/FreeRTOS/Source/queue.o
                0x000000000800e844                xQueueGenericCreate
 .text.prvInitialiseNewQueue
                0x000000000800e8b8       0x3e ./Middlewares/Third_Party/FreeRTOS/Source/queue.o
 *fill*         0x000000000800e8f6        0x2 
 .text.xQueueGenericSend
                0x000000000800e8f8      0x1fc ./Middlewares/Third_Party/FreeRTOS/Source/queue.o
                0x000000000800e8f8                xQueueGenericSend
 .text.xQueueGiveFromISR
                0x000000000800eaf4      0x11a ./Middlewares/Third_Party/FreeRTOS/Source/queue.o
                0x000000000800eaf4                xQueueGiveFromISR
 *fill*         0x000000000800ec0e        0x2 
 .text.xQueueSemaphoreTake
                0x000000000800ec10      0x218 ./Middlewares/Third_Party/FreeRTOS/Source/queue.o
                0x000000000800ec10                xQueueSemaphoreTake
 .text.xQueueReceiveFromISR
                0x000000000800ee28      0x100 ./Middlewares/Third_Party/FreeRTOS/Source/queue.o
                0x000000000800ee28                xQueueReceiveFromISR
 .text.prvGetDisinheritPriorityAfterTimeout
                0x000000000800ef28       0x30 ./Middlewares/Third_Party/FreeRTOS/Source/queue.o
 .text.prvCopyDataToQueue
                0x000000000800ef58       0xd4 ./Middlewares/Third_Party/FreeRTOS/Source/queue.o
 .text.prvCopyDataFromQueue
                0x000000000800f02c       0x4c ./Middlewares/Third_Party/FreeRTOS/Source/queue.o
 .text.prvUnlockQueue
                0x000000000800f078       0xa4 ./Middlewares/Third_Party/FreeRTOS/Source/queue.o
 .text.prvIsQueueEmpty
                0x000000000800f11c       0x2c ./Middlewares/Third_Party/FreeRTOS/Source/queue.o
 .text.prvIsQueueFull
                0x000000000800f148       0x30 ./Middlewares/Third_Party/FreeRTOS/Source/queue.o
 .text.xTaskCreateStatic
                0x000000000800f178       0xba ./Middlewares/Third_Party/FreeRTOS/Source/tasks.o
                0x000000000800f178                xTaskCreateStatic
 .text.xTaskCreate
                0x000000000800f232       0x8a ./Middlewares/Third_Party/FreeRTOS/Source/tasks.o
                0x000000000800f232                xTaskCreate
 .text.prvInitialiseNewTask
                0x000000000800f2bc      0x10e ./Middlewares/Third_Party/FreeRTOS/Source/tasks.o
 *fill*         0x000000000800f3ca        0x2 
 .text.prvAddNewTaskToReadyList
                0x000000000800f3cc       0xd4 ./Middlewares/Third_Party/FreeRTOS/Source/tasks.o
 .text.vTaskDelay
                0x000000000800f4a0       0x68 ./Middlewares/Third_Party/FreeRTOS/Source/tasks.o
                0x000000000800f4a0                vTaskDelay
 .text.vTaskStartScheduler
                0x000000000800f508       0xc0 ./Middlewares/Third_Party/FreeRTOS/Source/tasks.o
                0x000000000800f508                vTaskStartScheduler
 .text.vTaskSuspendAll
                0x000000000800f5c8       0x1c ./Middlewares/Third_Party/FreeRTOS/Source/tasks.o
                0x000000000800f5c8                vTaskSuspendAll
 .text.xTaskResumeAll
                0x000000000800f5e4      0x138 ./Middlewares/Third_Party/FreeRTOS/Source/tasks.o
                0x000000000800f5e4                xTaskResumeAll
 .text.xTaskIncrementTick
                0x000000000800f71c      0x170 ./Middlewares/Third_Party/FreeRTOS/Source/tasks.o
                0x000000000800f71c                xTaskIncrementTick
 .text.vTaskSwitchContext
                0x000000000800f88c       0xb8 ./Middlewares/Third_Party/FreeRTOS/Source/tasks.o
                0x000000000800f88c                vTaskSwitchContext
 .text.vTaskPlaceOnEventList
                0x000000000800f944       0x48 ./Middlewares/Third_Party/FreeRTOS/Source/tasks.o
                0x000000000800f944                vTaskPlaceOnEventList
 .text.xTaskRemoveFromEventList
                0x000000000800f98c       0xc4 ./Middlewares/Third_Party/FreeRTOS/Source/tasks.o
                0x000000000800f98c                xTaskRemoveFromEventList
 .text.vTaskInternalSetTimeOutState
                0x000000000800fa50       0x2c ./Middlewares/Third_Party/FreeRTOS/Source/tasks.o
                0x000000000800fa50                vTaskInternalSetTimeOutState
 .text.xTaskCheckForTimeOut
                0x000000000800fa7c       0xc4 ./Middlewares/Third_Party/FreeRTOS/Source/tasks.o
                0x000000000800fa7c                xTaskCheckForTimeOut
 .text.vTaskMissedYield
                0x000000000800fb40       0x18 ./Middlewares/Third_Party/FreeRTOS/Source/tasks.o
                0x000000000800fb40                vTaskMissedYield
 .text.prvIdleTask
                0x000000000800fb58       0x30 ./Middlewares/Third_Party/FreeRTOS/Source/tasks.o
 .text.prvInitialiseTaskLists
                0x000000000800fb88       0x80 ./Middlewares/Third_Party/FreeRTOS/Source/tasks.o
 .text.prvCheckTasksWaitingTermination
                0x000000000800fc08       0x5c ./Middlewares/Third_Party/FreeRTOS/Source/tasks.o
 .text.prvDeleteTCB
                0x000000000800fc64       0x5e ./Middlewares/Third_Party/FreeRTOS/Source/tasks.o
 *fill*         0x000000000800fcc2        0x2 
 .text.prvResetNextTaskUnblockTime
                0x000000000800fcc4       0x40 ./Middlewares/Third_Party/FreeRTOS/Source/tasks.o
 .text.xTaskGetSchedulerState
                0x000000000800fd04       0x3c ./Middlewares/Third_Party/FreeRTOS/Source/tasks.o
                0x000000000800fd04                xTaskGetSchedulerState
 .text.xTaskPriorityInherit
                0x000000000800fd40       0xec ./Middlewares/Third_Party/FreeRTOS/Source/tasks.o
                0x000000000800fd40                xTaskPriorityInherit
 .text.xTaskPriorityDisinherit
                0x000000000800fe2c      0x10c ./Middlewares/Third_Party/FreeRTOS/Source/tasks.o
                0x000000000800fe2c                xTaskPriorityDisinherit
 .text.vTaskPriorityDisinheritAfterTimeout
                0x000000000800ff38      0x11c ./Middlewares/Third_Party/FreeRTOS/Source/tasks.o
                0x000000000800ff38                vTaskPriorityDisinheritAfterTimeout
 .text.pvTaskIncrementMutexHeldCount
                0x0000000008010054       0x28 ./Middlewares/Third_Party/FreeRTOS/Source/tasks.o
                0x0000000008010054                pvTaskIncrementMutexHeldCount
 .text.prvAddCurrentTaskToDelayedList
                0x000000000801007c       0xcc ./Middlewares/Third_Party/FreeRTOS/Source/tasks.o
 .text.pxPortInitialiseStack
                0x0000000008010148       0x68 ./Middlewares/Third_Party/FreeRTOS/Source/portable/GCC/ARM_CM4F/port.o
                0x0000000008010148                pxPortInitialiseStack
 .text.prvTaskExitError
                0x00000000080101b0       0x58 ./Middlewares/Third_Party/FreeRTOS/Source/portable/GCC/ARM_CM4F/port.o
 *fill*         0x0000000008010208        0x8 
 .text.SVC_Handler
                0x0000000008010210       0x28 ./Middlewares/Third_Party/FreeRTOS/Source/portable/GCC/ARM_CM4F/port.o
                0x0000000008010210                SVC_Handler
 .text.prvPortStartFirstTask
                0x0000000008010238       0x28 ./Middlewares/Third_Party/FreeRTOS/Source/portable/GCC/ARM_CM4F/port.o
 .text.xPortStartScheduler
                0x0000000008010260      0x144 ./Middlewares/Third_Party/FreeRTOS/Source/portable/GCC/ARM_CM4F/port.o
                0x0000000008010260                xPortStartScheduler
 .text.vPortEnterCritical
                0x00000000080103a4       0x60 ./Middlewares/Third_Party/FreeRTOS/Source/portable/GCC/ARM_CM4F/port.o
                0x00000000080103a4                vPortEnterCritical
 .text.vPortExitCritical
                0x0000000008010404       0x54 ./Middlewares/Third_Party/FreeRTOS/Source/portable/GCC/ARM_CM4F/port.o
                0x0000000008010404                vPortExitCritical
 *fill*         0x0000000008010458        0x8 
 .text.PendSV_Handler
                0x0000000008010460       0x68 ./Middlewares/Third_Party/FreeRTOS/Source/portable/GCC/ARM_CM4F/port.o
                0x0000000008010460                PendSV_Handler
 .text.xPortSysTickHandler
                0x00000000080104c8       0x44 ./Middlewares/Third_Party/FreeRTOS/Source/portable/GCC/ARM_CM4F/port.o
                0x00000000080104c8                xPortSysTickHandler
 .text.vPortSetupTimerInterrupt
                0x000000000801050c       0x48 ./Middlewares/Third_Party/FreeRTOS/Source/portable/GCC/ARM_CM4F/port.o
                0x000000000801050c                vPortSetupTimerInterrupt
 .text.vPortEnableVFP
                0x0000000008010554       0x14 ./Middlewares/Third_Party/FreeRTOS/Source/portable/GCC/ARM_CM4F/port.o
 .text.vPortValidateInterruptPriority
                0x0000000008010568       0x80 ./Middlewares/Third_Party/FreeRTOS/Source/portable/GCC/ARM_CM4F/port.o
                0x0000000008010568                vPortValidateInterruptPriority
 .text.pvPortMalloc
                0x00000000080105e8      0x198 ./Middlewares/Third_Party/FreeRTOS/Source/portable/MemMang/heap_4.o
                0x00000000080105e8                pvPortMalloc
 .text.vPortFree
                0x0000000008010780       0xc4 ./Middlewares/Third_Party/FreeRTOS/Source/portable/MemMang/heap_4.o
                0x0000000008010780                vPortFree
 .text.prvHeapInit
                0x0000000008010844       0xc4 ./Middlewares/Third_Party/FreeRTOS/Source/portable/MemMang/heap_4.o
 .text.prvInsertBlockIntoFreeList
                0x0000000008010908       0xb4 ./Middlewares/Third_Party/FreeRTOS/Source/portable/MemMang/heap_4.o
 .text.atoi     0x00000000080109bc        0x8 C:/ST/STM32CubeIDE_1.14.1/STM32CubeIDE/plugins/com.st.stm32cube.ide.mcu.externaltools.gnu-tools-for-stm32.11.3.rel1.win32_1.1.100.202309141235/tools/bin/../lib/gcc/arm-none-eabi/11.3.1/../../../../arm-none-eabi/lib/thumb/v7e-m+fp/hard\libc_nano.a(libc_a-atoi.o)
                0x00000000080109bc                atoi
 .text.malloc   0x00000000080109c4       0x10 C:/ST/STM32CubeIDE_1.14.1/STM32CubeIDE/plugins/com.st.stm32cube.ide.mcu.externaltools.gnu-tools-for-stm32.11.3.rel1.win32_1.1.100.202309141235/tools/bin/../lib/gcc/arm-none-eabi/11.3.1/../../../../arm-none-eabi/lib/thumb/v7e-m+fp/hard\libc_nano.a(libc_a-malloc.o)
                0x00000000080109c4                malloc
 .text.free     0x00000000080109d4       0x10 C:/ST/STM32CubeIDE_1.14.1/STM32CubeIDE/plugins/com.st.stm32cube.ide.mcu.externaltools.gnu-tools-for-stm32.11.3.rel1.win32_1.1.100.202309141235/tools/bin/../lib/gcc/arm-none-eabi/11.3.1/../../../../arm-none-eabi/lib/thumb/v7e-m+fp/hard\libc_nano.a(libc_a-malloc.o)
                0x00000000080109d4                free
 .text.sbrk_aligned
                0x00000000080109e4       0x40 C:/ST/STM32CubeIDE_1.14.1/STM32CubeIDE/plugins/com.st.stm32cube.ide.mcu.externaltools.gnu-tools-for-stm32.11.3.rel1.win32_1.1.100.202309141235/tools/bin/../lib/gcc/arm-none-eabi/11.3.1/../../../../arm-none-eabi/lib/thumb/v7e-m+fp/hard\libc_nano.a(libc_a-mallocr.o)
 .text._malloc_r
                0x0000000008010a24      0x100 C:/ST/STM32CubeIDE_1.14.1/STM32CubeIDE/plugins/com.st.stm32cube.ide.mcu.externaltools.gnu-tools-for-stm32.11.3.rel1.win32_1.1.100.202309141235/tools/bin/../lib/gcc/arm-none-eabi/11.3.1/../../../../arm-none-eabi/lib/thumb/v7e-m+fp/hard\libc_nano.a(libc_a-mallocr.o)
                0x0000000008010a24                _malloc_r
 .text.__malloc_lock
                0x0000000008010b24        0xc C:/ST/STM32CubeIDE_1.14.1/STM32CubeIDE/plugins/com.st.stm32cube.ide.mcu.externaltools.gnu-tools-for-stm32.11.3.rel1.win32_1.1.100.202309141235/tools/bin/../lib/gcc/arm-none-eabi/11.3.1/../../../../arm-none-eabi/lib/thumb/v7e-m+fp/hard\libc_nano.a(libc_a-mlock.o)
                0x0000000008010b24                __malloc_lock
 .text.__malloc_unlock
                0x0000000008010b30        0xc C:/ST/STM32CubeIDE_1.14.1/STM32CubeIDE/plugins/com.st.stm32cube.ide.mcu.externaltools.gnu-tools-for-stm32.11.3.rel1.win32_1.1.100.202309141235/tools/bin/../lib/gcc/arm-none-eabi/11.3.1/../../../../arm-none-eabi/lib/thumb/v7e-m+fp/hard\libc_nano.a(libc_a-mlock.o)
                0x0000000008010b30                __malloc_unlock
 .text._strtol_l.constprop.0
                0x0000000008010b3c      0x104 C:/ST/STM32CubeIDE_1.14.1/STM32CubeIDE/plugins/com.st.stm32cube.ide.mcu.externaltools.gnu-tools-for-stm32.11.3.rel1.win32_1.1.100.202309141235/tools/bin/../lib/gcc/arm-none-eabi/11.3.1/../../../../arm-none-eabi/lib/thumb/v7e-m+fp/hard\libc_nano.a(libc_a-strtol.o)
 .text._strtol_r
                0x0000000008010c40        0x4 C:/ST/STM32CubeIDE_1.14.1/STM32CubeIDE/plugins/com.st.stm32cube.ide.mcu.externaltools.gnu-tools-for-stm32.11.3.rel1.win32_1.1.100.202309141235/tools/bin/../lib/gcc/arm-none-eabi/11.3.1/../../../../arm-none-eabi/lib/thumb/v7e-m+fp/hard\libc_nano.a(libc_a-strtol.o)
                0x0000000008010c40                _strtol_r
 .text.strtol   0x0000000008010c44       0x14 C:/ST/STM32CubeIDE_1.14.1/STM32CubeIDE/plugins/com.st.stm32cube.ide.mcu.externaltools.gnu-tools-for-stm32.11.3.rel1.win32_1.1.100.202309141235/tools/bin/../lib/gcc/arm-none-eabi/11.3.1/../../../../arm-none-eabi/lib/thumb/v7e-m+fp/hard\libc_nano.a(libc_a-strtol.o)
                0x0000000008010c44                strtol
 .text.__cvt    0x0000000008010c58       0xc4 C:/ST/STM32CubeIDE_1.14.1/STM32CubeIDE/plugins/com.st.stm32cube.ide.mcu.externaltools.gnu-tools-for-stm32.11.3.rel1.win32_1.1.100.202309141235/tools/bin/../lib/gcc/arm-none-eabi/11.3.1/../../../../arm-none-eabi/lib/thumb/v7e-m+fp/hard\libc_nano.a(libc_a-nano-vfprintf_float.o)
                0x0000000008010c58                __cvt
 .text.__exponent
                0x0000000008010d1c       0x7c C:/ST/STM32CubeIDE_1.14.1/STM32CubeIDE/plugins/com.st.stm32cube.ide.mcu.externaltools.gnu-tools-for-stm32.11.3.rel1.win32_1.1.100.202309141235/tools/bin/../lib/gcc/arm-none-eabi/11.3.1/../../../../arm-none-eabi/lib/thumb/v7e-m+fp/hard\libc_nano.a(libc_a-nano-vfprintf_float.o)
                0x0000000008010d1c                __exponent
 .text._printf_float
                0x0000000008010d98      0x46c C:/ST/STM32CubeIDE_1.14.1/STM32CubeIDE/plugins/com.st.stm32cube.ide.mcu.externaltools.gnu-tools-for-stm32.11.3.rel1.win32_1.1.100.202309141235/tools/bin/../lib/gcc/arm-none-eabi/11.3.1/../../../../arm-none-eabi/lib/thumb/v7e-m+fp/hard\libc_nano.a(libc_a-nano-vfprintf_float.o)
                0x0000000008010d98                _printf_float
 .text._printf_common
                0x0000000008011204       0xda C:/ST/STM32CubeIDE_1.14.1/STM32CubeIDE/plugins/com.st.stm32cube.ide.mcu.externaltools.gnu-tools-for-stm32.11.3.rel1.win32_1.1.100.202309141235/tools/bin/../lib/gcc/arm-none-eabi/11.3.1/../../../../arm-none-eabi/lib/thumb/v7e-m+fp/hard\libc_nano.a(libc_a-nano-vfprintf_i.o)
                0x0000000008011204                _printf_common
 *fill*         0x00000000080112de        0x2 
 .text._printf_i
                0x00000000080112e0      0x244 C:/ST/STM32CubeIDE_1.14.1/STM32CubeIDE/plugins/com.st.stm32cube.ide.mcu.externaltools.gnu-tools-for-stm32.11.3.rel1.win32_1.1.100.202309141235/tools/bin/../lib/gcc/arm-none-eabi/11.3.1/../../../../arm-none-eabi/lib/thumb/v7e-m+fp/hard\libc_nano.a(libc_a-nano-vfprintf_i.o)
                0x00000000080112e0                _printf_i
 .text.std      0x0000000008011524       0x6c C:/ST/STM32CubeIDE_1.14.1/STM32CubeIDE/plugins/com.st.stm32cube.ide.mcu.externaltools.gnu-tools-for-stm32.11.3.rel1.win32_1.1.100.202309141235/tools/bin/../lib/gcc/arm-none-eabi/11.3.1/../../../../arm-none-eabi/lib/thumb/v7e-m+fp/hard\libc_nano.a(libc_a-findfp.o)
 .text.stdio_exit_handler
                0x0000000008011590       0x18 C:/ST/STM32CubeIDE_1.14.1/STM32CubeIDE/plugins/com.st.stm32cube.ide.mcu.externaltools.gnu-tools-for-stm32.11.3.rel1.win32_1.1.100.202309141235/tools/bin/../lib/gcc/arm-none-eabi/11.3.1/../../../../arm-none-eabi/lib/thumb/v7e-m+fp/hard\libc_nano.a(libc_a-findfp.o)
 .text.cleanup_stdio
                0x00000000080115a8       0x40 C:/ST/STM32CubeIDE_1.14.1/STM32CubeIDE/plugins/com.st.stm32cube.ide.mcu.externaltools.gnu-tools-for-stm32.11.3.rel1.win32_1.1.100.202309141235/tools/bin/../lib/gcc/arm-none-eabi/11.3.1/../../../../arm-none-eabi/lib/thumb/v7e-m+fp/hard\libc_nano.a(libc_a-findfp.o)
 .text.global_stdio_init.part.0
                0x00000000080115e8       0x3c C:/ST/STM32CubeIDE_1.14.1/STM32CubeIDE/plugins/com.st.stm32cube.ide.mcu.externaltools.gnu-tools-for-stm32.11.3.rel1.win32_1.1.100.202309141235/tools/bin/../lib/gcc/arm-none-eabi/11.3.1/../../../../arm-none-eabi/lib/thumb/v7e-m+fp/hard\libc_nano.a(libc_a-findfp.o)
 .text.__sfp_lock_acquire
                0x0000000008011624        0xc C:/ST/STM32CubeIDE_1.14.1/STM32CubeIDE/plugins/com.st.stm32cube.ide.mcu.externaltools.gnu-tools-for-stm32.11.3.rel1.win32_1.1.100.202309141235/tools/bin/../lib/gcc/arm-none-eabi/11.3.1/../../../../arm-none-eabi/lib/thumb/v7e-m+fp/hard\libc_nano.a(libc_a-findfp.o)
                0x0000000008011624                __sfp_lock_acquire
 .text.__sfp_lock_release
                0x0000000008011630        0xc C:/ST/STM32CubeIDE_1.14.1/STM32CubeIDE/plugins/com.st.stm32cube.ide.mcu.externaltools.gnu-tools-for-stm32.11.3.rel1.win32_1.1.100.202309141235/tools/bin/../lib/gcc/arm-none-eabi/11.3.1/../../../../arm-none-eabi/lib/thumb/v7e-m+fp/hard\libc_nano.a(libc_a-findfp.o)
                0x0000000008011630                __sfp_lock_release
 .text.__sinit  0x000000000801163c       0x30 C:/ST/STM32CubeIDE_1.14.1/STM32CubeIDE/plugins/com.st.stm32cube.ide.mcu.externaltools.gnu-tools-for-stm32.11.3.rel1.win32_1.1.100.202309141235/tools/bin/../lib/gcc/arm-none-eabi/11.3.1/../../../../arm-none-eabi/lib/thumb/v7e-m+fp/hard\libc_nano.a(libc_a-findfp.o)
                0x000000000801163c                __sinit
 .text._fwalk_sglue
                0x000000000801166c       0x3c C:/ST/STM32CubeIDE_1.14.1/STM32CubeIDE/plugins/com.st.stm32cube.ide.mcu.externaltools.gnu-tools-for-stm32.11.3.rel1.win32_1.1.100.202309141235/tools/bin/../lib/gcc/arm-none-eabi/11.3.1/../../../../arm-none-eabi/lib/thumb/v7e-m+fp/hard\libc_nano.a(libc_a-fwalk.o)
                0x000000000801166c                _fwalk_sglue
 .text.printf   0x00000000080116a8       0x24 C:/ST/STM32CubeIDE_1.14.1/STM32CubeIDE/plugins/com.st.stm32cube.ide.mcu.externaltools.gnu-tools-for-stm32.11.3.rel1.win32_1.1.100.202309141235/tools/bin/../lib/gcc/arm-none-eabi/11.3.1/../../../../arm-none-eabi/lib/thumb/v7e-m+fp/hard\libc_nano.a(libc_a-printf.o)
                0x00000000080116a8                iprintf
                0x00000000080116a8                printf
 .text.sprintf  0x00000000080116cc       0x40 C:/ST/STM32CubeIDE_1.14.1/STM32CubeIDE/plugins/com.st.stm32cube.ide.mcu.externaltools.gnu-tools-for-stm32.11.3.rel1.win32_1.1.100.202309141235/tools/bin/../lib/gcc/arm-none-eabi/11.3.1/../../../../arm-none-eabi/lib/thumb/v7e-m+fp/hard\libc_nano.a(libc_a-sprintf.o)
                0x00000000080116cc                siprintf
                0x00000000080116cc                sprintf
 .text.sscanf   0x000000000801170c       0x58 C:/ST/STM32CubeIDE_1.14.1/STM32CubeIDE/plugins/com.st.stm32cube.ide.mcu.externaltools.gnu-tools-for-stm32.11.3.rel1.win32_1.1.100.202309141235/tools/bin/../lib/gcc/arm-none-eabi/11.3.1/../../../../arm-none-eabi/lib/thumb/v7e-m+fp/hard\libc_nano.a(libc_a-sscanf.o)
                0x000000000801170c                siscanf
                0x000000000801170c                sscanf
 .text.__sread  0x0000000008011764       0x22 C:/ST/STM32CubeIDE_1.14.1/STM32CubeIDE/plugins/com.st.stm32cube.ide.mcu.externaltools.gnu-tools-for-stm32.11.3.rel1.win32_1.1.100.202309141235/tools/bin/../lib/gcc/arm-none-eabi/11.3.1/../../../../arm-none-eabi/lib/thumb/v7e-m+fp/hard\libc_nano.a(libc_a-stdio.o)
                0x0000000008011764                __sread
 .text.__seofread
                0x0000000008011786        0x4 C:/ST/STM32CubeIDE_1.14.1/STM32CubeIDE/plugins/com.st.stm32cube.ide.mcu.externaltools.gnu-tools-for-stm32.11.3.rel1.win32_1.1.100.202309141235/tools/bin/../lib/gcc/arm-none-eabi/11.3.1/../../../../arm-none-eabi/lib/thumb/v7e-m+fp/hard\libc_nano.a(libc_a-stdio.o)
                0x0000000008011786                __seofread
 .text.__swrite
                0x000000000801178a       0x38 C:/ST/STM32CubeIDE_1.14.1/STM32CubeIDE/plugins/com.st.stm32cube.ide.mcu.externaltools.gnu-tools-for-stm32.11.3.rel1.win32_1.1.100.202309141235/tools/bin/../lib/gcc/arm-none-eabi/11.3.1/../../../../arm-none-eabi/lib/thumb/v7e-m+fp/hard\libc_nano.a(libc_a-stdio.o)
                0x000000000801178a                __swrite
 .text.__sseek  0x00000000080117c2       0x24 C:/ST/STM32CubeIDE_1.14.1/STM32CubeIDE/plugins/com.st.stm32cube.ide.mcu.externaltools.gnu-tools-for-stm32.11.3.rel1.win32_1.1.100.202309141235/tools/bin/../lib/gcc/arm-none-eabi/11.3.1/../../../../arm-none-eabi/lib/thumb/v7e-m+fp/hard\libc_nano.a(libc_a-stdio.o)
                0x00000000080117c2                __sseek
 .text.__sclose
                0x00000000080117e6        0x8 C:/ST/STM32CubeIDE_1.14.1/STM32CubeIDE/plugins/com.st.stm32cube.ide.mcu.externaltools.gnu-tools-for-stm32.11.3.rel1.win32_1.1.100.202309141235/tools/bin/../lib/gcc/arm-none-eabi/11.3.1/../../../../arm-none-eabi/lib/thumb/v7e-m+fp/hard\libc_nano.a(libc_a-stdio.o)
                0x00000000080117e6                __sclose
 .text.memset   0x00000000080117ee       0x10 C:/ST/STM32CubeIDE_1.14.1/STM32CubeIDE/plugins/com.st.stm32cube.ide.mcu.externaltools.gnu-tools-for-stm32.11.3.rel1.win32_1.1.100.202309141235/tools/bin/../lib/gcc/arm-none-eabi/11.3.1/../../../../arm-none-eabi/lib/thumb/v7e-m+fp/hard\libc_nano.a(libc_a-memset.o)
                0x00000000080117ee                memset
 .text.strchr   0x00000000080117fe       0x1a C:/ST/STM32CubeIDE_1.14.1/STM32CubeIDE/plugins/com.st.stm32cube.ide.mcu.externaltools.gnu-tools-for-stm32.11.3.rel1.win32_1.1.100.202309141235/tools/bin/../lib/gcc/arm-none-eabi/11.3.1/../../../../arm-none-eabi/lib/thumb/v7e-m+fp/hard\libc_nano.a(libc_a-strchr.o)
                0x00000000080117fe                strchr
 .text.strncmp  0x0000000008011818       0x24 C:/ST/STM32CubeIDE_1.14.1/STM32CubeIDE/plugins/com.st.stm32cube.ide.mcu.externaltools.gnu-tools-for-stm32.11.3.rel1.win32_1.1.100.202309141235/tools/bin/../lib/gcc/arm-none-eabi/11.3.1/../../../../arm-none-eabi/lib/thumb/v7e-m+fp/hard\libc_nano.a(libc_a-strncmp.o)
                0x0000000008011818                strncmp
 .text.strtok   0x000000000801183c       0x68 C:/ST/STM32CubeIDE_1.14.1/STM32CubeIDE/plugins/com.st.stm32cube.ide.mcu.externaltools.gnu-tools-for-stm32.11.3.rel1.win32_1.1.100.202309141235/tools/bin/../lib/gcc/arm-none-eabi/11.3.1/../../../../arm-none-eabi/lib/thumb/v7e-m+fp/hard\libc_nano.a(libc_a-strtok.o)
                0x000000000801183c                strtok
 .text.__strtok_r
                0x00000000080118a4       0x50 C:/ST/STM32CubeIDE_1.14.1/STM32CubeIDE/plugins/com.st.stm32cube.ide.mcu.externaltools.gnu-tools-for-stm32.11.3.rel1.win32_1.1.100.202309141235/tools/bin/../lib/gcc/arm-none-eabi/11.3.1/../../../../arm-none-eabi/lib/thumb/v7e-m+fp/hard\libc_nano.a(libc_a-strtok_r.o)
                0x00000000080118a4                __strtok_r
 .text.strstr   0x00000000080118f4       0x2c C:/ST/STM32CubeIDE_1.14.1/STM32CubeIDE/plugins/com.st.stm32cube.ide.mcu.externaltools.gnu-tools-for-stm32.11.3.rel1.win32_1.1.100.202309141235/tools/bin/../lib/gcc/arm-none-eabi/11.3.1/../../../../arm-none-eabi/lib/thumb/v7e-m+fp/hard\libc_nano.a(libc_a-strstr.o)
                0x00000000080118f4                strstr
 .text._localeconv_r
                0x0000000008011920        0x8 C:/ST/STM32CubeIDE_1.14.1/STM32CubeIDE/plugins/com.st.stm32cube.ide.mcu.externaltools.gnu-tools-for-stm32.11.3.rel1.win32_1.1.100.202309141235/tools/bin/../lib/gcc/arm-none-eabi/11.3.1/../../../../arm-none-eabi/lib/thumb/v7e-m+fp/hard\libc_nano.a(libc_a-localeconv.o)
                0x0000000008011920                _localeconv_r
 .text._close_r
                0x0000000008011928       0x20 C:/ST/STM32CubeIDE_1.14.1/STM32CubeIDE/plugins/com.st.stm32cube.ide.mcu.externaltools.gnu-tools-for-stm32.11.3.rel1.win32_1.1.100.202309141235/tools/bin/../lib/gcc/arm-none-eabi/11.3.1/../../../../arm-none-eabi/lib/thumb/v7e-m+fp/hard\libc_nano.a(libc_a-closer.o)
                0x0000000008011928                _close_r
 .text._lseek_r
                0x0000000008011948       0x24 C:/ST/STM32CubeIDE_1.14.1/STM32CubeIDE/plugins/com.st.stm32cube.ide.mcu.externaltools.gnu-tools-for-stm32.11.3.rel1.win32_1.1.100.202309141235/tools/bin/../lib/gcc/arm-none-eabi/11.3.1/../../../../arm-none-eabi/lib/thumb/v7e-m+fp/hard\libc_nano.a(libc_a-lseekr.o)
                0x0000000008011948                _lseek_r
 .text._read_r  0x000000000801196c       0x24 C:/ST/STM32CubeIDE_1.14.1/STM32CubeIDE/plugins/com.st.stm32cube.ide.mcu.externaltools.gnu-tools-for-stm32.11.3.rel1.win32_1.1.100.202309141235/tools/bin/../lib/gcc/arm-none-eabi/11.3.1/../../../../arm-none-eabi/lib/thumb/v7e-m+fp/hard\libc_nano.a(libc_a-readr.o)
                0x000000000801196c                _read_r
 .text._sbrk_r  0x0000000008011990       0x20 C:/ST/STM32CubeIDE_1.14.1/STM32CubeIDE/plugins/com.st.stm32cube.ide.mcu.externaltools.gnu-tools-for-stm32.11.3.rel1.win32_1.1.100.202309141235/tools/bin/../lib/gcc/arm-none-eabi/11.3.1/../../../../arm-none-eabi/lib/thumb/v7e-m+fp/hard\libc_nano.a(libc_a-sbrkr.o)
                0x0000000008011990                _sbrk_r
 .text._write_r
                0x00000000080119b0       0x24 C:/ST/STM32CubeIDE_1.14.1/STM32CubeIDE/plugins/com.st.stm32cube.ide.mcu.externaltools.gnu-tools-for-stm32.11.3.rel1.win32_1.1.100.202309141235/tools/bin/../lib/gcc/arm-none-eabi/11.3.1/../../../../arm-none-eabi/lib/thumb/v7e-m+fp/hard\libc_nano.a(libc_a-writer.o)
                0x00000000080119b0                _write_r
 .text.__errno  0x00000000080119d4        0xc C:/ST/STM32CubeIDE_1.14.1/STM32CubeIDE/plugins/com.st.stm32cube.ide.mcu.externaltools.gnu-tools-for-stm32.11.3.rel1.win32_1.1.100.202309141235/tools/bin/../lib/gcc/arm-none-eabi/11.3.1/../../../../arm-none-eabi/lib/thumb/v7e-m+fp/hard\libc_nano.a(libc_a-errno.o)
                0x00000000080119d4                __errno
 .text.__libc_init_array
                0x00000000080119e0       0x48 C:/ST/STM32CubeIDE_1.14.1/STM32CubeIDE/plugins/com.st.stm32cube.ide.mcu.externaltools.gnu-tools-for-stm32.11.3.rel1.win32_1.1.100.202309141235/tools/bin/../lib/gcc/arm-none-eabi/11.3.1/../../../../arm-none-eabi/lib/thumb/v7e-m+fp/hard\libc_nano.a(libc_a-init.o)
                0x00000000080119e0                __libc_init_array
 .text.__retarget_lock_init_recursive
                0x0000000008011a28        0x2 C:/ST/STM32CubeIDE_1.14.1/STM32CubeIDE/plugins/com.st.stm32cube.ide.mcu.externaltools.gnu-tools-for-stm32.11.3.rel1.win32_1.1.100.202309141235/tools/bin/../lib/gcc/arm-none-eabi/11.3.1/../../../../arm-none-eabi/lib/thumb/v7e-m+fp/hard\libc_nano.a(libc_a-lock.o)
                0x0000000008011a28                __retarget_lock_init_recursive
 .text.__retarget_lock_acquire_recursive
                0x0000000008011a2a        0x2 C:/ST/STM32CubeIDE_1.14.1/STM32CubeIDE/plugins/com.st.stm32cube.ide.mcu.externaltools.gnu-tools-for-stm32.11.3.rel1.win32_1.1.100.202309141235/tools/bin/../lib/gcc/arm-none-eabi/11.3.1/../../../../arm-none-eabi/lib/thumb/v7e-m+fp/hard\libc_nano.a(libc_a-lock.o)
                0x0000000008011a2a                __retarget_lock_acquire_recursive
 .text.__retarget_lock_release_recursive
                0x0000000008011a2c        0x2 C:/ST/STM32CubeIDE_1.14.1/STM32CubeIDE/plugins/com.st.stm32cube.ide.mcu.externaltools.gnu-tools-for-stm32.11.3.rel1.win32_1.1.100.202309141235/tools/bin/../lib/gcc/arm-none-eabi/11.3.1/../../../../arm-none-eabi/lib/thumb/v7e-m+fp/hard\libc_nano.a(libc_a-lock.o)
                0x0000000008011a2c                __retarget_lock_release_recursive