Archive member included to satisfy reference by file (symbol)

C:/ST/STM32CubeIDE_1.13.1/STM32CubeIDE/plugins/com.st.stm32cube.ide.mcu.externaltools.gnu-tools-for-stm32.11.3.rel1.win32_1.1.0.202305231506/tools/bin/../lib/gcc/arm-none-eabi/11.3.1/../../../../arm-none-eabi/lib/thumb/v7e-m+fp/hard\libc_nano.a(libc_a-atof.o)
                              ./Drivers/WIFI/Wifi.o (atof)
C:/ST/STM32CubeIDE_1.13.1/STM32CubeIDE/plugins/com.st.stm32cube.ide.mcu.externaltools.gnu-tools-for-stm32.11.3.rel1.win32_1.1.0.202305231506/tools/bin/../lib/gcc/arm-none-eabi/11.3.1/../../../../arm-none-eabi/lib/thumb/v7e-m+fp/hard\libc_nano.a(libc_a-atoi.o)
                              ./Drivers/Communication/communication.o (atoi)
C:/ST/STM32CubeIDE_1.13.1/STM32CubeIDE/plugins/com.st.stm32cube.ide.mcu.externaltools.gnu-tools-for-stm32.11.3.rel1.win32_1.1.0.202305231506/tools/bin/../lib/gcc/arm-none-eabi/11.3.1/../../../../arm-none-eabi/lib/thumb/v7e-m+fp/hard\libc_nano.a(libc_a-exit.o)
                              C:/ST/STM32CubeIDE_1.13.1/STM32CubeIDE/plugins/com.st.stm32cube.ide.mcu.externaltools.gnu-tools-for-stm32.11.3.rel1.win32_1.1.0.202305231506/tools/bin/../lib/gcc/arm-none-eabi/11.3.1/../../../../arm-none-eabi/lib/thumb/v7e-m+fp/hard/crt0.o (exit)
C:/ST/STM32CubeIDE_1.13.1/STM32CubeIDE/plugins/com.st.stm32cube.ide.mcu.externaltools.gnu-tools-for-stm32.11.3.rel1.win32_1.1.0.202305231506/tools/bin/../lib/gcc/arm-none-eabi/11.3.1/../../../../arm-none-eabi/lib/thumb/v7e-m+fp/hard\libc_nano.a(libc_a-malloc.o)
                              ./Drivers/Display/skins.o (malloc)
C:/ST/STM32CubeIDE_1.13.1/STM32CubeIDE/plugins/com.st.stm32cube.ide.mcu.externaltools.gnu-tools-for-stm32.11.3.rel1.win32_1.1.0.202305231506/tools/bin/../lib/gcc/arm-none-eabi/11.3.1/../../../../arm-none-eabi/lib/thumb/v7e-m+fp/hard\libc_nano.a(libc_a-mallocr.o)
                              C:/ST/STM32CubeIDE_1.13.1/STM32CubeIDE/plugins/com.st.stm32cube.ide.mcu.externaltools.gnu-tools-for-stm32.11.3.rel1.win32_1.1.0.202305231506/tools/bin/../lib/gcc/arm-none-eabi/11.3.1/../../../../arm-none-eabi/lib/thumb/v7e-m+fp/hard\libc_nano.a(libc_a-malloc.o) (_malloc_r)
C:/ST/STM32CubeIDE_1.13.1/STM32CubeIDE/plugins/com.st.stm32cube.ide.mcu.externaltools.gnu-tools-for-stm32.11.3.rel1.win32_1.1.0.202305231506/tools/bin/../lib/gcc/arm-none-eabi/11.3.1/../../../../arm-none-eabi/lib/thumb/v7e-m+fp/hard\libc_nano.a(libc_a-mlock.o)
                              C:/ST/STM32CubeIDE_1.13.1/STM32CubeIDE/plugins/com.st.stm32cube.ide.mcu.externaltools.gnu-tools-for-stm32.11.3.rel1.win32_1.1.0.202305231506/tools/bin/../lib/gcc/arm-none-eabi/11.3.1/../../../../arm-none-eabi/lib/thumb/v7e-m+fp/hard\libc_nano.a(libc_a-mallocr.o) (__malloc_lock)
C:/ST/STM32CubeIDE_1.13.1/STM32CubeIDE/plugins/com.st.stm32cube.ide.mcu.externaltools.gnu-tools-for-stm32.11.3.rel1.win32_1.1.0.202305231506/tools/bin/../lib/gcc/arm-none-eabi/11.3.1/../../../../arm-none-eabi/lib/thumb/v7e-m+fp/hard\libc_nano.a(libc_a-strtod.o)
                              C:/ST/STM32CubeIDE_1.13.1/STM32CubeIDE/plugins/com.st.stm32cube.ide.mcu.externaltools.gnu-tools-for-stm32.11.3.rel1.win32_1.1.0.202305231506/tools/bin/../lib/gcc/arm-none-eabi/11.3.1/../../../../arm-none-eabi/lib/thumb/v7e-m+fp/hard\libc_nano.a(libc_a-atof.o) (strtod)
C:/ST/STM32CubeIDE_1.13.1/STM32CubeIDE/plugins/com.st.stm32cube.ide.mcu.externaltools.gnu-tools-for-stm32.11.3.rel1.win32_1.1.0.202305231506/tools/bin/../lib/gcc/arm-none-eabi/11.3.1/../../../../arm-none-eabi/lib/thumb/v7e-m+fp/hard\libc_nano.a(libc_a-strtol.o)
                              C:/ST/STM32CubeIDE_1.13.1/STM32CubeIDE/plugins/com.st.stm32cube.ide.mcu.externaltools.gnu-tools-for-stm32.11.3.rel1.win32_1.1.0.202305231506/tools/bin/../lib/gcc/arm-none-eabi/11.3.1/../../../../arm-none-eabi/lib/thumb/v7e-m+fp/hard\libc_nano.a(libc_a-atoi.o) (_strtol_r)
C:/ST/STM32CubeIDE_1.13.1/STM32CubeIDE/plugins/com.st.stm32cube.ide.mcu.externaltools.gnu-tools-for-stm32.11.3.rel1.win32_1.1.0.202305231506/tools/bin/../lib/gcc/arm-none-eabi/11.3.1/../../../../arm-none-eabi/lib/thumb/v7e-m+fp/hard\libc_nano.a(libc_a-ctype_.o)
                              C:/ST/STM32CubeIDE_1.13.1/STM32CubeIDE/plugins/com.st.stm32cube.ide.mcu.externaltools.gnu-tools-for-stm32.11.3.rel1.win32_1.1.0.202305231506/tools/bin/../lib/gcc/arm-none-eabi/11.3.1/../../../../arm-none-eabi/lib/thumb/v7e-m+fp/hard\libc_nano.a(libc_a-strtol.o) (_ctype_)
C:/ST/STM32CubeIDE_1.13.1/STM32CubeIDE/plugins/com.st.stm32cube.ide.mcu.externaltools.gnu-tools-for-stm32.11.3.rel1.win32_1.1.0.202305231506/tools/bin/../lib/gcc/arm-none-eabi/11.3.1/../../../../arm-none-eabi/lib/thumb/v7e-m+fp/hard\libc_nano.a(libc_a-nano-vfprintf_float.o)
                              (_printf_float)
[...]
Memory Configuration

Name             Origin             Length             Attributes
RAM              0x0000000020000000 0x0000000000018000 xrw
RAM2             0x0000000010000000 0x0000000000008000 xrw
FLASH            0x0000000008000000 0x0000000000100000 xr
*default*        0x0000000000000000 0xffffffffffffffff

Linker script and memory map

LOAD C:/ST/STM32CubeIDE_1.13.1/STM32CubeIDE/plugins/com.st.stm32cube.ide.mcu.externaltools.gnu-tools-for-stm32.11.3.rel1.win32_1.1.0.202305231506/tools/bin/../lib/gcc/arm-none-eabi/11.3.1/thumb/v7e-m+fp/hard/crti.o
LOAD C:/ST/STM32CubeIDE_1.13.1/STM32CubeIDE/plugins/com.st.stm32cube.ide.mcu.externaltools.gnu-tools-for-stm32.11.3.rel1.win32_1.1.0.202305231506/tools/bin/../lib/gcc/arm-none-eabi/11.3.1/thumb/v7e-m+fp/hard/crtbegin.o
LOAD C:/ST/STM32CubeIDE_1.13.1/STM32CubeIDE/plugins/com.st.stm32cube.ide.mcu.externaltools.gnu-tools-for-stm32.11.3.rel1.win32_1.1.0.202305231506/tools/bin/../lib/gcc/arm-none-eabi/11.3.1/../../../../arm-none-eabi/lib/thumb/v7e-m+fp/hard/crt0.o
LOAD ./Core/Src/freertos.o
LOAD ./Core/Src/main.o
LOAD ./Core/Src/stm32l4xx_hal_msp.o
LOAD ./Core/Src/stm32l4xx_it.o
LOAD ./Core/Src/syscalls.o
LOAD ./Core/Src/sysmem.o
LOAD ./Core/Src/system_stm32l4xx.o
LOAD ./Core/Startup/startup_stm32l476rgtx.o
LOAD ./Drivers/Communication/communication.o
LOAD ./Drivers/Display/DEV_Config.o
LOAD ./Drivers/Display/EPD_7in5_V2.o
LOAD ./Drivers/Display/GUI_Paint.o
LOAD ./Drivers/Display/skins.o
LOAD ./Drivers/STM32L4xx_HAL_Driver/Src/stm32l4xx_hal.o
LOAD ./Drivers/STM32L4xx_HAL_Driver/Src/stm32l4xx_hal_adc.o
LOAD ./Drivers/STM32L4xx_HAL_Driver/Src/stm32l4xx_hal_adc_ex.o
LOAD ./Drivers/STM32L4xx_HAL_Driver/Src/stm32l4xx_hal_cortex.o
LOAD ./Drivers/STM32L4xx_HAL_Driver/Src/stm32l4xx_hal_dma.o
LOAD ./Drivers/STM32L4xx_HAL_Driver/Src/stm32l4xx_hal_dma_ex.o
LOAD ./Drivers/STM32L4xx_HAL_Driver/Src/stm32l4xx_hal_exti.o
LOAD ./Drivers/STM32L4xx_HAL_Driver/Src/stm32l4xx_hal_flash.o
LOAD ./Drivers/STM32L4xx_HAL_Driver/Src/stm32l4xx_hal_flash_ex.o
LOAD ./Drivers/STM32L4xx_HAL_Driver/Src/stm32l4xx_hal_flash_ramfunc.o
LOAD ./Drivers/STM32L4xx_HAL_Driver/Src/stm32l4xx_hal_gpio.o
LOAD ./Drivers/STM32L4xx_HAL_Driver/Src/stm32l4xx_hal_pwr.o
LOAD ./Drivers/STM32L4xx_HAL_Driver/Src/stm32l4xx_hal_pwr_ex.o
LOAD ./Drivers/STM32L4xx_HAL_Driver/Src/stm32l4xx_hal_rcc.o
LOAD ./Drivers/STM32L4xx_HAL_Driver/Src/stm32l4xx_hal_rcc_ex.o
LOAD ./Drivers/STM32L4xx_HAL_Driver/Src/stm32l4xx_hal_rtc.o
LOAD ./Drivers/STM32L4xx_HAL_Driver/Src/stm32l4xx_hal_rtc_ex.o
LOAD ./Drivers/STM32L4xx_HAL_Driver/Src/stm32l4xx_hal_spi.o
LOAD ./Drivers/STM32L4xx_HAL_Driver/Src/stm32l4xx_hal_spi_ex.o
LOAD ./Drivers/STM32L4xx_HAL_Driver/Src/stm32l4xx_hal_tim.o
LOAD ./Drivers/STM32L4xx_HAL_Driver/Src/stm32l4xx_hal_tim_ex.o
LOAD ./Drivers/STM32L4xx_HAL_Driver/Src/stm32l4xx_hal_uart.o
LOAD ./Drivers/STM32L4xx_HAL_Driver/Src/stm32l4xx_hal_uart_ex.o
LOAD ./Drivers/WIFI/Wifi.o
LOAD ./Fonts/font12.o
LOAD ./Fonts/font12CN.o
LOAD ./Fonts/font16.o
LOAD ./Fonts/font20.o
LOAD ./Fonts/font24.o
LOAD ./Fonts/font24CN.o
LOAD ./Fonts/font8.o
LOAD ./Fonts/font_lucida_12.o
LOAD ./Fonts/font_lucida_12b.o
LOAD ./Fonts/font_lucida_18.o
LOAD ./Fonts/font_lucida_18b.o
LOAD ./Fonts/font_lucida_24.o
LOAD ./Fonts/font_lucida_24b.o
LOAD ./Fonts/font_lucida_30.o
LOAD ./Fonts/font_lucida_30b.o
LOAD ./Fonts/font_lucida_40.o
LOAD ./Fonts/font_lucida_40b.o
LOAD ./Fonts/font_lucida_60.o
LOAD ./Fonts/font_lucida_60b.o
LOAD ./Fonts/font_lucida_80.o
LOAD ./Fonts/font_lucida_80b.o
LOAD ./Middlewares/Third_Party/FreeRTOS/Source/CMSIS_RTOS/cmsis_os.o
LOAD ./Middlewares/Third_Party/FreeRTOS/Source/croutine.o
LOAD ./Middlewares/Third_Party/FreeRTOS/Source/event_groups.o
LOAD ./Middlewares/Third_Party/FreeRTOS/Source/list.o
LOAD ./Middlewares/Third_Party/FreeRTOS/Source/queue.o
LOAD ./Middlewares/Third_Party/FreeRTOS/Source/stream_buffer.o
LOAD ./Middlewares/Third_Party/FreeRTOS/Source/tasks.o
LOAD ./Middlewares/Third_Party/FreeRTOS/Source/timers.o
LOAD ./Middlewares/Third_Party/FreeRTOS/Source/portable/GCC/ARM_CM4F/port.o
LOAD ./Middlewares/Third_Party/FreeRTOS/Source/portable/MemMang/heap_4.o
START GROUP
LOAD C:/ST/STM32CubeIDE_1.13.1/STM32CubeIDE/plugins/com.st.stm32cube.ide.mcu.externaltools.gnu-tools-for-stm32.11.3.rel1.win32_1.1.0.202305231506/tools/bin/../lib/gcc/arm-none-eabi/11.3.1/../../../../arm-none-eabi/lib/thumb/v7e-m+fp/hard\libc_nano.a
LOAD C:/ST/STM32CubeIDE_1.13.1/STM32CubeIDE/plugins/com.st.stm32cube.ide.mcu.externaltools.gnu-tools-for-stm32.11.3.rel1.win32_1.1.0.202305231506/tools/bin/../lib/gcc/arm-none-eabi/11.3.1/../../../../arm-none-eabi/lib/thumb/v7e-m+fp/hard\libm.a
END GROUP
START GROUP
LOAD C:/ST/STM32CubeIDE_1.13.1/STM32CubeIDE/plugins/com.st.stm32cube.ide.mcu.externaltools.gnu-tools-for-stm32.11.3.rel1.win32_1.1.0.202305231506/tools/bin/../lib/gcc/arm-none-eabi/11.3.1/thumb/v7e-m+fp/hard\libgcc.a
LOAD C:/ST/STM32CubeIDE_1.13.1/STM32CubeIDE/plugins/com.st.stm32cube.ide.mcu.externaltools.gnu-tools-for-stm32.11.3.rel1.win32_1.1.0.202305231506/tools/bin/../lib/gcc/arm-none-eabi/11.3.1/../../../../arm-none-eabi/lib/thumb/v7e-m+fp/hard\libc_nano.a
END GROUP
START GROUP
LOAD C:/ST/STM32CubeIDE_1.13.1/STM32CubeIDE/plugins/com.st.stm32cube.ide.mcu.externaltools.gnu-tools-for-stm32.11.3.rel1.win32_1.1.0.202305231506/tools/bin/../lib/gcc/arm-none-eabi/11.3.1/thumb/v7e-m+fp/hard\libgcc.a
LOAD C:/ST/STM32CubeIDE_1.13.1/STM32CubeIDE/plugins/com.st.stm32cube.ide.mcu.externaltools.gnu-tools-for-stm32.11.3.rel1.win32_1.1.0.202305231506/tools/bin/../lib/gcc/arm-none-eabi/11.3.1/../../../../arm-none-eabi/lib/thumb/v7e-m+fp/hard\libc_nano.a
LOAD C:/ST/STM32CubeIDE_1.13.1/STM32CubeIDE/plugins/com.st.stm32cube.ide.mcu.externaltools.gnu-tools-for-stm32.11.3.rel1.win32_1.1.0.202305231506/tools/bin/../lib/gcc/arm-none-eabi/11.3.1/../../../../arm-none-eabi/lib/thumb/v7e-m+fp/hard\libnosys.a
END GROUP
START GROUP
LOAD C:/ST/STM32CubeIDE_1.13.1/STM32CubeIDE/plugins/com.st.stm32cube.ide.mcu.externaltools.gnu-tools-for-stm32.11.3.rel1.win32_1.1.0.202305231506/tools/bin/../lib/gcc/arm-none-eabi/11.3.1/thumb/v7e-m+fp/hard\libgcc.a
LOAD C:/ST/STM32CubeIDE_1.13.1/STM32CubeIDE/plugins/com.st.stm32cube.ide.mcu.externaltools.gnu-tools-for-stm32.11.3.rel1.win32_1.1.0.202305231506/tools/bin/../lib/gcc/arm-none-eabi/11.3.1/../../../../arm-none-eabi/lib/thumb/v7e-m+fp/hard\libc_nano.a
LOAD C:/ST/STM32CubeIDE_1.13.1/STM32CubeIDE/plugins/com.st.stm32cube.ide.mcu.externaltools.gnu-tools-for-stm32.11.3.rel1.win32_1.1.0.202305231506/tools/bin/../lib/gcc/arm-none-eabi/11.3.1/../../../../arm-none-eabi/lib/thumb/v7e-m+fp/hard\libnosys.a
END GROUP
LOAD C:/ST/STM32CubeIDE_1.13.1/STM32CubeIDE/plugins/com.st.stm32cube.ide.mcu.externaltools.gnu-tools-for-stm32.11.3.rel1.win32_1.1.0.202305231506/tools/bin/../lib/gcc/arm-none-eabi/11.3.1/thumb/v7e-m+fp/hard/crtend.o
LOAD C:/ST/STM32CubeIDE_1.13.1/STM32CubeIDE/plugins/com.st.stm32cube.ide.mcu.externaltools.gnu-tools-for-stm32.11.3.rel1.win32_1.1.0.202305231506/tools/bin/../lib/gcc/arm-none-eabi/11.3.1/thumb/v7e-m+fp/hard/crtn.o
                0x0000000020018000                _estack = (ORIGIN (RAM) + LENGTH (RAM))
                0x0000000000000200                _Min_Heap_Size = 0x200
                0x0000000000000400                _Min_Stack_Size = 0x400

.isr_vector     0x0000000008000000      0x188
                0x0000000008000000                . = ALIGN (0x4)
 *(.isr_vector)
 .isr_vector    0x0000000008000000      0x188 ./Core/Startup/startup_stm32l476rgtx.o
                0x0000000008000000                g_pfnVectors
                0x0000000008000188                . = ALIGN (0x4)

.text           0x0000000008000190    0x102f0
                0x0000000008000190                . = ALIGN (0x4)
 *(.text)
 .text          0x0000000008000190       0x40 C:/ST/STM32CubeIDE_1.13.1/STM32CubeIDE/plugins/com.st.stm32cube.ide.mcu.externaltools.gnu-tools-for-stm32.11.3.rel1.win32_1.1.0.202305231506/tools/bin/../lib/gcc/arm-none-eabi/11.3.1/thumb/v7e-m+fp/hard/crtbegin.o
 .text          0x00000000080001d0       0xa0 C:/ST/STM32CubeIDE_1.13.1/STM32CubeIDE/plugins/com.st.stm32cube.ide.mcu.externaltools.gnu-tools-for-stm32.11.3.rel1.win32_1.1.0.202305231506/tools/bin/../lib/gcc/arm-none-eabi/11.3.1/../../../../arm-none-eabi/lib/thumb/v7e-m+fp/hard\libc_nano.a(libc_a-memchr.o)
                0x00000000080001d0                memchr
 .text          0x0000000008000270       0x10 C:/ST/STM32CubeIDE_1.13.1/STM32CubeIDE/plugins/com.st.stm32cube.ide.mcu.externaltools.gnu-tools-for-stm32.11.3.rel1.win32_1.1.0.202305231506/tools/bin/../lib/gcc/arm-none-eabi/11.3.1/../../../../arm-none-eabi/lib/thumb/v7e-m+fp/hard\libc_nano.a(libc_a-strlen.o)
                0x0000000008000270                strlen
 .text          0x0000000008000280      0x378 C:/ST/STM32CubeIDE_1.13.1/STM32CubeIDE/plugins/com.st.stm32cube.ide.mcu.externaltools.gnu-tools-for-stm32.11.3.rel1.win32_1.1.0.202305231506/tools/bin/../lib/gcc/arm-none-eabi/11.3.1/thumb/v7e-m+fp/hard\libgcc.a(_arm_addsubdf3.o)
                0x0000000008000280                __aeabi_drsub
                0x0000000008000288                __aeabi_dsub
                0x0000000008000288                __subdf3
                0x000000000800028c                __aeabi_dadd
                0x000000000800028c                __adddf3
                0x0000000008000504                __floatunsidf
                0x0000000008000504                __aeabi_ui2d
                0x0000000008000524                __floatsidf
                0x0000000008000524                __aeabi_i2d
                0x0000000008000548                __aeabi_f2d
                0x0000000008000548                __extendsfdf2
                0x000000000800058c                __floatundidf
                0x000000000800058c                __aeabi_ul2d
                0x000000000800059c                __floatdidf
                0x000000000800059c                __aeabi_l2d
 .text          0x00000000080005f8      0x424 C:/ST/STM32CubeIDE_1.13.1/STM32CubeIDE/plugins/com.st.stm32cube.ide.mcu.externaltools.gnu-tools-for-stm32.11.3.rel1.win32_1.1.0.202305231506/tools/bin/../lib/gcc/arm-none-eabi/11.3.1/thumb/v7e-m+fp/hard\libgcc.a(_arm_muldivdf3.o)
                0x00000000080005f8                __aeabi_dmul
                0x00000000080005f8                __muldf3
                0x000000000800084c                __divdf3
                0x000000000800084c                __aeabi_ddiv
 .text          0x0000000008000a1c      0x110 C:/ST/STM32CubeIDE_1.13.1/STM32CubeIDE/plugins/com.st.stm32cube.ide.mcu.externaltools.gnu-tools-for-stm32.11.3.rel1.win32_1.1.0.202305231506/tools/bin/../lib/gcc/arm-none-eabi/11.3.1/thumb/v7e-m+fp/hard\libgcc.a(_arm_cmpdf2.o)
                0x0000000008000a1c                __gtdf2
                0x0000000008000a1c                __gedf2
                0x0000000008000a24                __ltdf2
                0x0000000008000a24                __ledf2
                0x0000000008000a2c                __nedf2
                0x0000000008000a2c                __eqdf2
                0x0000000008000a2c                __cmpdf2
                0x0000000008000aa8                __aeabi_cdrcmple
                0x0000000008000ab8                __aeabi_cdcmpeq
                0x0000000008000ab8                __aeabi_cdcmple
                0x0000000008000ac8                __aeabi_dcmpeq
                0x0000000008000adc                __aeabi_dcmplt
                0x0000000008000af0                __aeabi_dcmple
                0x0000000008000b04                __aeabi_dcmpge
                0x0000000008000b18                __aeabi_dcmpgt
 .text          0x0000000008000b2c       0x2c C:/ST/STM32CubeIDE_1.13.1/STM32CubeIDE/plugins/com.st.stm32cube.ide.mcu.externaltools.gnu-tools-for-stm32.11.3.rel1.win32_1.1.0.202305231506/tools/bin/../lib/gcc/arm-none-eabi/11.3.1/thumb/v7e-m+fp/hard\libgcc.a(_arm_unorddf2.o)
                0x0000000008000b2c                __unorddf2
                0x0000000008000b2c                __aeabi_dcmpun
 .text          0x0000000008000b58       0x50 C:/ST/STM32CubeIDE_1.13.1/STM32CubeIDE/plugins/com.st.stm32cube.ide.mcu.externaltools.gnu-tools-for-stm32.11.3.rel1.win32_1.1.0.202305231506/tools/bin/../lib/gcc/arm-none-eabi/11.3.1/thumb/v7e-m+fp/hard\libgcc.a(_arm_fixdfsi.o)
                0x0000000008000b58                __aeabi_d2iz
                0x0000000008000b58                __fixdfsi
 .text          0x0000000008000ba8       0x40 C:/ST/STM32CubeIDE_1.13.1/STM32CubeIDE/plugins/com.st.stm32cube.ide.mcu.externaltools.gnu-tools-for-stm32.11.3.rel1.win32_1.1.0.202305231506/tools/bin/../lib/gcc/arm-none-eabi/11.3.1/thumb/v7e-m+fp/hard\libgcc.a(_arm_fixunsdfsi.o)
                0x0000000008000ba8                __aeabi_d2uiz
                0x0000000008000ba8                __fixunsdfsi
 .text          0x0000000008000be8       0x30 C:/ST/STM32CubeIDE_1.13.1/STM32CubeIDE/plugins/com.st.stm32cube.ide.mcu.externaltools.gnu-tools-for-stm32.11.3.rel1.win32_1.1.0.202305231506/tools/bin/../lib/gcc/arm-none-eabi/11.3.1/thumb/v7e-m+fp/hard\libgcc.a(_aeabi_uldivmod.o)
                0x0000000008000be8                __aeabi_uldivmod
 .text          0x0000000008000c18      0x2c8 C:/ST/STM32CubeIDE_1.13.1/STM32CubeIDE/plugins/com.st.stm32cube.ide.mcu.externaltools.gnu-tools-for-stm32.11.3.rel1.win32_1.1.0.202305231506/tools/bin/../lib/gcc/arm-none-eabi/11.3.1/thumb/v7e-m+fp/hard\libgcc.a(_udivmoddi4.o)
                0x0000000008000c18                __udivmoddi4
 .text          0x0000000008000ee0        0x4 C:/ST/STM32CubeIDE_1.13.1/STM32CubeIDE/plugins/com.st.stm32cube.ide.mcu.externaltools.gnu-tools-for-stm32.11.3.rel1.win32_1.1.0.202305231506/tools/bin/../lib/gcc/arm-none-eabi/11.3.1/thumb/v7e-m+fp/hard\libgcc.a(_dvmd_tls.o)
                0x0000000008000ee0                __aeabi_idiv0
                0x0000000008000ee0                __aeabi_ldiv0
 *(.text*)
 .text.vApplicationGetIdleTaskMemory
                0x0000000008000ee4       0x34 ./Core/Src/freertos.o
                0x0000000008000ee4                vApplicationGetIdleTaskMemory
 .text.main     0x0000000008000f18       0xac ./Core/Src/main.o
                0x0000000008000f18                main
 .text.SystemClock_Config
                0x0000000008000fc4       0xa6 ./Core/Src/main.o
                0x0000000008000fc4                SystemClock_Config
 *fill*         0x000000000800106a        0x2 
 .text.MX_ADC3_Init
                0x000000000800106c       0xc8 ./Core/Src/main.o
 .text.MX_RTC_Init
                0x0000000008001134       0x68 ./Core/Src/main.o
 .text.MX_SPI2_Init
                0x000000000800119c       0x7c ./Core/Src/main.o
 .text.MX_USART3_UART_Init
                0x0000000008001218       0x60 ./Core/Src/main.o
 .text.MX_GPIO_Init
                0x0000000008001278      0x188 ./Core/Src/main.o
 .text.HAL_GPIO_EXTI_Callback
                0x0000000008001400       0x28 ./Core/Src/main.o
                0x0000000008001400                HAL_GPIO_EXTI_Callback
 .text.HAL_RTCEx_WakeUpTimerEventCallback
                0x0000000008001428       0x24 ./Core/Src/main.o
                0x0000000008001428                HAL_RTCEx_WakeUpTimerEventCallback
 *fill*         0x000000000800144c        0x4 
 .text.u16BatteryVoltage
                0x0000000008001450       0xe8 ./Core/Src/main.o
                0x0000000008001450                u16BatteryVoltage
 .text.Error_Handler
                0x0000000008001538        0xa ./Core/Src/main.o
                0x0000000008001538                Error_Handler
 *fill*         0x0000000008001542        0x2 
 .text.HAL_MspInit
                0x0000000008001544       0x50 ./Core/Src/stm32l4xx_hal_msp.o
                0x0000000008001544                HAL_MspInit
 .text.HAL_ADC_MspInit
                0x0000000008001594       0xd4 ./Core/Src/stm32l4xx_hal_msp.o
                0x0000000008001594                HAL_ADC_MspInit
 .text.HAL_RTC_MspInit
                0x0000000008001668       0x74 ./Core/Src/stm32l4xx_hal_msp.o
                0x0000000008001668                HAL_RTC_MspInit
 .text.HAL_SPI_MspInit
                0x00000000080016dc       0xc4 ./Core/Src/stm32l4xx_hal_msp.o
                0x00000000080016dc                HAL_SPI_MspInit
 .text.HAL_UART_MspInit
                0x00000000080017a0       0xcc ./Core/Src/stm32l4xx_hal_msp.o
                0x00000000080017a0                HAL_UART_MspInit
 .text.NMI_Handler
                0x000000000800186c        0x6 ./Core/Src/stm32l4xx_it.o
                0x000000000800186c                NMI_Handler
 .text.HardFault_Handler
                0x0000000008001872        0x6 ./Core/Src/stm32l4xx_it.o
                0x0000000008001872                HardFault_Handler
 .text.MemManage_Handler
                0x0000000008001878        0x6 ./Core/Src/stm32l4xx_it.o
                0x0000000008001878                MemManage_Handler
 .text.BusFault_Handler
                0x000000000800187e        0x6 ./Core/Src/stm32l4xx_it.o
                0x000000000800187e                BusFault_Handler
 .text.UsageFault_Handler
                0x0000000008001884        0x6 ./Core/Src/stm32l4xx_it.o
                0x0000000008001884                UsageFault_Handler
 .text.DebugMon_Handler
                0x000000000800188a        0xe ./Core/Src/stm32l4xx_it.o
                0x000000000800188a                DebugMon_Handler
 .text.SysTick_Handler
                0x0000000008001898       0x1a ./Core/Src/stm32l4xx_it.o
                0x0000000008001898                SysTick_Handler
 *fill*         0x00000000080018b2        0x2 
 .text.RTC_WKUP_IRQHandler
                0x00000000080018b4       0x14 ./Core/Src/stm32l4xx_it.o
                0x00000000080018b4                RTC_WKUP_IRQHandler
 .text.USART3_IRQHandler
                0x00000000080018c8       0x14 ./Core/Src/stm32l4xx_it.o
                0x00000000080018c8                USART3_IRQHandler
 .text.EXTI15_10_IRQHandler
                0x00000000080018dc       0x10 ./Core/Src/stm32l4xx_it.o
                0x00000000080018dc                EXTI15_10_IRQHandler
 .text._getpid  0x00000000080018ec       0x10 ./Core/Src/syscalls.o
                0x00000000080018ec                _getpid
 .text._kill    0x00000000080018fc       0x20 ./Core/Src/syscalls.o
                0x00000000080018fc                _kill
 .text._exit    0x000000000800191c       0x14 ./Core/Src/syscalls.o
                0x000000000800191c                _exit
 .text._read    0x0000000008001930       0x3a ./Core/Src/syscalls.o
                0x0000000008001930                _read
 .text._write   0x000000000800196a       0x38 ./Core/Src/syscalls.o
                0x000000000800196a                _write
 .text._close   0x00000000080019a2       0x18 ./Core/Src/syscalls.o
                0x00000000080019a2                _close
 .text._fstat   0x00000000080019ba       0x20 ./Core/Src/syscalls.o
                0x00000000080019ba                _fstat
 .text._isatty  0x00000000080019da       0x16 ./Core/Src/syscalls.o
                0x00000000080019da                _isatty
 .text._lseek   0x00000000080019f0       0x1a ./Core/Src/syscalls.o
                0x00000000080019f0                _lseek
 *fill*         0x0000000008001a0a        0x2 
 .text._sbrk    0x0000000008001a0c       0x6c ./Core/Src/sysmem.o
                0x0000000008001a0c                _sbrk
 .text.SystemInit
                0x0000000008001a78       0x24 ./Core/Src/system_stm32l4xx.o
                0x0000000008001a78                SystemInit
 .text.Reset_Handler
                0x0000000008001a9c       0x50 ./Core/Startup/startup_stm32l476rgtx.o
                0x0000000008001a9c                Reset_Handler
 .text.Default_Handler
                0x0000000008001aec        0x2 ./Core/Startup/startup_stm32l476rgtx.o
                0x0000000008001aec                RTC_Alarm_IRQHandler
                0x0000000008001aec                EXTI2_IRQHandler
                0x0000000008001aec                TIM8_TRG_COM_IRQHandler
                0x0000000008001aec                TIM8_CC_IRQHandler
                0x0000000008001aec                TIM1_CC_IRQHandler
                0x0000000008001aec                TSC_IRQHandler
                0x0000000008001aec                TAMP_STAMP_IRQHandler
                0x0000000008001aec                EXTI3_IRQHandler
                0x0000000008001aec                LPTIM2_IRQHandler
                0x0000000008001aec                DFSDM1_FLT1_IRQHandler
                0x0000000008001aec                I2C3_ER_IRQHandler
                0x0000000008001aec                DFSDM1_FLT2_IRQHandler
                0x0000000008001aec                EXTI0_IRQHandler
                0x0000000008001aec                I2C2_EV_IRQHandler
                0x0000000008001aec                CAN1_RX0_IRQHandler
                0x0000000008001aec                FPU_IRQHandler
                0x0000000008001aec                TIM1_UP_TIM16_IRQHandler
                0x0000000008001aec                ADC1_2_IRQHandler
                0x0000000008001aec                SPI1_IRQHandler
                0x0000000008001aec                TIM6_DAC_IRQHandler
                0x0000000008001aec                TIM8_UP_IRQHandler
                0x0000000008001aec                DMA2_Channel2_IRQHandler
                0x0000000008001aec                DMA1_Channel4_IRQHandler
                0x0000000008001aec                SAI2_IRQHandler
                0x0000000008001aec                DFSDM1_FLT3_IRQHandler
                0x0000000008001aec                DMA1_Channel7_IRQHandler
                0x0000000008001aec                CAN1_RX1_IRQHandler
                0x0000000008001aec                LCD_IRQHandler
                0x0000000008001aec                UART5_IRQHandler
                0x0000000008001aec                ADC3_IRQHandler
                0x0000000008001aec                TIM4_IRQHandler
                0x0000000008001aec                DMA2_Channel1_IRQHandler
                0x0000000008001aec                QUADSPI_IRQHandler
                0x0000000008001aec                I2C1_EV_IRQHandler
                0x0000000008001aec                DMA1_Channel6_IRQHandler
                0x0000000008001aec                UART4_IRQHandler
                0x0000000008001aec                DMA2_Channel4_IRQHandler
                0x0000000008001aec                TIM3_IRQHandler
                0x0000000008001aec                RCC_IRQHandler
                0x0000000008001aec                DMA1_Channel1_IRQHandler
                0x0000000008001aec                Default_Handler
                0x0000000008001aec                DMA2_Channel7_IRQHandler
                0x0000000008001aec                TIM7_IRQHandler
                0x0000000008001aec                SDMMC1_IRQHandler
                0x0000000008001aec                TIM5_IRQHandler
                0x0000000008001aec                I2C3_EV_IRQHandler
                0x0000000008001aec                EXTI9_5_IRQHandler
                0x0000000008001aec                PVD_PVM_IRQHandler
                0x0000000008001aec                SPI2_IRQHandler
                0x0000000008001aec                CAN1_TX_IRQHandler
                0x0000000008001aec                DMA2_Channel5_IRQHandler
                0x0000000008001aec                DMA1_Channel5_IRQHandler
                0x0000000008001aec                EXTI4_IRQHandler
                0x0000000008001aec                RNG_IRQHandler
                0x0000000008001aec                TIM1_TRG_COM_TIM17_IRQHandler
                0x0000000008001aec                DMA1_Channel3_IRQHandler
                0x0000000008001aec                COMP_IRQHandler
                0x0000000008001aec                WWDG_IRQHandler
                0x0000000008001aec                LPUART1_IRQHandler
                0x0000000008001aec                DMA2_Channel6_IRQHandler
                0x0000000008001aec                TIM2_IRQHandler
                0x0000000008001aec                EXTI1_IRQHandler
                0x0000000008001aec                USART2_IRQHandler
                0x0000000008001aec                DFSDM1_FLT0_IRQHandler
                0x0000000008001aec                I2C2_ER_IRQHandler
                0x0000000008001aec                DMA1_Channel2_IRQHandler
                0x0000000008001aec                TIM8_BRK_IRQHandler
                0x0000000008001aec                CAN1_SCE_IRQHandler
                0x0000000008001aec                FLASH_IRQHandler
                0x0000000008001aec                USART1_IRQHandler
                0x0000000008001aec                OTG_FS_IRQHandler
                0x0000000008001aec                SPI3_IRQHandler
                0x0000000008001aec                I2C1_ER_IRQHandler
                0x0000000008001aec                FMC_IRQHandler
                0x0000000008001aec                SWPMI1_IRQHandler
                0x0000000008001aec                LPTIM1_IRQHandler
                0x0000000008001aec                SAI1_IRQHandler
                0x0000000008001aec                DMA2_Channel3_IRQHandler
                0x0000000008001aec                TIM1_BRK_TIM15_IRQHandler
 .text.jsmn_alloc_token
                0x0000000008001aee       0x50 ./Drivers/Communication/communication.o
 .text.jsmn_fill_token
                0x0000000008001b3e       0x34 ./Drivers/Communication/communication.o
 *fill*         0x0000000008001b72        0x2 
 .text.jsmn_parse_primitive
                0x0000000008001b74      0x110 ./Drivers/Communication/communication.o
 .text.jsmn_parse_string
                0x0000000008001c84      0x1c8 ./Drivers/Communication/communication.o
 .text.jsmn_parse
                0x0000000008001e4c      0x36c ./Drivers/Communication/communication.o
                0x0000000008001e4c                jsmn_parse
 .text.jsmn_init
                0x00000000080021b8       0x28 ./Drivers/Communication/communication.o
                0x00000000080021b8                jsmn_init
 .text.Wifi_UserProcess
                0x00000000080021e0      0x110 ./Drivers/Communication/communication.o
                0x00000000080021e0                Wifi_UserProcess
 .text.Wifi_UserInit
                0x00000000080022f0       0x44 ./Drivers/Communication/communication.o
                0x00000000080022f0                Wifi_UserInit
 .text.jsoneq   0x0000000008002334       0x5e ./Drivers/Communication/communication.o
 *fill*         0x0000000008002392        0x2 
 .text.u8Pull_Request
                0x0000000008002394       0x68 ./Drivers/Communication/communication.o
                0x0000000008002394                u8Pull_Request
 .text.u8Use_Data
                0x00000000080023fc      0xbe4 ./Drivers/Communication/communication.o
                0x00000000080023fc                u8Use_Data
 .text.DEV_SPI_WriteByte
                0x0000000008002fe0       0x24 ./Drivers/Display/DEV_Config.o
                0x0000000008002fe0                DEV_SPI_WriteByte
 .text.DEV_Module_Init
                0x0000000008003004       0x2c ./Drivers/Display/DEV_Config.o
                0x0000000008003004                DEV_Module_Init
 .text.DEV_Module_Exit
                0x0000000008003030       0x2c ./Drivers/Display/DEV_Config.o
                0x0000000008003030                DEV_Module_Exit
 .text.EPD_Reset
                0x000000000800305c       0x3c ./Drivers/Display/EPD_7in5_V2.o
 .text.EPD_SendCommand
                0x0000000008003098       0x3c ./Drivers/Display/EPD_7in5_V2.o
 .text.EPD_SendData
                0x00000000080030d4       0x3c ./Drivers/Display/EPD_7in5_V2.o
 .text.EPD_WaitUntilIdle
                0x0000000008003110       0x44 ./Drivers/Display/EPD_7in5_V2.o
 .text.EPD_7IN5_V2_LUT
                0x0000000008003154       0xd6 ./Drivers/Display/EPD_7in5_V2.o
 .text.EPD_7IN5_V2_TurnOnDisplay
                0x000000000800322a       0x18 ./Drivers/Display/EPD_7in5_V2.o
 *fill*         0x0000000008003242        0x2 
 .text.EPD_7IN5_V2_Init
                0x0000000008003244      0x130 ./Drivers/Display/EPD_7in5_V2.o
                0x0000000008003244                EPD_7IN5_V2_Init
 .text.EPD_7IN5_V2_Display
                0x0000000008003374       0x68 ./Drivers/Display/EPD_7in5_V2.o
                0x0000000008003374                EPD_7IN5_V2_Display
 .text.Paint_NewImage
                0x00000000080033dc       0xac ./Drivers/Display/GUI_Paint.o
                0x00000000080033dc                Paint_NewImage
 .text.Paint_SelectImage
                0x0000000008003488       0x20 ./Drivers/Display/GUI_Paint.o
                0x0000000008003488                Paint_SelectImage
 .text.Paint_SetPixel
                0x00000000080034a8      0x298 ./Drivers/Display/GUI_Paint.o
                0x00000000080034a8                Paint_SetPixel
 .text.Paint_Clear
                0x0000000008003740      0x140 ./Drivers/Display/GUI_Paint.o
                0x0000000008003740                Paint_Clear
 .text.Paint_DrawChar
                0x0000000008003880      0x14c ./Drivers/Display/GUI_Paint.o
                0x0000000008003880                Paint_DrawChar
 .text.Paint_DrawString_EN
                0x00000000080039cc       0xa4 ./Drivers/Display/GUI_Paint.o
                0x00000000080039cc                Paint_DrawString_EN
 .text.Paint_DrawBitMap_Paste
                0x0000000008003a70       0xe2 ./Drivers/Display/GUI_Paint.o
                0x0000000008003a70                Paint_DrawBitMap_Paste
 *fill*         0x0000000008003b52        0x2 
 .text.vPrint_Skin_Office
                0x0000000008003b54      0x1b4 ./Drivers/Display/skins.o
                0x0000000008003b54                vPrint_Skin_Office
 .text.vPrint_Skin_Lecture_Room
                0x0000000008003d08      0x1c0 ./Drivers/Display/skins.o
                0x0000000008003d08                vPrint_Skin_Lecture_Room
 .text.HAL_Init
                0x0000000008003ec8       0x40 ./Drivers/STM32L4xx_HAL_Driver/Src/stm32l4xx_hal.o
                0x0000000008003ec8                HAL_Init
 .text.HAL_InitTick
                0x0000000008003f08       0x78 ./Drivers/STM32L4xx_HAL_Driver/Src/stm32l4xx_hal.o
                0x0000000008003f08                HAL_InitTick
 .text.HAL_IncTick
                0x0000000008003f80       0x28 ./Drivers/STM32L4xx_HAL_Driver/Src/stm32l4xx_hal.o
                0x0000000008003f80                HAL_IncTick
 .text.HAL_GetTick
                0x0000000008003fa8       0x18 ./Drivers/STM32L4xx_HAL_Driver/Src/stm32l4xx_hal.o
                0x0000000008003fa8                HAL_GetTick
 .text.HAL_Delay
                0x0000000008003fc0       0x48 ./Drivers/STM32L4xx_HAL_Driver/Src/stm32l4xx_hal.o
                0x0000000008003fc0                HAL_Delay
 .text.HAL_SuspendTick
                0x0000000008004008       0x20 ./Drivers/STM32L4xx_HAL_Driver/Src/stm32l4xx_hal.o
                0x0000000008004008                HAL_SuspendTick
 .text.HAL_ResumeTick
                0x0000000008004028       0x20 ./Drivers/STM32L4xx_HAL_Driver/Src/stm32l4xx_hal.o
                0x0000000008004028                HAL_ResumeTick
 .text.HAL_GetUIDw0
                0x0000000008004048       0x18 ./Drivers/STM32L4xx_HAL_Driver/Src/stm32l4xx_hal.o
                0x0000000008004048                HAL_GetUIDw0
 .text.LL_ADC_SetCommonClock
                0x0000000008004060       0x26 ./Drivers/STM32L4xx_HAL_Driver/Src/stm32l4xx_hal_adc.o
 .text.LL_ADC_SetCommonPathInternalCh
                0x0000000008004086       0x26 ./Drivers/STM32L4xx_HAL_Driver/Src/stm32l4xx_hal_adc.o
 .text.LL_ADC_GetCommonPathInternalCh
                0x00000000080040ac       0x1c ./Drivers/STM32L4xx_HAL_Driver/Src/stm32l4xx_hal_adc.o
 .text.LL_ADC_SetOffset
                0x00000000080040c8       0x48 ./Drivers/STM32L4xx_HAL_Driver/Src/stm32l4xx_hal_adc.o
 .text.LL_ADC_GetOffsetChannel
                0x0000000008004110       0x2c ./Drivers/STM32L4xx_HAL_Driver/Src/stm32l4xx_hal_adc.o
 .text.LL_ADC_SetOffsetState
                0x000000000800413c       0x36 ./Drivers/STM32L4xx_HAL_Driver/Src/stm32l4xx_hal_adc.o
 .text.LL_ADC_REG_IsTriggerSourceSWStart
                0x0000000008004172       0x26 ./Drivers/STM32L4xx_HAL_Driver/Src/stm32l4xx_hal_adc.o
 .text.LL_ADC_REG_SetSequencerRanks
                0x0000000008004198       0x58 ./Drivers/STM32L4xx_HAL_Driver/Src/stm32l4xx_hal_adc.o
 .text.LL_ADC_SetChannelSamplingTime
                0x00000000080041f0       0x56 ./Drivers/STM32L4xx_HAL_Driver/Src/stm32l4xx_hal_adc.o
 *fill*         0x0000000008004246        0x2 
 .text.LL_ADC_SetChannelSingleDiff
                0x0000000008004248       0x48 ./Drivers/STM32L4xx_HAL_Driver/Src/stm32l4xx_hal_adc.o
 .text.LL_ADC_GetMultimode
                0x0000000008004290       0x1c ./Drivers/STM32L4xx_HAL_Driver/Src/stm32l4xx_hal_adc.o
 .text.LL_ADC_GetMultiDMATransfer
                0x00000000080042ac       0x1c ./Drivers/STM32L4xx_HAL_Driver/Src/stm32l4xx_hal_adc.o
 .text.LL_ADC_DisableDeepPowerDown
                0x00000000080042c8       0x24 ./Drivers/STM32L4xx_HAL_Driver/Src/stm32l4xx_hal_adc.o
 .text.LL_ADC_IsDeepPowerDownEnabled
                0x00000000080042ec       0x28 ./Drivers/STM32L4xx_HAL_Driver/Src/stm32l4xx_hal_adc.o
 .text.LL_ADC_EnableInternalRegulator
                0x0000000008004314       0x28 ./Drivers/STM32L4xx_HAL_Driver/Src/stm32l4xx_hal_adc.o
 .text.LL_ADC_IsInternalRegulatorEnabled
                0x000000000800433c       0x28 ./Drivers/STM32L4xx_HAL_Driver/Src/stm32l4xx_hal_adc.o
 .text.LL_ADC_Enable
                0x0000000008004364       0x28 ./Drivers/STM32L4xx_HAL_Driver/Src/stm32l4xx_hal_adc.o
 .text.LL_ADC_IsEnabled
                0x000000000800438c       0x26 ./Drivers/STM32L4xx_HAL_Driver/Src/stm32l4xx_hal_adc.o
 .text.LL_ADC_REG_StartConversion
                0x00000000080043b2       0x28 ./Drivers/STM32L4xx_HAL_Driver/Src/stm32l4xx_hal_adc.o
 .text.LL_ADC_REG_IsConversionOngoing
                0x00000000080043da       0x26 ./Drivers/STM32L4xx_HAL_Driver/Src/stm32l4xx_hal_adc.o
 .text.LL_ADC_INJ_IsConversionOngoing
                0x0000000008004400       0x26 ./Drivers/STM32L4xx_HAL_Driver/Src/stm32l4xx_hal_adc.o
 *fill*         0x0000000008004426        0x2 
 .text.HAL_ADC_Init
                0x0000000008004428      0x2ac ./Drivers/STM32L4xx_HAL_Driver/Src/stm32l4xx_hal_adc.o
                0x0000000008004428                HAL_ADC_Init
 .text.HAL_ADC_Start
                0x00000000080046d4      0x174 ./Drivers/STM32L4xx_HAL_Driver/Src/stm32l4xx_hal_adc.o
                0x00000000080046d4                HAL_ADC_Start
 .text.HAL_ADC_PollForConversion
                0x0000000008004848      0x1b0 ./Drivers/STM32L4xx_HAL_Driver/Src/stm32l4xx_hal_adc.o
                0x0000000008004848                HAL_ADC_PollForConversion
 .text.HAL_ADC_GetValue
                0x00000000080049f8       0x1a ./Drivers/STM32L4xx_HAL_Driver/Src/stm32l4xx_hal_adc.o
                0x00000000080049f8                HAL_ADC_GetValue
 *fill*         0x0000000008004a12        0x2 
 .text.HAL_ADC_ConfigChannel
                0x0000000008004a14      0x7e0 ./Drivers/STM32L4xx_HAL_Driver/Src/stm32l4xx_hal_adc.o
                0x0000000008004a14                HAL_ADC_ConfigChannel
 .text.ADC_Enable
                0x00000000080051f4      0x10c ./Drivers/STM32L4xx_HAL_Driver/Src/stm32l4xx_hal_adc.o
                0x00000000080051f4                ADC_Enable
 .text.__NVIC_SetPriorityGrouping
                0x0000000008005300       0x48 ./Drivers/STM32L4xx_HAL_Driver/Src/stm32l4xx_hal_cortex.o
 .text.__NVIC_GetPriorityGrouping
                0x0000000008005348       0x1c ./Drivers/STM32L4xx_HAL_Driver/Src/stm32l4xx_hal_cortex.o
 .text.__NVIC_EnableIRQ
                0x0000000008005364       0x3c ./Drivers/STM32L4xx_HAL_Driver/Src/stm32l4xx_hal_cortex.o
 .text.__NVIC_SetPriority
                0x00000000080053a0       0x54 ./Drivers/STM32L4xx_HAL_Driver/Src/stm32l4xx_hal_cortex.o
 .text.NVIC_EncodePriority
                0x00000000080053f4       0x66 ./Drivers/STM32L4xx_HAL_Driver/Src/stm32l4xx_hal_cortex.o
 *fill*         0x000000000800545a        0x2 
 .text.SysTick_Config
                0x000000000800545c       0x44 ./Drivers/STM32L4xx_HAL_Driver/Src/stm32l4xx_hal_cortex.o
 .text.HAL_NVIC_SetPriorityGrouping
                0x00000000080054a0       0x16 ./Drivers/STM32L4xx_HAL_Driver/Src/stm32l4xx_hal_cortex.o
                0x00000000080054a0                HAL_NVIC_SetPriorityGrouping
 .text.HAL_NVIC_SetPriority
                0x00000000080054b6       0x38 ./Drivers/STM32L4xx_HAL_Driver/Src/stm32l4xx_hal_cortex.o
                0x00000000080054b6                HAL_NVIC_SetPriority
 .text.HAL_NVIC_EnableIRQ
                0x00000000080054ee       0x1c ./Drivers/STM32L4xx_HAL_Driver/Src/stm32l4xx_hal_cortex.o
                0x00000000080054ee                HAL_NVIC_EnableIRQ
 .text.HAL_SYSTICK_Config
                0x000000000800550a       0x18 ./Drivers/STM32L4xx_HAL_Driver/Src/stm32l4xx_hal_cortex.o
                0x000000000800550a                HAL_SYSTICK_Config
 .text.HAL_DMA_Abort
                0x0000000008005522       0x7c ./Drivers/STM32L4xx_HAL_Driver/Src/stm32l4xx_hal_dma.o
                0x0000000008005522                HAL_DMA_Abort
 .text.HAL_DMA_Abort_IT
                0x000000000800559e       0x82 ./Drivers/STM32L4xx_HAL_Driver/Src/stm32l4xx_hal_dma.o
                0x000000000800559e                HAL_DMA_Abort_IT
 .text.HAL_GPIO_Init
                0x0000000008005620      0x354 ./Drivers/STM32L4xx_HAL_Driver/Src/stm32l4xx_hal_gpio.o
                0x0000000008005620                HAL_GPIO_Init
 .text.HAL_GPIO_ReadPin
                0x0000000008005974       0x30 ./Drivers/STM32L4xx_HAL_Driver/Src/stm32l4xx_hal_gpio.o
                0x0000000008005974                HAL_GPIO_ReadPin
 .text.HAL_GPIO_WritePin
                0x00000000080059a4       0x30 ./Drivers/STM32L4xx_HAL_Driver/Src/stm32l4xx_hal_gpio.o
                0x00000000080059a4                HAL_GPIO_WritePin
 .text.HAL_GPIO_EXTI_IRQHandler
                0x00000000080059d4       0x30 ./Drivers/STM32L4xx_HAL_Driver/Src/stm32l4xx_hal_gpio.o
                0x00000000080059d4                HAL_GPIO_EXTI_IRQHandler
 .text.HAL_PWR_EnterSTANDBYMode
                0x0000000008005a04       0x34 ./Drivers/STM32L4xx_HAL_Driver/Src/stm32l4xx_hal_pwr.o
                0x0000000008005a04                HAL_PWR_EnterSTANDBYMode
 .text.HAL_PWREx_GetVoltageRange
                0x0000000008005a38       0x1c ./Drivers/STM32L4xx_HAL_Driver/Src/stm32l4xx_hal_pwr_ex.o
                0x0000000008005a38                HAL_PWREx_GetVoltageRange
 .text.HAL_PWREx_ControlVoltageScaling
                0x0000000008005a54       0xac ./Drivers/STM32L4xx_HAL_Driver/Src/stm32l4xx_hal_pwr_ex.o
                0x0000000008005a54                HAL_PWREx_ControlVoltageScaling
 .text.HAL_RCC_OscConfig
                0x0000000008005b00      0x7b8 ./Drivers/STM32L4xx_HAL_Driver/Src/stm32l4xx_hal_rcc.o
                0x0000000008005b00                HAL_RCC_OscConfig
 .text.HAL_RCC_ClockConfig
                0x00000000080062b8      0x200 ./Drivers/STM32L4xx_HAL_Driver/Src/stm32l4xx_hal_rcc.o
                0x00000000080062b8                HAL_RCC_ClockConfig
 .text.HAL_RCC_GetSysClockFreq
                0x00000000080064b8      0x118 ./Drivers/STM32L4xx_HAL_Driver/Src/stm32l4xx_hal_rcc.o
                0x00000000080064b8                HAL_RCC_GetSysClockFreq
 .text.HAL_RCC_GetHCLKFreq
                0x00000000080065d0       0x18 ./Drivers/STM32L4xx_HAL_Driver/Src/stm32l4xx_hal_rcc.o
                0x00000000080065d0                HAL_RCC_GetHCLKFreq
 .text.HAL_RCC_GetPCLK1Freq
                0x00000000080065e8       0x2c ./Drivers/STM32L4xx_HAL_Driver/Src/stm32l4xx_hal_rcc.o
                0x00000000080065e8                HAL_RCC_GetPCLK1Freq
 .text.HAL_RCC_GetPCLK2Freq
                0x0000000008006614       0x2c ./Drivers/STM32L4xx_HAL_Driver/Src/stm32l4xx_hal_rcc.o
                0x0000000008006614                HAL_RCC_GetPCLK2Freq
 .text.RCC_SetFlashLatencyFromMSIRange
                0x0000000008006640       0xc0 ./Drivers/STM32L4xx_HAL_Driver/Src/stm32l4xx_hal_rcc.o
 .text.HAL_RCCEx_PeriphCLKConfig
                0x0000000008006700      0x5d4 ./Drivers/STM32L4xx_HAL_Driver/Src/stm32l4xx_hal_rcc_ex.o
                0x0000000008006700                HAL_RCCEx_PeriphCLKConfig
 .text.RCCEx_PLLSAI1_Config
                0x0000000008006cd4      0x1e8 ./Drivers/STM32L4xx_HAL_Driver/Src/stm32l4xx_hal_rcc_ex.o
 .text.RCCEx_PLLSAI2_Config
                0x0000000008006ebc      0x1bc ./Drivers/STM32L4xx_HAL_Driver/Src/stm32l4xx_hal_rcc_ex.o
 .text.HAL_RTC_Init
                0x0000000008007078       0xf6 ./Drivers/STM32L4xx_HAL_Driver/Src/stm32l4xx_hal_rtc.o
                0x0000000008007078                HAL_RTC_Init
 .text.HAL_RTC_WaitForSynchro
                0x000000000800716e       0x4c ./Drivers/STM32L4xx_HAL_Driver/Src/stm32l4xx_hal_rtc.o
                0x000000000800716e                HAL_RTC_WaitForSynchro
 .text.RTC_EnterInitMode
                0x00000000080071ba       0x66 ./Drivers/STM32L4xx_HAL_Driver/Src/stm32l4xx_hal_rtc.o
                0x00000000080071ba                RTC_EnterInitMode
 .text.RTC_ExitInitMode
                0x0000000008007220       0x7c ./Drivers/STM32L4xx_HAL_Driver/Src/stm32l4xx_hal_rtc.o
                0x0000000008007220                RTC_ExitInitMode
 .text.HAL_RTCEx_SetWakeUpTimer_IT
                0x000000000800729c      0x128 ./Drivers/STM32L4xx_HAL_Driver/Src/stm32l4xx_hal_rtc_ex.o
                0x000000000800729c                HAL_RTCEx_SetWakeUpTimer_IT
 .text.HAL_RTCEx_WakeUpTimerIRQHandler
                0x00000000080073c4       0x4c ./Drivers/STM32L4xx_HAL_Driver/Src/stm32l4xx_hal_rtc_ex.o
                0x00000000080073c4                HAL_RTCEx_WakeUpTimerIRQHandler
 .text.HAL_SPI_Init
                0x0000000008007410      0x146 ./Drivers/STM32L4xx_HAL_Driver/Src/stm32l4xx_hal_spi.o
                0x0000000008007410                HAL_SPI_Init
 .text.HAL_SPI_Transmit
                0x0000000008007556      0x2dc ./Drivers/STM32L4xx_HAL_Driver/Src/stm32l4xx_hal_spi.o
                0x0000000008007556                HAL_SPI_Transmit
 *fill*         0x0000000008007832        0x2 
 .text.SPI_WaitFlagStateUntilTimeout
                0x0000000008007834      0x110 ./Drivers/STM32L4xx_HAL_Driver/Src/stm32l4xx_hal_spi.o
 .text.SPI_WaitFifoStateUntilTimeout
                0x0000000008007944      0x12c ./Drivers/STM32L4xx_HAL_Driver/Src/stm32l4xx_hal_spi.o
 .text.SPI_EndRxTxTransaction
                0x0000000008007a70       0x8c ./Drivers/STM32L4xx_HAL_Driver/Src/stm32l4xx_hal_spi.o
 .text.HAL_UART_Init
                0x0000000008007afc       0x9c ./Drivers/STM32L4xx_HAL_Driver/Src/stm32l4xx_hal_uart.o
                0x0000000008007afc                HAL_UART_Init
 .text.HAL_UART_Transmit
                0x0000000008007b98      0x128 ./Drivers/STM32L4xx_HAL_Driver/Src/stm32l4xx_hal_uart.o
                0x0000000008007b98                HAL_UART_Transmit
 .text.HAL_UART_Receive_IT
                0x0000000008007cc0       0xac ./Drivers/STM32L4xx_HAL_Driver/Src/stm32l4xx_hal_uart.o
                0x0000000008007cc0                HAL_UART_Receive_IT
 .text.HAL_UART_IRQHandler
                0x0000000008007d6c      0x5c4 ./Drivers/STM32L4xx_HAL_Driver/Src/stm32l4xx_hal_uart.o
                0x0000000008007d6c                HAL_UART_IRQHandler
 .text.HAL_UART_TxCpltCallback
                0x0000000008008330       0x14 ./Drivers/STM32L4xx_HAL_Driver/Src/stm32l4xx_hal_uart.o
                0x0000000008008330                HAL_UART_TxCpltCallback
 .text.HAL_UART_ErrorCallback
                0x0000000008008344       0x14 ./Drivers/STM32L4xx_HAL_Driver/Src/stm32l4xx_hal_uart.o
                0x0000000008008344                HAL_UART_ErrorCallback
 .text.HAL_UARTEx_RxEventCallback
                0x0000000008008358       0x18 ./Drivers/STM32L4xx_HAL_Driver/Src/stm32l4xx_hal_uart.o
                0x0000000008008358                HAL_UARTEx_RxEventCallback
 .text.UART_SetConfig
                0x0000000008008370      0x570 ./Drivers/STM32L4xx_HAL_Driver/Src/stm32l4xx_hal_uart.o
                0x0000000008008370                UART_SetConfig
 .text.UART_AdvFeatureConfig
                0x00000000080088e0      0x144 ./Drivers/STM32L4xx_HAL_Driver/Src/stm32l4xx_hal_uart.o
                0x00000000080088e0                UART_AdvFeatureConfig
 .text.UART_CheckIdleState
                0x0000000008008a24       0x92 ./Drivers/STM32L4xx_HAL_Driver/Src/stm32l4xx_hal_uart.o
                0x0000000008008a24                UART_CheckIdleState
 .text.UART_WaitOnFlagUntilTimeout
                0x0000000008008ab6      0x188 ./Drivers/STM32L4xx_HAL_Driver/Src/stm32l4xx_hal_uart.o
                0x0000000008008ab6                UART_WaitOnFlagUntilTimeout
 *fill*         0x0000000008008c3e        0x2 
 .text.UART_Start_Receive_IT
                0x0000000008008c40      0x194 ./Drivers/STM32L4xx_HAL_Driver/Src/stm32l4xx_hal_uart.o
                0x0000000008008c40                UART_Start_Receive_IT
 .text.UART_EndRxTransfer
                0x0000000008008dd4       0xc6 ./Drivers/STM32L4xx_HAL_Driver/Src/stm32l4xx_hal_uart.o
 .text.UART_DMAAbortOnError
                0x0000000008008e9a       0x2c ./Drivers/STM32L4xx_HAL_Driver/Src/stm32l4xx_hal_uart.o
 .text.UART_EndTransmit_IT
                0x0000000008008ec6       0x54 ./Drivers/STM32L4xx_HAL_Driver/Src/stm32l4xx_hal_uart.o
 .text.UART_RxISR_8BIT
                0x0000000008008f1a      0x160 ./Drivers/STM32L4xx_HAL_Driver/Src/stm32l4xx_hal_uart.o
 .text.UART_RxISR_16BIT
                0x000000000800907a      0x160 ./Drivers/STM32L4xx_HAL_Driver/Src/stm32l4xx_hal_uart.o
 .text.HAL_UARTEx_WakeupCallback
                0x00000000080091da       0x14 ./Drivers/STM32L4xx_HAL_Driver/Src/stm32l4xx_hal_uart_ex.o
                0x00000000080091da                HAL_UARTEx_WakeupCallback
 *fill*         0x00000000080091ee        0x2 
 .text.Wifi_SendRaw
                0x00000000080091f0       0x4c ./Drivers/WIFI/Wifi.o
                0x00000000080091f0                Wifi_SendRaw
 .text.Wifi_SendString
                0x000000000800923c       0x24 ./Drivers/WIFI/Wifi.o
                0x000000000800923c                Wifi_SendString
 .text.Wifi_SendStringAndWait
                0x0000000008009260       0x40 ./Drivers/WIFI/Wifi.o
                0x0000000008009260                Wifi_SendStringAndWait
 .text.Wifi_WaitForString
                0x00000000080092a0      0x11c ./Drivers/WIFI/Wifi.o
                0x00000000080092a0                Wifi_WaitForString
 .text.Wifi_ReturnString
                0x00000000080093bc       0x84 ./Drivers/WIFI/Wifi.o
                0x00000000080093bc                Wifi_ReturnString
 .text.Wifi_ReturnStrings
                0x0000000008009440      0x10e ./Drivers/WIFI/Wifi.o
                0x0000000008009440                Wifi_ReturnStrings
 *fill*         0x000000000800954e        0x2 
 .text.Wifi_ReturnInteger
                0x0000000008009550       0x44 ./Drivers/WIFI/Wifi.o
                0x0000000008009550                Wifi_ReturnInteger
 .text.Wifi_RxClear
                0x0000000008009594       0x34 ./Drivers/WIFI/Wifi.o
                0x0000000008009594                Wifi_RxClear
 .text.Wifi_TxClear
                0x00000000080095c8       0x18 ./Drivers/WIFI/Wifi.o
                0x00000000080095c8                Wifi_TxClear
 .text.Wifi_RxCallBack
                0x00000000080095e0      0x294 ./Drivers/WIFI/Wifi.o
                0x00000000080095e0                Wifi_RxCallBack
 .text.WifiTask
                0x0000000008009874       0x84 ./Drivers/WIFI/Wifi.o
                0x0000000008009874                WifiTask
 .text.HAL_UART_RxCpltCallback
                0x00000000080098f8       0x30 ./Drivers/WIFI/Wifi.o
                0x00000000080098f8                HAL_UART_RxCpltCallback
 .text.Wifi_Init
                0x0000000008009928       0x88 ./Drivers/WIFI/Wifi.o
                0x0000000008009928                Wifi_Init
 .text.Wifi_SetRfPower
                0x00000000080099b0       0x9c ./Drivers/WIFI/Wifi.o
                0x00000000080099b0                Wifi_SetRfPower
 .text.Wifi_SetMode
                0x0000000008009a4c       0xa8 ./Drivers/WIFI/Wifi.o
                0x0000000008009a4c                Wifi_SetMode
 .text.Wifi_GetMode
                0x0000000008009af4       0xc0 ./Drivers/WIFI/Wifi.o
                0x0000000008009af4                Wifi_GetMode
 .text.Wifi_GetMyIp
                0x0000000008009bb4      0x144 ./Drivers/WIFI/Wifi.o
                0x0000000008009bb4                Wifi_GetMyIp
 .text.Wifi_Station_ConnectToAp
                0x0000000008009cf8       0xc4 ./Drivers/WIFI/Wifi.o
                0x0000000008009cf8                Wifi_Station_ConnectToAp
 .text.Wifi_Station_DhcpIsEnable
                0x0000000008009dbc      0x11c ./Drivers/WIFI/Wifi.o
                0x0000000008009dbc                Wifi_Station_DhcpIsEnable
 .text.Wifi_TcpIp_GetConnectionStatus
                0x0000000008009ed8      0x1d4 ./Drivers/WIFI/Wifi.o
                0x0000000008009ed8                Wifi_TcpIp_GetConnectionStatus
 .text.Wifi_TcpIp_SetMultiConnection
                0x000000000800a0ac       0xa8 ./Drivers/WIFI/Wifi.o
                0x000000000800a0ac                Wifi_TcpIp_SetMultiConnection
 .text.Wifi_TcpIp_GetMultiConnection
                0x000000000800a154       0xc8 ./Drivers/WIFI/Wifi.o
                0x000000000800a154                Wifi_TcpIp_GetMultiConnection
 .text.Wifi_TcpIp_StartTcpConnection
                0x000000000800a21c      0x14c ./Drivers/WIFI/Wifi.o
                0x000000000800a21c                Wifi_TcpIp_StartTcpConnection
 .text.Wifi_TcpIp_Close
                0x000000000800a368       0xc0 ./Drivers/WIFI/Wifi.o
                0x000000000800a368                Wifi_TcpIp_Close
 .text.Wifi_TcpIp_SendDataTcp
                0x000000000800a428      0x13c ./Drivers/WIFI/Wifi.o
                0x000000000800a428                Wifi_TcpIp_SendDataTcp
 .text.makeFreeRtosPriority
                0x000000000800a564       0x30 ./Middlewares/Third_Party/FreeRTOS/Source/CMSIS_RTOS/cmsis_os.o
 .text.inHandlerMode
                0x000000000800a594       0x24 ./Middlewares/Third_Party/FreeRTOS/Source/CMSIS_RTOS/cmsis_os.o
 .text.osKernelStart
                0x000000000800a5b8        0xe ./Middlewares/Third_Party/FreeRTOS/Source/CMSIS_RTOS/cmsis_os.o
                0x000000000800a5b8                osKernelStart
 .text.osThreadCreate
                0x000000000800a5c6       0x98 ./Middlewares/Third_Party/FreeRTOS/Source/CMSIS_RTOS/cmsis_os.o
                0x000000000800a5c6                osThreadCreate
 .text.osDelay  0x000000000800a65e       0x28 ./Middlewares/Third_Party/FreeRTOS/Source/CMSIS_RTOS/cmsis_os.o
                0x000000000800a65e                osDelay
 .text.osSemaphoreCreate
                0x000000000800a686       0x64 ./Middlewares/Third_Party/FreeRTOS/Source/CMSIS_RTOS/cmsis_os.o
                0x000000000800a686                osSemaphoreCreate
 *fill*         0x000000000800a6ea        0x2 
 .text.osSemaphoreWait
                0x000000000800a6ec       0x9c ./Middlewares/Third_Party/FreeRTOS/Source/CMSIS_RTOS/cmsis_os.o
                0x000000000800a6ec                osSemaphoreWait
 .text.osSemaphoreRelease
                0x000000000800a788       0x6c ./Middlewares/Third_Party/FreeRTOS/Source/CMSIS_RTOS/cmsis_os.o
                0x000000000800a788                osSemaphoreRelease
 .text.vListInitialise
                0x000000000800a7f4       0x40 ./Middlewares/Third_Party/FreeRTOS/Source/list.o
                0x000000000800a7f4                vListInitialise
 .text.vListInitialiseItem
                0x000000000800a834       0x1a ./Middlewares/Third_Party/FreeRTOS/Source/list.o
                0x000000000800a834                vListInitialiseItem
 .text.vListInsertEnd
                0x000000000800a84e       0x48 ./Middlewares/Third_Party/FreeRTOS/Source/list.o
                0x000000000800a84e                vListInsertEnd
 .text.vListInsert
                0x000000000800a896       0x72 ./Middlewares/Third_Party/FreeRTOS/Source/list.o
                0x000000000800a896                vListInsert
 .text.uxListRemove
                0x000000000800a908       0x54 ./Middlewares/Third_Party/FreeRTOS/Source/list.o
                0x000000000800a908                uxListRemove
 .text.xQueueGenericReset
                0x000000000800a95c       0xd0 ./Middlewares/Third_Party/FreeRTOS/Source/queue.o
                0x000000000800a95c                xQueueGenericReset
 .text.xQueueGenericCreateStatic
                0x000000000800aa2c       0xf0 ./Middlewares/Third_Party/FreeRTOS/Source/queue.o
                0x000000000800aa2c                xQueueGenericCreateStatic
 .text.xQueueGenericCreate
                0x000000000800ab1c       0x74 ./Middlewares/Third_Party/FreeRTOS/Source/queue.o
                0x000000000800ab1c                xQueueGenericCreate
 .text.prvInitialiseNewQueue
                0x000000000800ab90       0x3e ./Middlewares/Third_Party/FreeRTOS/Source/queue.o
 *fill*         0x000000000800abce        0x2 
 .text.xQueueGenericSend
                0x000000000800abd0      0x1fc ./Middlewares/Third_Party/FreeRTOS/Source/queue.o
                0x000000000800abd0                xQueueGenericSend
 .text.xQueueGiveFromISR
                0x000000000800adcc      0x11a ./Middlewares/Third_Party/FreeRTOS/Source/queue.o
                0x000000000800adcc                xQueueGiveFromISR
 *fill*         0x000000000800aee6        0x2 
 .text.xQueueSemaphoreTake
                0x000000000800aee8      0x218 ./Middlewares/Third_Party/FreeRTOS/Source/queue.o
                0x000000000800aee8                xQueueSemaphoreTake
 .text.xQueueReceiveFromISR
                0x000000000800b100      0x100 ./Middlewares/Third_Party/FreeRTOS/Source/queue.o
                0x000000000800b100                xQueueReceiveFromISR
 .text.prvGetDisinheritPriorityAfterTimeout
                0x000000000800b200       0x30 ./Middlewares/Third_Party/FreeRTOS/Source/queue.o
 .text.prvCopyDataToQueue
                0x000000000800b230       0xd4 ./Middlewares/Third_Party/FreeRTOS/Source/queue.o
 .text.prvCopyDataFromQueue
                0x000000000800b304       0x4c ./Middlewares/Third_Party/FreeRTOS/Source/queue.o
 .text.prvUnlockQueue
                0x000000000800b350       0xa4 ./Middlewares/Third_Party/FreeRTOS/Source/queue.o
 .text.prvIsQueueEmpty
                0x000000000800b3f4       0x2c ./Middlewares/Third_Party/FreeRTOS/Source/queue.o
 .text.prvIsQueueFull
                0x000000000800b420       0x30 ./Middlewares/Third_Party/FreeRTOS/Source/queue.o
 .text.xTaskCreateStatic
                0x000000000800b450       0xba ./Middlewares/Third_Party/FreeRTOS/Source/tasks.o
                0x000000000800b450                xTaskCreateStatic
 .text.xTaskCreate
                0x000000000800b50a       0x8a ./Middlewares/Third_Party/FreeRTOS/Source/tasks.o
                0x000000000800b50a                xTaskCreate
 .text.prvInitialiseNewTask
                0x000000000800b594      0x10e ./Middlewares/Third_Party/FreeRTOS/Source/tasks.o
 *fill*         0x000000000800b6a2        0x2 
 .text.prvAddNewTaskToReadyList
                0x000000000800b6a4       0xd4 ./Middlewares/Third_Party/FreeRTOS/Source/tasks.o
 .text.vTaskDelay
                0x000000000800b778       0x68 ./Middlewares/Third_Party/FreeRTOS/Source/tasks.o
                0x000000000800b778                vTaskDelay
 .text.vTaskStartScheduler
                0x000000000800b7e0       0xc0 ./Middlewares/Third_Party/FreeRTOS/Source/tasks.o
                0x000000000800b7e0                vTaskStartScheduler
 .text.vTaskSuspendAll
                0x000000000800b8a0       0x1c ./Middlewares/Third_Party/FreeRTOS/Source/tasks.o
                0x000000000800b8a0                vTaskSuspendAll
 .text.xTaskResumeAll
                0x000000000800b8bc      0x138 ./Middlewares/Third_Party/FreeRTOS/Source/tasks.o
                0x000000000800b8bc                xTaskResumeAll
 .text.xTaskIncrementTick
                0x000000000800b9f4      0x170 ./Middlewares/Third_Party/FreeRTOS/Source/tasks.o
                0x000000000800b9f4                xTaskIncrementTick
 .text.vTaskSwitchContext
                0x000000000800bb64       0xb8 ./Middlewares/Third_Party/FreeRTOS/Source/tasks.o
                0x000000000800bb64                vTaskSwitchContext
 .text.vTaskPlaceOnEventList
                0x000000000800bc1c       0x48 ./Middlewares/Third_Party/FreeRTOS/Source/tasks.o
                0x000000000800bc1c                vTaskPlaceOnEventList
 .text.xTaskRemoveFromEventList
                0x000000000800bc64       0xc4 ./Middlewares/Third_Party/FreeRTOS/Source/tasks.o
                0x000000000800bc64                xTaskRemoveFromEventList
 .text.vTaskInternalSetTimeOutState
                0x000000000800bd28       0x2c ./Middlewares/Third_Party/FreeRTOS/Source/tasks.o
                0x000000000800bd28                vTaskInternalSetTimeOutState
 .text.xTaskCheckForTimeOut
                0x000000000800bd54       0xc4 ./Middlewares/Third_Party/FreeRTOS/Source/tasks.o
                0x000000000800bd54                xTaskCheckForTimeOut
 .text.vTaskMissedYield
                0x000000000800be18       0x18 ./Middlewares/Third_Party/FreeRTOS/Source/tasks.o
                0x000000000800be18                vTaskMissedYield
 .text.prvIdleTask
                0x000000000800be30       0x30 ./Middlewares/Third_Party/FreeRTOS/Source/tasks.o
 .text.prvInitialiseTaskLists
                0x000000000800be60       0x80 ./Middlewares/Third_Party/FreeRTOS/Source/tasks.o
 .text.prvCheckTasksWaitingTermination
                0x000000000800bee0       0x5c ./Middlewares/Third_Party/FreeRTOS/Source/tasks.o
 .text.prvDeleteTCB
                0x000000000800bf3c       0x5e ./Middlewares/Third_Party/FreeRTOS/Source/tasks.o
 *fill*         0x000000000800bf9a        0x2 
 .text.prvResetNextTaskUnblockTime
                0x000000000800bf9c       0x40 ./Middlewares/Third_Party/FreeRTOS/Source/tasks.o
 .text.xTaskGetSchedulerState
                0x000000000800bfdc       0x3c ./Middlewares/Third_Party/FreeRTOS/Source/tasks.o
                0x000000000800bfdc                xTaskGetSchedulerState
 .text.xTaskPriorityInherit
                0x000000000800c018       0xec ./Middlewares/Third_Party/FreeRTOS/Source/tasks.o
                0x000000000800c018                xTaskPriorityInherit
 .text.xTaskPriorityDisinherit
                0x000000000800c104      0x10c ./Middlewares/Third_Party/FreeRTOS/Source/tasks.o
                0x000000000800c104                xTaskPriorityDisinherit
 .text.vTaskPriorityDisinheritAfterTimeout
                0x000000000800c210      0x11c ./Middlewares/Third_Party/FreeRTOS/Source/tasks.o
                0x000000000800c210                vTaskPriorityDisinheritAfterTimeout
 .text.pvTaskIncrementMutexHeldCount
                0x000000000800c32c       0x28 ./Middlewares/Third_Party/FreeRTOS/Source/tasks.o
                0x000000000800c32c                pvTaskIncrementMutexHeldCount
 .text.prvAddCurrentTaskToDelayedList
                0x000000000800c354       0xcc ./Middlewares/Third_Party/FreeRTOS/Source/tasks.o
 .text.pxPortInitialiseStack
                0x000000000800c420       0x68 ./Middlewares/Third_Party/FreeRTOS/Source/portable/GCC/ARM_CM4F/port.o
                0x000000000800c420                pxPortInitialiseStack
 .text.prvTaskExitError
                0x000000000800c488       0x58 ./Middlewares/Third_Party/FreeRTOS/Source/portable/GCC/ARM_CM4F/port.o
 .text.SVC_Handler
                0x000000000800c4e0       0x28 ./Middlewares/Third_Party/FreeRTOS/Source/portable/GCC/ARM_CM4F/port.o
                0x000000000800c4e0                SVC_Handler
 .text.prvPortStartFirstTask
                0x000000000800c508       0x28 ./Middlewares/Third_Party/FreeRTOS/Source/portable/GCC/ARM_CM4F/port.o
 .text.xPortStartScheduler
                0x000000000800c530      0x144 ./Middlewares/Third_Party/FreeRTOS/Source/portable/GCC/ARM_CM4F/port.o
                0x000000000800c530                xPortStartScheduler
 .text.vPortEnterCritical
                0x000000000800c674       0x60 ./Middlewares/Third_Party/FreeRTOS/Source/portable/GCC/ARM_CM4F/port.o
                0x000000000800c674                vPortEnterCritical
 .text.vPortExitCritical
                0x000000000800c6d4       0x54 ./Middlewares/Third_Party/FreeRTOS/Source/portable/GCC/ARM_CM4F/port.o
                0x000000000800c6d4                vPortExitCritical
 *fill*         0x000000000800c728        0x8 
 .text.PendSV_Handler
                0x000000000800c730       0x68 ./Middlewares/Third_Party/FreeRTOS/Source/portable/GCC/ARM_CM4F/port.o
                0x000000000800c730                PendSV_Handler
 .text.xPortSysTickHandler
                0x000000000800c798       0x44 ./Middlewares/Third_Party/FreeRTOS/Source/portable/GCC/ARM_CM4F/port.o
                0x000000000800c798                xPortSysTickHandler
 .text.vPortSetupTimerInterrupt
                0x000000000800c7dc       0x48 ./Middlewares/Third_Party/FreeRTOS/Source/portable/GCC/ARM_CM4F/port.o
                0x000000000800c7dc                vPortSetupTimerInterrupt
 .text.vPortEnableVFP
                0x000000000800c824       0x14 ./Middlewares/Third_Party/FreeRTOS/Source/portable/GCC/ARM_CM4F/port.o
 .text.vPortValidateInterruptPriority
                0x000000000800c838       0x80 ./Middlewares/Third_Party/FreeRTOS/Source/portable/GCC/ARM_CM4F/port.o
                0x000000000800c838                vPortValidateInterruptPriority
 .text.pvPortMalloc
                0x000000000800c8b8      0x198 ./Middlewares/Third_Party/FreeRTOS/Source/portable/MemMang/heap_4.o
                0x000000000800c8b8                pvPortMalloc
 .text.vPortFree
                0x000000000800ca50       0xc4 ./Middlewares/Third_Party/FreeRTOS/Source/portable/MemMang/heap_4.o
                0x000000000800ca50                vPortFree
 .text.prvHeapInit
                0x000000000800cb14       0xc4 ./Middlewares/Third_Party/FreeRTOS/Source/portable/MemMang/heap_4.o
 .text.prvInsertBlockIntoFreeList
                0x000000000800cbd8       0xb4 ./Middlewares/Third_Party/FreeRTOS/Source/portable/MemMang/heap_4.o
 .text.atoi     0x000000000800cc8c        0x8 C:/ST/STM32CubeIDE_1.13.1/STM32CubeIDE/plugins/com.st.stm32cube.ide.mcu.externaltools.gnu-tools-for-stm32.11.3.rel1.win32_1.1.0.202305231506/tools/bin/../lib/gcc/arm-none-eabi/11.3.1/../../../../arm-none-eabi/lib/thumb/v7e-m+fp/hard\libc_nano.a(libc_a-atoi.o)
                0x000000000800cc8c                atoi
 .text.malloc   0x000000000800cc94       0x10 C:/ST/STM32CubeIDE_1.13.1/STM32CubeIDE/plugins/com.st.stm32cube.ide.mcu.externaltools.gnu-tools-for-stm32.11.3.rel1.win32_1.1.0.202305231506/tools/bin/../lib/gcc/arm-none-eabi/11.3.1/../../../../arm-none-eabi/lib/thumb/v7e-m+fp/hard\libc_nano.a(libc_a-malloc.o)
                0x000000000800cc94                malloc
 .text.free     0x000000000800cca4       0x10 C:/ST/STM32CubeIDE_1.13.1/STM32CubeIDE/plugins/com.st.stm32cube.ide.mcu.externaltools.gnu-tools-for-stm32.11.3.rel1.win32_1.1.0.202305231506/tools/bin/../lib/gcc/arm-none-eabi/11.3.1/../../../../arm-none-eabi/lib/thumb/v7e-m+fp/hard\libc_nano.a(libc_a-malloc.o)
                0x000000000800cca4                free
 .text.sbrk_aligned
                0x000000000800ccb4       0x40 C:/ST/STM32CubeIDE_1.13.1/STM32CubeIDE/plugins/com.st.stm32cube.ide.mcu.externaltools.gnu-tools-for-stm32.11.3.rel1.win32_1.1.0.202305231506/tools/bin/../lib/gcc/arm-none-eabi/11.3.1/../../../../arm-none-eabi/lib/thumb/v7e-m+fp/hard\libc_nano.a(libc_a-mallocr.o)
 .text._malloc_r
                0x000000000800ccf4      0x100 C:/ST/STM32CubeIDE_1.13.1/STM32CubeIDE/plugins/com.st.stm32cube.ide.mcu.externaltools.gnu-tools-for-stm32.11.3.rel1.win32_1.1.0.202305231506/tools/bin/../lib/gcc/arm-none-eabi/11.3.1/../../../../arm-none-eabi/lib/thumb/v7e-m+fp/hard\libc_nano.a(libc_a-mallocr.o)
                0x000000000800ccf4                _malloc_r
 .text.__malloc_lock
                0x000000000800cdf4        0xc C:/ST/STM32CubeIDE_1.13.1/STM32CubeIDE/plugins/com.st.stm32cube.ide.mcu.externaltools.gnu-tools-for-stm32.11.3.rel1.win32_1.1.0.202305231506/tools/bin/../lib/gcc/arm-none-eabi/11.3.1/../../../../arm-none-eabi/lib/thumb/v7e-m+fp/hard\libc_nano.a(libc_a-mlock.o)
                0x000000000800cdf4                __malloc_lock
 .text.__malloc_unlock
                0x000000000800ce00        0xc C:/ST/STM32CubeIDE_1.13.1/STM32CubeIDE/plugins/com.st.stm32cube.ide.mcu.externaltools.gnu-tools-for-stm32.11.3.rel1.win32_1.1.0.202305231506/tools/bin/../lib/gcc/arm-none-eabi/11.3.1/../../../../arm-none-eabi/lib/thumb/v7e-m+fp/hard\libc_nano.a(libc_a-mlock.o)
                0x000000000800ce00                __malloc_unlock
 .text._strtol_l.constprop.0
                0x000000000800ce0c      0x104 C:/ST/STM32CubeIDE_1.13.1/STM32CubeIDE/plugins/com.st.stm32cube.ide.mcu.externaltools.gnu-tools-for-stm32.11.3.rel1.win32_1.1.0.202305231506/tools/bin/../lib/gcc/arm-none-eabi/11.3.1/../../../../arm-none-eabi/lib/thumb/v7e-m+fp/hard\libc_nano.a(libc_a-strtol.o)
 .text._strtol_r
                0x000000000800cf10        0x4 C:/ST/STM32CubeIDE_1.13.1/STM32CubeIDE/plugins/com.st.stm32cube.ide.mcu.externaltools.gnu-tools-for-stm32.11.3.rel1.win32_1.1.0.202305231506/tools/bin/../lib/gcc/arm-none-eabi/11.3.1/../../../../arm-none-eabi/lib/thumb/v7e-m+fp/hard\libc_nano.a(libc_a-strtol.o)
                0x000000000800cf10                _strtol_r
 .text.strtol   0x000000000800cf14       0x14 C:/ST/STM32CubeIDE_1.13.1/STM32CubeIDE/plugins/com.st.stm32cube.ide.mcu.externaltools.gnu-tools-for-stm32.11.3.rel1.win32_1.1.0.202305231506/tools/bin/../lib/gcc/arm-none-eabi/11.3.1/../../../../arm-none-eabi/lib/thumb/v7e-m+fp/hard\libc_nano.a(libc_a-strtol.o)
                0x000000000800cf14                strtol
 .text.__cvt    0x000000000800cf28       0xc4 C:/ST/STM32CubeIDE_1.13.1/STM32CubeIDE/plugins/com.st.stm32cube.ide.mcu.externaltools.gnu-tools-for-stm32.11.3.rel1.win32_1.1.0.202305231506/tools/bin/../lib/gcc/arm-none-eabi/11.3.1/../../../../arm-none-eabi/lib/thumb/v7e-m+fp/hard\libc_nano.a(libc_a-nano-vfprintf_float.o)
                0x000000000800cf28                __cvt
 .text.__exponent
                0x000000000800cfec       0x7c C:/ST/STM32CubeIDE_1.13.1/STM32CubeIDE/plugins/com.st.stm32cube.ide.mcu.externaltools.gnu-tools-for-stm32.11.3.rel1.win32_1.1.0.202305231506/tools/bin/../lib/gcc/arm-none-eabi/11.3.1/../../../../arm-none-eabi/lib/thumb/v7e-m+fp/hard\libc_nano.a(libc_a-nano-vfprintf_float.o)
                0x000000000800cfec                __exponent
 .text._printf_float
                0x000000000800d068      0x46c C:/ST/STM32CubeIDE_1.13.1/STM32CubeIDE/plugins/com.st.stm32cube.ide.mcu.externaltools.gnu-tools-for-stm32.11.3.rel1.win32_1.1.0.202305231506/tools/bin/../lib/gcc/arm-none-eabi/11.3.1/../../../../arm-none-eabi/lib/thumb/v7e-m+fp/hard\libc_nano.a(libc_a-nano-vfprintf_float.o)
                0x000000000800d068                _printf_float
 .text._printf_common
                0x000000000800d4d4       0xda C:/ST/STM32CubeIDE_1.13.1/STM32CubeIDE/plugins/com.st.stm32cube.ide.mcu.externaltools.gnu-tools-for-stm32.11.3.rel1.win32_1.1.0.202305231506/tools/bin/../lib/gcc/arm-none-eabi/11.3.1/../../../../arm-none-eabi/lib/thumb/v7e-m+fp/hard\libc_nano.a(libc_a-nano-vfprintf_i.o)
                0x000000000800d4d4                _printf_common
 *fill*         0x000000000800d5ae        0x2 
 .text._printf_i
                0x000000000800d5b0      0x244 C:/ST/STM32CubeIDE_1.13.1/STM32CubeIDE/plugins/com.st.stm32cube.ide.mcu.externaltools.gnu-tools-for-stm32.11.3.rel1.win32_1.1.0.202305231506/tools/bin/../lib/gcc/arm-none-eabi/11.3.1/../../../../arm-none-eabi/lib/thumb/v7e-m+fp/hard\libc_nano.a(libc_a-nano-vfprintf_i.o)
                0x000000000800d5b0                _printf_i
 .text.std      0x000000000800d7f4       0x48 C:/ST/STM32CubeIDE_1.13.1/STM32CubeIDE/plugins/com.st.stm32cube.ide.mcu.externaltools.gnu-tools-for-stm32.11.3.rel1.win32_1.1.0.202305231506/tools/bin/../lib/gcc/arm-none-eabi/11.3.1/../../../../arm-none-eabi/lib/thumb/v7e-m+fp/hard\libc_nano.a(libc_a-findfp.o)
 .text.stdio_exit_handler
                0x000000000800d83c       0x18 C:/ST/STM32CubeIDE_1.13.1/STM32CubeIDE/plugins/com.st.stm32cube.ide.mcu.externaltools.gnu-tools-for-stm32.11.3.rel1.win32_1.1.0.202305231506/tools/bin/../lib/gcc/arm-none-eabi/11.3.1/../../../../arm-none-eabi/lib/thumb/v7e-m+fp/hard\libc_nano.a(libc_a-findfp.o)
 .text.cleanup_stdio
                0x000000000800d854       0x40 C:/ST/STM32CubeIDE_1.13.1/STM32CubeIDE/plugins/com.st.stm32cube.ide.mcu.externaltools.gnu-tools-for-stm32.11.3.rel1.win32_1.1.0.202305231506/tools/bin/../lib/gcc/arm-none-eabi/11.3.1/../../../../arm-none-eabi/lib/thumb/v7e-m+fp/hard\libc_nano.a(libc_a-findfp.o)
 .text.global_stdio_init.part.0
                0x000000000800d894       0x3c C:/ST/STM32CubeIDE_1.13.1/STM32CubeIDE/plugins/com.st.stm32cube.ide.mcu.externaltools.gnu-tools-for-stm32.11.3.rel1.win32_1.1.0.202305231506/tools/bin/../lib/gcc/arm-none-eabi/11.3.1/../../../../arm-none-eabi/lib/thumb/v7e-m+fp/hard\libc_nano.a(libc_a-findfp.o)
 .text.__sfp_lock_acquire
                0x000000000800d8d0        0xc C:/ST/STM32CubeIDE_1.13.1/STM32CubeIDE/plugins/com.st.stm32cube.ide.mcu.externaltools.gnu-tools-for-stm32.11.3.rel1.win32_1.1.0.202305231506/tools/bin/../lib/gcc/arm-none-eabi/11.3.1/../../../../arm-none-eabi/lib/thumb/v7e-m+fp/hard\libc_nano.a(libc_a-findfp.o)
                0x000000000800d8d0                __sfp_lock_acquire
 .text.__sfp_lock_release
                0x000000000800d8dc        0xc C:/ST/STM32CubeIDE_1.13.1/STM32CubeIDE/plugins/com.st.stm32cube.ide.mcu.externaltools.gnu-tools-for-stm32.11.3.rel1.win32_1.1.0.202305231506/tools/bin/../lib/gcc/arm-none-eabi/11.3.1/../../../../arm-none-eabi/lib/thumb/v7e-m+fp/hard\libc_nano.a(libc_a-findfp.o)
                0x000000000800d8dc                __sfp_lock_release
 .text.__sinit  0x000000000800d8e8       0x30 C:/ST/STM32CubeIDE_1.13.1/STM32CubeIDE/plugins/com.st.stm32cube.ide.mcu.externaltools.gnu-tools-for-stm32.11.3.rel1.win32_1.1.0.202305231506/tools/bin/../lib/gcc/arm-none-eabi/11.3.1/../../../../arm-none-eabi/lib/thumb/v7e-m+fp/hard\libc_nano.a(libc_a-findfp.o)
                0x000000000800d8e8                __sinit
 .text._fwalk_sglue
                0x000000000800d918       0x3c C:/ST/STM32CubeIDE_1.13.1/STM32CubeIDE/plugins/com.st.stm32cube.ide.mcu.externaltools.gnu-tools-for-stm32.11.3.rel1.win32_1.1.0.202305231506/tools/bin/../lib/gcc/arm-none-eabi/11.3.1/../../../../arm-none-eabi/lib/thumb/v7e-m+fp/hard\libc_nano.a(libc_a-fwalk.o)
                0x000000000800d918                _fwalk_sglue
 .text.sprintf  0x000000000800d954       0x40 C:/ST/STM32CubeIDE_1.13.1/STM32CubeIDE/plugins/com.st.stm32cube.ide.mcu.externaltools.gnu-tools-for-stm32.11.3.rel1.win32_1.1.0.202305231506/tools/bin/../lib/gcc/arm-none-eabi/11.3.1/../../../../arm-none-eabi/lib/thumb/v7e-m+fp/hard\libc_nano.a(libc_a-sprintf.o)
                0x000000000800d954                siprintf
                0x000000000800d954                sprintf
 .text.sscanf   0x000000000800d994       0x58 C:/ST/STM32CubeIDE_1.13.1/STM32CubeIDE/plugins/com.st.stm32cube.ide.mcu.externaltools.gnu-tools-for-stm32.11.3.rel1.win32_1.1.0.202305231506/tools/bin/../lib/gcc/arm-none-eabi/11.3.1/../../../../arm-none-eabi/lib/thumb/v7e-m+fp/hard\libc_nano.a(libc_a-sscanf.o)
                0x000000000800d994                siscanf
                0x000000000800d994                sscanf
 .text.__sread  0x000000000800d9ec       0x22 C:/ST/STM32CubeIDE_1.13.1/STM32CubeIDE/plugins/com.st.stm32cube.ide.mcu.externaltools.gnu-tools-for-stm32.11.3.rel1.win32_1.1.0.202305231506/tools/bin/../lib/gcc/arm-none-eabi/11.3.1/../../../../arm-none-eabi/lib/thumb/v7e-m+fp/hard\libc_nano.a(libc_a-stdio.o)
                0x000000000800d9ec                __sread
 .text.__seofread
                0x000000000800da0e        0x4 C:/ST/STM32CubeIDE_1.13.1/STM32CubeIDE/plugins/com.st.stm32cube.ide.mcu.externaltools.gnu-tools-for-stm32.11.3.rel1.win32_1.1.0.202305231506/tools/bin/../lib/gcc/arm-none-eabi/11.3.1/../../../../arm-none-eabi/lib/thumb/v7e-m+fp/hard\libc_nano.a(libc_a-stdio.o)
                0x000000000800da0e                __seofread
 .text.__swrite
                0x000000000800da12       0x38 C:/ST/STM32CubeIDE_1.13.1/STM32CubeIDE/plugins/com.st.stm32cube.ide.mcu.externaltools.gnu-tools-for-stm32.11.3.rel1.win32_1.1.0.202305231506/tools/bin/../lib/gcc/arm-none-eabi/11.3.1/../../../../arm-none-eabi/lib/thumb/v7e-m+fp/hard\libc_nano.a(libc_a-stdio.o)
                0x000000000800da12                __swrite
 .text.__sseek  0x000000000800da4a       0x24 C:/ST/STM32CubeIDE_1.13.1/STM32CubeIDE/plugins/com.st.stm32cube.ide.mcu.externaltools.gnu-tools-for-stm32.11.3.rel1.win32_1.1.0.202305231506/tools/bin/../lib/gcc/arm-none-eabi/11.3.1/../../../../arm-none-eabi/lib/thumb/v7e-m+fp/hard\libc_nano.a(libc_a-stdio.o)
                0x000000000800da4a                __sseek
 .text.__sclose
                0x000000000800da6e        0x8 C:/ST/STM32CubeIDE_1.13.1/STM32CubeIDE/plugins/com.st.stm32cube.ide.mcu.externaltools.gnu-tools-for-stm32.11.3.rel1.win32_1.1.0.202305231506/tools/bin/../lib/gcc/arm-none-eabi/11.3.1/../../../../arm-none-eabi/lib/thumb/v7e-m+fp/hard\libc_nano.a(libc_a-stdio.o)
                0x000000000800da6e                __sclose
 .text.memset   0x000000000800da76       0x10 C:/ST/STM32CubeIDE_1.13.1/STM32CubeIDE/plugins/com.st.stm32cube.ide.mcu.externaltools.gnu-tools-for-stm32.11.3.rel1.win32_1.1.0.202305231506/tools/bin/../lib/gcc/arm-none-eabi/11.3.1/../../../../arm-none-eabi/lib/thumb/v7e-m+fp/hard\libc_nano.a(libc_a-memset.o)
                0x000000000800da76                memset
 .text.strchr   0x000000000800da86       0x1a C:/ST/STM32CubeIDE_1.13.1/STM32CubeIDE/plugins/com.st.stm32cube.ide.mcu.externaltools.gnu-tools-for-stm32.11.3.rel1.win32_1.1.0.202305231506/tools/bin/../lib/gcc/arm-none-eabi/11.3.1/../../../../arm-none-eabi/lib/thumb/v7e-m+fp/hard\libc_nano.a(libc_a-strchr.o)
                0x000000000800da86                strchr
 .text.strncmp  0x000000000800daa0       0x24 C:/ST/STM32CubeIDE_1.13.1/STM32CubeIDE/plugins/com.st.stm32cube.ide.mcu.externaltools.gnu-tools-for-stm32.11.3.rel1.win32_1.1.0.202305231506/tools/bin/../lib/gcc/arm-none-eabi/11.3.1/../../../../arm-none-eabi/lib/thumb/v7e-m+fp/hard\libc_nano.a(libc_a-strncmp.o)
                0x000000000800daa0                strncmp
 .text.strncpy  0x000000000800dac4       0x26 C:/ST/STM32CubeIDE_1.13.1/STM32CubeIDE/plugins/com.st.stm32cube.ide.mcu.externaltools.gnu-tools-for-stm32.11.3.rel1.win32_1.1.0.202305231506/tools/bin/../lib/gcc/arm-none-eabi/11.3.1/../../../../arm-none-eabi/lib/thumb/v7e-m+fp/hard\libc_nano.a(libc_a-strncpy.o)
                0x000000000800dac4                strncpy
 *fill*         0x000000000800daea        0x2 
 .text.strtok   0x000000000800daec       0x68 C:/ST/STM32CubeIDE_1.13.1/STM32CubeIDE/plugins/com.st.stm32cube.ide.mcu.externaltools.gnu-tools-for-stm32.11.3.rel1.win32_1.1.0.202305231506/tools/bin/../lib/gcc/arm-none-eabi/11.3.1/../../../../arm-none-eabi/lib/thumb/v7e-m+fp/hard\libc_nano.a(libc_a-strtok.o)
                0x000000000800daec                strtok
 .text.__strtok_r
                0x000000000800db54       0x50 C:/ST/STM32CubeIDE_1.13.1/STM32CubeIDE/plugins/com.st.stm32cube.ide.mcu.externaltools.gnu-tools-for-stm32.11.3.rel1.win32_1.1.0.202305231506/tools/bin/../lib/gcc/arm-none-eabi/11.3.1/../../../../arm-none-eabi/lib/thumb/v7e-m+fp/hard\libc_nano.a(libc_a-strtok_r.o)
                0x000000000800db54                __strtok_r
 .text.strstr   0x000000000800dba4       0x2c C:/ST/STM32CubeIDE_1.13.1/STM32CubeIDE/plugins/com.st.stm32cube.ide.mcu.externaltools.gnu-tools-for-stm32.11.3.rel1.win32_1.1.0.202305231506/tools/bin/../lib/gcc/arm-none-eabi/11.3.1/../../../../arm-none-eabi/lib/thumb/v7e-m+fp/hard\libc_nano.a(libc_a-strstr.o)
                0x000000000800dba4                strstr
 .text._localeconv_r
                0x000000000800dbd0        0x8 C:/ST/STM32CubeIDE_1.13.1/STM32CubeIDE/plugins/com.st.stm32cube.ide.mcu.externaltools.gnu-tools-for-stm32.11.3.rel1.win32_1.1.0.202305231506/tools/bin/../lib/gcc/arm-none-eabi/11.3.1/../../../../arm-none-eabi/lib/thumb/v7e-m+fp/hard\libc_nano.a(libc_a-localeconv.o)
                0x000000000800dbd0                _localeconv_r
 .text._close_r
                0x000000000800dbd8       0x20 C:/ST/STM32CubeIDE_1.13.1/STM32CubeIDE/plugins/com.st.stm32cube.ide.mcu.externaltools.gnu-tools-for-stm32.11.3.rel1.win32_1.1.0.202305231506/tools/bin/../lib/gcc/arm-none-eabi/11.3.1/../../../../arm-none-eabi/lib/thumb/v7e-m+fp/hard\libc_nano.a(libc_a-closer.o)
                0x000000000800dbd8                _close_r
 .text._lseek_r
                0x000000000800dbf8       0x24 C:/ST/STM32CubeIDE_1.13.1/STM32CubeIDE/plugins/com.st.stm32cube.ide.mcu.externaltools.gnu-tools-for-stm32.11.3.rel1.win32_1.1.0.202305231506/tools/bin/../lib/gcc/arm-none-eabi/11.3.1/../../../../arm-none-eabi/lib/thumb/v7e-m+fp/hard\libc_nano.a(libc_a-lseekr.o)
                0x000000000800dbf8                _lseek_r
 .text._read_r  0x000000000800dc1c       0x24 C:/ST/STM32CubeIDE_1.13.1/STM32CubeIDE/plugins/com.st.stm32cube.ide.mcu.externaltools.gnu-tools-for-stm32.11.3.rel1.win32_1.1.0.202305231506/tools/bin/../lib/gcc/arm-none-eabi/11.3.1/../../../../arm-none-eabi/lib/thumb/v7e-m+fp/hard\libc_nano.a(libc_a-readr.o)
                0x000000000800dc1c                _read_r
 .text._sbrk_r  0x000000000800dc40       0x20 C:/ST/STM32CubeIDE_1.13.1/STM32CubeIDE/plugins/com.st.stm32cube.ide.mcu.externaltools.gnu-tools-for-stm32.11.3.rel1.win32_1.1.0.202305231506/tools/bin/../lib/gcc/arm-none-eabi/11.3.1/../../../../arm-none-eabi/lib/thumb/v7e-m+fp/hard\libc_nano.a(libc_a-sbrkr.o)
                0x000000000800dc40                _sbrk_r
 .text._write_r
                0x000000000800dc60       0x24 C:/ST/STM32CubeIDE_1.13.1/STM32CubeIDE/plugins/com.st.stm32cube.ide.mcu.externaltools.gnu-tools-for-stm32.11.3.rel1.win32_1.1.0.202305231506/tools/bin/../lib/gcc/arm-none-eabi/11.3.1/../../../../arm-none-eabi/lib/thumb/v7e-m+fp/hard\libc_nano.a(libc_a-writer.o)
                0x000000000800dc60                _write_r
 .text.__errno  0x000000000800dc84        0xc C:/ST/STM32CubeIDE_1.13.1/STM32CubeIDE/plugins/com.st.stm32cube.ide.mcu.externaltools.gnu-tools-for-stm32.11.3.rel1.win32_1.1.0.202305231506/tools/bin/../lib/gcc/arm-none-eabi/11.3.1/../../../../arm-none-eabi/lib/thumb/v7e-m+fp/hard\libc_nano.a(libc_a-errno.o)
                0x000000000800dc84                __errno
 .text.__libc_init_array
                0x000000000800dc90       0x48 C:/ST/STM32CubeIDE_1.13.1/STM32CubeIDE/plugins/com.st.stm32cube.ide.mcu.externaltools.gnu-tools-for-stm32.11.3.rel1.win32_1.1.0.202305231506/tools/bin/../lib/gcc/arm-none-eabi/11.3.1/../../../../arm-none-eabi/lib/thumb/v7e-m+fp/hard\libc_nano.a(libc_a-init.o)
                0x000000000800dc90                __libc_init_array
 .text.__retarget_lock_acquire_recursive
                0x000000000800dcd8        0x2 C:/ST/STM32CubeIDE_1.13.1/STM32CubeIDE/plugins/com.st.stm32cube.ide.mcu.externaltools.gnu-tools-for-stm32.11.3.rel1.win32_1.1.0.202305231506/tools/bin/../lib/gcc/arm-none-eabi/11.3.1/../../../../arm-none-eabi/lib/thumb/v7e-m+fp/hard\libc_nano.a(libc_a-lock.o)
                0x000000000800dcd8                __retarget_lock_acquire_recursive
 .text.__retarget_lock_release_recursive
                0x000000000800dcda        0x2 C:/ST/STM32CubeIDE_1.13.1/STM32CubeIDE/plugins/com.st.stm32cube.ide.mcu.externaltools.gnu-tools-for-stm32.11.3.rel1.win32_1.1.0.202305231506/tools/bin/../lib/gcc/arm-none-eabi/11.3.1/../../../../arm-none-eabi/lib/thumb/v7e-m+fp/hard\libc_nano.a(libc_a-lock.o)
                0x000000000800dcda                __retarget_lock_release_recursive
 .text.strcpy   0x000000000800dcdc       0x10 C:/ST/STM32CubeIDE_1.13.1/STM32CubeIDE/plugins/com.st.stm32cube.ide.mcu.externaltools.gnu-tools-for-stm32.11.3.rel1.win32_1.1.0.202305231506/tools/bin/../lib/gcc/arm-none-eabi/11.3.1/../../../../arm-none-eabi/lib/thumb/v7e-m+fp/hard\libc_nano.a(libc_a-strcpy.o)
                0x000000000800dcdc                strcpy
 .text.memcpy   0x000000000800dcec       0x1c C:/ST/STM32CubeIDE_1.13.1/STM32CubeIDE/plugins/com.st.stm32cube.ide.mcu.externaltools.gnu-tools-for-stm32.11.3.rel1.win32_1.1.0.202305231506/tools/bin/../lib/gcc/arm-none-eabi/11.3.1/../../../../arm-none-eabi/lib/thumb/v7e-m+fp/hard\libc_nano.a(libc_a-memcpy-stub.o)
                0x000000000800dcec                memcpy
 .text.__assert_func
                0x000000000800dd08       0x3c C:/ST/STM32CubeIDE_1.13.1/STM32CubeIDE/plugins/com.st.stm32cube.ide.mcu.externaltools.gnu-tools-for-stm32.11.3.rel1.win32_1.1.0.202305231506/tools/bin/../lib/gcc/arm-none-eabi/11.3.1/../../../../arm-none-eabi/lib/thumb/v7e-m+fp/hard\libc_nano.a(libc_a-assert.o)
                0x000000000800dd08                __assert_func
 .text.quorem   0x000000000800dd44      0x110 C:/ST/STM32CubeIDE_1.13.1/STM32CubeIDE/plugins/com.st.stm32cube.ide.mcu.externaltools.gnu-tools-for-stm32.11.3.rel1.win32_1.1.0.202305231506/tools/bin/../lib/gcc/arm-none-eabi/11.3.1/../../../../arm-none-eabi/lib/thumb/v7e-m+fp/hard\libc_nano.a(libc_a-dtoa.o)
 *fill*         0x000000000800de54        0x4 
 .text._dtoa_r  0x000000000800de58      0xbe4 C:/ST/STM32CubeIDE_1.13.1/STM32CubeIDE/plugins/com.st.stm32cube.ide.mcu.externaltools.gnu-tools-for-stm32.11.3.rel1.win32_1.1.0.202305231506/tools/bin/../lib/gcc/arm-none-eabi/11.3.1/../../../../arm-none-eabi/lib/thumb/v7e-m+fp/hard\libc_nano.a(libc_a-dtoa.o)
                0x000000000800de58                _dtoa_r
 .text._free_r  0x000000000800ea3c       0x98 C:/ST/STM32CubeIDE_1.13.1/STM32CubeIDE/plugins/com.st.stm32cube.ide.mcu.externaltools.gnu-tools-for-stm32.11.3.rel1.win32_1.1.0.202305231506/tools/bin/../lib/gcc/arm-none-eabi/11.3.1/../../../../arm-none-eabi/lib/thumb/v7e-m+fp/hard\libc_nano.a(libc_a-freer.o)
                0x000000000800ea3c                _free_r
 .text.__ascii_mbtowc
                0x000000000800ead4       0x24 C:/ST/STM32CubeIDE_1.13.1/STM32CubeIDE/plugins/com.st.stm32cube.ide.mcu.externaltools.gnu-tools-for-stm32.11.3.rel1.win32_1.1.0.202305231506/tools/bin/../lib/gcc/arm-none-eabi/11.3.1/../../../../arm-none-eabi/lib/thumb/v7e-m+fp/hard\libc_nano.a(libc_a-mbtowc_r.o)
                0x000000000800ead4                __ascii_mbtowc
 .text._Balloc  0x000000000800eaf8       0x80 C:/ST/STM32CubeIDE_1.13.1/STM32CubeIDE/plugins/com.st.stm32cube.ide.mcu.externaltools.gnu-tools-for-stm32.11.3.rel1.win32_1.1.0.202305231506/tools/bin/../lib/gcc/arm-none-eabi/11.3.1/../../../../arm-none-eabi/lib/thumb/v7e-m+fp/hard\libc_nano.a(libc_a-mprec.o)
                0x000000000800eaf8                _Balloc
 .text._Bfree   0x000000000800eb78       0x44 C:/ST/STM32CubeIDE_1.13.1/STM32CubeIDE/plugins/com.st.stm32cube.ide.mcu.externaltools.gnu-tools-for-stm32.11.3.rel1.win32_1.1.0.202305231506/tools/bin/../lib/gcc/arm-none-eabi/11.3.1/../../../../arm-none-eabi/lib/thumb/v7e-m+fp/hard\libc_nano.a(libc_a-mprec.o)
                0x000000000800eb78                _Bfree
 .text.__multadd
                0x000000000800ebbc       0x8c C:/ST/STM32CubeIDE_1.13.1/STM32CubeIDE/plugins/com.st.stm32cube.ide.mcu.externaltools.gnu-tools-for-stm32.11.3.rel1.win32_1.1.0.202305231506/tools/bin/../lib/gcc/arm-none-eabi/11.3.1/../../../../arm-none-eabi/lib/thumb/v7e-m+fp/hard\libc_nano.a(libc_a-mprec.o)
                0x000000000800ebbc                __multadd
 .text.__hi0bits
                0x000000000800ec48       0x40 C:/ST/STM32CubeIDE_1.13.1/STM32CubeIDE/plugins/com.st.stm32cube.ide.mcu.externaltools.gnu-tools-for-stm32.11.3.rel1.win32_1.1.0.202305231506/tools/bin/../lib/gcc/arm-none-eabi/11.3.1/../../../../arm-none-eabi/lib/thumb/v7e-m+fp/hard\libc_nano.a(libc_a-mprec.o)
                0x000000000800ec48                __hi0bits
 .text.__lo0bits
                0x000000000800ec88       0x5a C:/ST/STM32CubeIDE_1.13.1/STM32CubeIDE/plugins/com.st.stm32cube.ide.mcu.externaltools.gnu-tools-for-stm32.11.3.rel1.win32_1.1.0.202305231506/tools/bin/../lib/gcc/arm-none-eabi/11.3.1/../../../../arm-none-eabi/lib/thumb/v7e-m+fp/hard\libc_nano.a(libc_a-mprec.o)
                0x000000000800ec88                __lo0bits
 *fill*         0x000000000800ece2        0x2 
 .text.__i2b    0x000000000800ece4       0x2c C:/ST/STM32CubeIDE_1.13.1/STM32CubeIDE/plugins/com.st.stm32cube.ide.mcu.externaltools.gnu-tools-for-stm32.11.3.rel1.win32_1.1.0.202305231506/tools/bin/../lib/gcc/arm-none-eabi/11.3.1/../../../../arm-none-eabi/lib/thumb/v7e-m+fp/hard\libc_nano.a(libc_a-mprec.o)
                0x000000000800ece4                __i2b
 .text.__multiply
                0x000000000800ed10      0x154 C:/ST/STM32CubeIDE_1.13.1/STM32CubeIDE/plugins/com.st.stm32cube.ide.mcu.externaltools.gnu-tools-for-stm32.11.3.rel1.win32_1.1.0.202305231506/tools/bin/../lib/gcc/arm-none-eabi/11.3.1/../../../../arm-none-eabi/lib/thumb/v7e-m+fp/hard\libc_nano.a(libc_a-mprec.o)
                0x000000000800ed10                __multiply
 .text.__pow5mult
                0x000000000800ee64       0xb4 C:/ST/STM32CubeIDE_1.13.1/STM32CubeIDE/plugins/com.st.stm32cube.ide.mcu.externaltools.gnu-tools-for-stm32.11.3.rel1.win32_1.1.0.202305231506/tools/bin/../lib/gcc/arm-none-eabi/11.3.1/../../../../arm-none-eabi/lib/thumb/v7e-m+fp/hard\libc_nano.a(libc_a-mprec.o)
                0x000000000800ee64                __pow5mult
 .text.__lshift
                0x000000000800ef18       0xd8 C:/ST/STM32CubeIDE_1.13.1/STM32CubeIDE/plugins/com.st.stm32cube.ide.mcu.externaltools.gnu-tools-for-stm32.11.3.rel1.win32_1.1.0.202305231506/tools/bin/../lib/gcc/arm-none-eabi/11.3.1/../../../../arm-none-eabi/lib/thumb/v7e-m+fp/hard\libc_nano.a(libc_a-mprec.o)
                0x000000000800ef18                __lshift
 .text.__mcmp   0x000000000800eff0       0x38 C:/ST/STM32CubeIDE_1.13.1/STM32CubeIDE/plugins/com.st.stm32cube.ide.mcu.externaltools.gnu-tools-for-stm32.11.3.rel1.win32_1.1.0.202305231506/tools/bin/../lib/gcc/arm-none-eabi/11.3.1/../../../../arm-none-eabi/lib/thumb/v7e-m+fp/hard\libc_nano.a(libc_a-mprec.o)
                0x000000000800eff0                __mcmp
 .text.__mdiff  0x000000000800f028      0x114 C:/ST/STM32CubeIDE_1.13.1/STM32CubeIDE/plugins/com.st.stm32cube.ide.mcu.externaltools.gnu-tools-for-stm32.11.3.rel1.win32_1.1.0.202305231506/tools/bin/../lib/gcc/arm-none-eabi/11.3.1/../../../../arm-none-eabi/lib/thumb/v7e-m+fp/hard\libc_nano.a(libc_a-mprec.o)
                0x000000000800f028                __mdiff
 .text.__d2b    0x000000000800f13c       0xb4 C:/ST/STM32CubeIDE_1.13.1/STM32CubeIDE/plugins/com.st.stm32cube.ide.mcu.externaltools.gnu-tools-for-stm32.11.3.rel1.win32_1.1.0.202305231506/tools/bin/../lib/gcc/arm-none-eabi/11.3.1/../../../../arm-none-eabi/lib/thumb/v7e-m+fp/hard\libc_nano.a(libc_a-mprec.o)
                0x000000000800f13c                __d2b
 .text.__ascii_wctomb
                0x000000000800f1f0       0x1a C:/ST/STM32CubeIDE_1.13.1/STM32CubeIDE/plugins/com.st.stm32cube.ide.mcu.externaltools.gnu-tools-for-stm32.11.3.rel1.win32_1.1.0.202305231506/tools/bin/../lib/gcc/arm-none-eabi/11.3.1/../../../../arm-none-eabi/lib/thumb/v7e-m+fp/hard\libc_nano.a(libc_a-wctomb_r.o)
                0x000000000800f1f0                __ascii_wctomb
 .text.__ssputs_r
                0x000000000800f20a       0xb4 C:/ST/STM32CubeIDE_1.13.1/STM32CubeIDE/plugins/com.st.stm32cube.ide.mcu.externaltools.gnu-tools-for-stm32.11.3.rel1.win32_1.1.0.202305231506/tools/bin/../lib/gcc/arm-none-eabi/11.3.1/../../../../arm-none-eabi/lib/thumb/v7e-m+fp/hard\libc_nano.a(libc_a-nano-svfprintf.o)
                0x000000000800f20a                __ssputs_r
 *fill*         0x000000000800f2be        0x2 
 .text._svfprintf_r
                0x000000000800f2c0      0x1fc C:/ST/STM32CubeIDE_1.13.1/STM32CubeIDE/plugins/com.st.stm32cube.ide.mcu.externaltools.gnu-tools-for-stm32.11.3.rel1.win32_1.1.0.202305231506/tools/bin/../lib/gcc/arm-none-eabi/11.3.1/../../../../arm-none-eabi/lib/thumb/v7e-m+fp/hard\libc_nano.a(libc_a-nano-svfprintf.o)
                0x000000000800f2c0                _svfiprintf_r
                0x000000000800f2c0                _svfprintf_r
 .text._sungetc_r
                0x000000000800f4bc       0x7a C:/ST/STM32CubeIDE_1.13.1/STM32CubeIDE/plugins/com.st.stm32cube.ide.mcu.externaltools.gnu-tools-for-stm32.11.3.rel1.win32_1.1.0.202305231506/tools/bin/../lib/gcc/arm-none-eabi/11.3.1/../../../../arm-none-eabi/lib/thumb/v7e-m+fp/hard\libc_nano.a(libc_a-nano-svfscanf.o)
                0x000000000800f4bc                _sungetc_r
 .text.__ssrefill_r
                0x000000000800f536       0x3a C:/ST/STM32CubeIDE_1.13.1/STM32CubeIDE/plugins/com.st.stm32cube.ide.mcu.externaltools.gnu-tools-for-stm32.11.3.rel1.win32_1.1.0.202305231506/tools/bin/../lib/gcc/arm-none-eabi/11.3.1/../../../../arm-none-eabi/lib/thumb/v7e-m+fp/hard\libc_nano.a(libc_a-nano-svfscanf.o)
                0x000000000800f536                __ssrefill_r
 .text.__ssvfscanf_r
                0x000000000800f570      0x2f0 C:/ST/STM32CubeIDE_1.13.1/STM32CubeIDE/plugins/com.st.stm32cube.ide.mcu.externaltools.gnu-tools-for-stm32.11.3.rel1.win32_1.1.0.202305231506/tools/bin/../lib/gcc/arm-none-eabi/11.3.1/../../../../arm-none-eabi/lib/thumb/v7e-m+fp/hard\libc_nano.a(libc_a-nano-svfscanf.o)
                0x000000000800f570                __ssvfiscanf_r
                0x000000000800f570                __ssvfscanf_r
 .text.__sfputc_r
                0x000000000800f860       0x2e C:/ST/STM32CubeIDE_1.13.1/STM32CubeIDE/plugins/com.st.stm32cube.ide.mcu.externaltools.gnu-tools-for-stm32.11.3.rel1.win32_1.1.0.202305231506/tools/bin/../lib/gcc/arm-none-eabi/11.3.1/../../../../arm-none-eabi/lib/thumb/v7e-m+fp/hard\libc_nano.a(libc_a-nano-vfprintf.o)
 .text.__sfputs_r
                0x000000000800f88e       0x24 C:/ST/STM32CubeIDE_1.13.1/STM32CubeIDE/plugins/com.st.stm32cube.ide.mcu.externaltools.gnu-tools-for-stm32.11.3.rel1.win32_1.1.0.202305231506/tools/bin/../lib/gcc/arm-none-eabi/11.3.1/../../../../arm-none-eabi/lib/thumb/v7e-m+fp/hard\libc_nano.a(libc_a-nano-vfprintf.o)
                0x000000000800f88e                __sfputs_r
 *fill*         0x000000000800f8b2        0x2 
 .text._vfprintf_r
                0x000000000800f8b4      0x234 C:/ST/STM32CubeIDE_1.13.1/STM32CubeIDE/plugins/com.st.stm32cube.ide.mcu.externaltools.gnu-tools-for-stm32.11.3.rel1.win32_1.1.0.202305231506/tools/bin/../lib/gcc/arm-none-eabi/11.3.1/../../../../arm-none-eabi/lib/thumb/v7e-m+fp/hard\libc_nano.a(libc_a-nano-vfprintf.o)
                0x000000000800f8b4                _vfprintf_r
                0x000000000800f8b4                _vfiprintf_r
 .text._scanf_chars
                0x000000000800fae8       0xb4 C:/ST/STM32CubeIDE_1.13.1/STM32CubeIDE/plugins/com.st.stm32cube.ide.mcu.externaltools.gnu-tools-for-stm32.11.3.rel1.win32_1.1.0.202305231506/tools/bin/../lib/gcc/arm-none-eabi/11.3.1/../../../../arm-none-eabi/lib/thumb/v7e-m+fp/hard\libc_nano.a(libc_a-nano-vfscanf_i.o)
                0x000000000800fae8                _scanf_chars
 .text._scanf_i
                0x000000000800fb9c      0x1e8 C:/ST/STM32CubeIDE_1.13.1/STM32CubeIDE/plugins/com.st.stm32cube.ide.mcu.externaltools.gnu-tools-for-stm32.11.3.rel1.win32_1.1.0.202305231506/tools/bin/../lib/gcc/arm-none-eabi/11.3.1/../../../../arm-none-eabi/lib/thumb/v7e-m+fp/hard\libc_nano.a(libc_a-nano-vfscanf_i.o)
                0x000000000800fb9c                _scanf_i
 .text.__sflush_r
                0x000000000800fd84      0x10c C:/ST/STM32CubeIDE_1.13.1/STM32CubeIDE/plugins/com.st.stm32cube.ide.mcu.externaltools.gnu-tools-for-stm32.11.3.rel1.win32_1.1.0.202305231506/tools/bin/../lib/gcc/arm-none-eabi/11.3.1/../../../../arm-none-eabi/lib/thumb/v7e-m+fp/hard\libc_nano.a(libc_a-fflush.o)
                0x000000000800fd84                __sflush_r
 .text._fflush_r
                0x000000000800fe90       0x50 C:/ST/STM32CubeIDE_1.13.1/STM32CubeIDE/plugins/com.st.stm32cube.ide.mcu.externaltools.gnu-tools-for-stm32.11.3.rel1.win32_1.1.0.202305231506/tools/bin/../lib/gcc/arm-none-eabi/11.3.1/../../../../arm-none-eabi/lib/thumb/v7e-m+fp/hard\libc_nano.a(libc_a-fflush.o)
                0x000000000800fe90                _fflush_r
 .text.fprintf  0x000000000800fee0       0x24 C:/ST/STM32CubeIDE_1.13.1/STM32CubeIDE/plugins/com.st.stm32cube.ide.mcu.externaltools.gnu-tools-for-stm32.11.3.rel1.win32_1.1.0.202305231506/tools/bin/../lib/gcc/arm-none-eabi/11.3.1/../../../../arm-none-eabi/lib/thumb/v7e-m+fp/hard\libc_nano.a(libc_a-fprintf.o)
                0x000000000800fee0                fiprintf
                0x000000000800fee0                fprintf
 .text.__sccl   0x000000000800ff04       0x72 C:/ST/STM32CubeIDE_1.13.1/STM32CubeIDE/plugins/com.st.stm32cube.ide.mcu.externaltools.gnu-tools-for-stm32.11.3.rel1.win32_1.1.0.202305231506/tools/bin/../lib/gcc/arm-none-eabi/11.3.1/../../../../arm-none-eabi/lib/thumb/v7e-m+fp/hard\libc_nano.a(libc_a-sccl.o)
                0x000000000800ff04                __sccl
 .text.__submore
                0x000000000800ff76       0x74 C:/ST/STM32CubeIDE_1.13.1/STM32CubeIDE/plugins/com.st.stm32cube.ide.mcu.externaltools.gnu-tools-for-stm32.11.3.rel1.win32_1.1.0.202305231506/tools/bin/../lib/gcc/arm-none-eabi/11.3.1/../../../../arm-none-eabi/lib/thumb/v7e-m+fp/hard\libc_nano.a(libc_a-ungetc.o)
                0x000000000800ff76                __submore
 .text.__swbuf_r
                0x000000000800ffea       0x7a C:/ST/STM32CubeIDE_1.13.1/STM32CubeIDE/plugins/com.st.stm32cube.ide.mcu.externaltools.gnu-tools-for-stm32.11.3.rel1.win32_1.1.0.202305231506/tools/bin/../lib/gcc/arm-none-eabi/11.3.1/../../../../arm-none-eabi/lib/thumb/v7e-m+fp/hard\libc_nano.a(libc_a-wbuf.o)
                0x000000000800ffea                __swbuf_r
 .text.__swsetup_r