../Drivers/WIFI/Wifi.c:19:6:Wifi_SendRaw	16	static
../Drivers/WIFI/Wifi.c:33:6:Wifi_SendString	16	static
../Drivers/WIFI/Wifi.c:38:6:Wifi_SendStringAndWait	16	static
../Drivers/WIFI/Wifi.c:46:6:Wifi_WaitForString	64	dynamic
../Drivers/WIFI/Wifi.c:82:6:Wifi_ReturnString	32	static
../Drivers/WIFI/Wifi.c:114:6:Wifi_ReturnStrings	64	dynamic
../Drivers/WIFI/Wifi.c:146:6:Wifi_ReturnInteger	24	static
../Drivers/WIFI/Wifi.c:157:6:Wifi_ReturnFloat	24	static
../Drivers/WIFI/Wifi.c:167:6:Wifi_RemoveChar	24	static
../Drivers/WIFI/Wifi.c:179:6:Wifi_RxClear	8	static
../Drivers/WIFI/Wifi.c:186:6:Wifi_TxClear	8	static
../Drivers/WIFI/Wifi.c:192:6:Wifi_RxCallBack	8	static
../Drivers/WIFI/Wifi.c:279:6:StaticPrint	1176	static
../Drivers/WIFI/Wifi.c:294:6:WifiTask	24	static
../Drivers/WIFI/Wifi.c:345:6:HAL_UART_RxCpltCallback	16	static
../Drivers/WIFI/Wifi.c:355:6:Wifi_Init	56	static
../Drivers/WIFI/Wifi.c:369:6:Wifi_Restart	24	static
../Drivers/WIFI/Wifi.c:390:6:Wifi_DeepSleep	32	static
../Drivers/WIFI/Wifi.c:411:6:Wifi_FactoryReset	24	static
../Drivers/WIFI/Wifi.c:432:6:Wifi_Update	24	static
../Drivers/WIFI/Wifi.c:453:6:Wifi_SetRfPower	32	static
../Drivers/WIFI/Wifi.c:477:6:Wifi_SetMode	32	static
../Drivers/WIFI/Wifi.c:499:6:Wifi_GetMode	24	static
../Drivers/WIFI/Wifi.c:524:6:Wifi_GetMyIp	32	static
../Drivers/WIFI/Wifi.c:567:6:Wifi_Station_ConnectToAp	40	static
../Drivers/WIFI/Wifi.c:591:6:Wifi_Station_Disconnect	24	static
../Drivers/WIFI/Wifi.c:612:6:Wifi_Station_DhcpEnable	32	static
../Drivers/WIFI/Wifi.c:634:6:Wifi_Station_DhcpIsEnable	24	static
../Drivers/WIFI/Wifi.c:676:6:Wifi_Station_SetIp	40	static
../Drivers/WIFI/Wifi.c:705:7:Wifi_SoftAp_GetConnectedDevices	56	static
../Drivers/WIFI/Wifi.c:736:7:Wifi_SoftAp_Create	48	static
../Drivers/WIFI/Wifi.c:760:7:Wifi_TcpIp_GetConnectionStatus	56	static
../Drivers/WIFI/Wifi.c:799:7:Wifi_TcpIp_Ping	32	static
../Drivers/WIFI/Wifi.c:822:7:Wifi_TcpIp_SetMultiConnection	32	static
../Drivers/WIFI/Wifi.c:844:7:Wifi_TcpIp_GetMultiConnection	24	static
../Drivers/WIFI/Wifi.c:869:7:Wifi_TcpIp_StartTcpConnection	40	static
../Drivers/WIFI/Wifi.c:901:7:Wifi_TcpIp_StartUdpConnection	40	static
../Drivers/WIFI/Wifi.c:925:7:Wifi_TcpIp_Close	32	static
../Drivers/WIFI/Wifi.c:949:7:Wifi_TcpIp_SetEnableTcpServer	32	static
../Drivers/WIFI/Wifi.c:981:7:Wifi_TcpIp_SetDisableTcpServer	32	static
../Drivers/WIFI/Wifi.c:1002:7:Wifi_TcpIp_SendDataUdp	32	static
../Drivers/WIFI/Wifi.c:1031:7:Wifi_TcpIp_SendDataTcp	32	static
