../Drivers/Display/GUI_Paint.c:91:6:Paint_NewImage	24	static
../Drivers/Display/GUI_Paint.c:123:6:Paint_SelectImage	16	static
../Drivers/Display/GUI_Paint.c:133:6:Paint_SetRotate	16	static
../Drivers/Display/GUI_Paint.c:141:6:Paint_SetScale	16	static
../Drivers/Display/GUI_Paint.c:160:6:Paint_SetMirroring	16	static
../Drivers/Display/GUI_Paint.c:177:6:Paint_SetPixel	48	static
../Drivers/Display/GUI_Paint.c:254:6:Paint_Clear	40	static
../Drivers/Display/GUI_Paint.c:289:6:Paint_ClearWindows	32	static
../Drivers/Display/GUI_Paint.c:308:6:Paint_DrawPoint	32	static
../Drivers/Display/GUI_Paint.c:347:6:Paint_DrawLine	64	static
../Drivers/Display/GUI_Paint.c:404:6:Paint_DrawRectangle	48	static
../Drivers/Display/GUI_Paint.c:436:6:Paint_DrawCircle	40	static
../Drivers/Display/GUI_Paint.c:505:6:Paint_DrawChar	40	static
../Drivers/Display/GUI_Paint.c:553:6:Paint_DrawString_EN	40	static
../Drivers/Display/GUI_Paint.c:597:6:Paint_DrawString_CN	56	static
../Drivers/Display/GUI_Paint.c:693:6:Paint_DrawNum	560	static
../Drivers/Display/GUI_Paint.c:736:6:Paint_DrawNumDecimals	584	static
../Drivers/Display/GUI_Paint.c:795:6:Paint_DrawTime	48	static
../Drivers/Display/GUI_Paint.c:821:6:Paint_DrawBitMap	24	static
../Drivers/Display/GUI_Paint.c:846:6:Paint_DrawBitMap_Paste	40	static
../Drivers/Display/GUI_Paint.c:940:6:Paint_DrawBitMap_Block	24	static
